[2020-11-20T12:29:50.563+0000][gc,heap] Heap region size: 1M
[2020-11-20T12:29:50.579+0000][gc     ] Using G1
[2020-11-20T12:29:50.579+0000][gc,heap,coops] Heap address: 0x00000000c0000000, size: 1024 MB, Compressed Oops mode: 32-bit
[2020-11-20T12:29:50.580+0000][gc,cds       ] Mark closed archive regions in map: [0x00000000ffe00000, 0x00000000ffe6aff8]
[2020-11-20T12:29:50.580+0000][gc,cds       ] Mark open archive regions in map: [0x00000000ffc00000, 0x00000000ffc46ff8]
[2020-11-20T12:29:51.804+0000][gc,start     ] GC(0) Pause Young (Normal) (G1 Evacuation Pause)
[2020-11-20T12:29:51.805+0000][gc,task      ] GC(0) Using 8 workers of 8 for evacuation
[2020-11-20T12:29:51.817+0000][gc,phases    ] GC(0)   Pre Evacuate Collection Set: 0.0ms
[2020-11-20T12:29:51.817+0000][gc,phases    ] GC(0)   Evacuate Collection Set: 10.7ms
[2020-11-20T12:29:51.817+0000][gc,phases    ] GC(0)   Post Evacuate Collection Set: 0.9ms
[2020-11-20T12:29:51.817+0000][gc,phases    ] GC(0)   Other: 1.6ms
[2020-11-20T12:29:51.817+0000][gc,heap      ] GC(0) Eden regions: 51->0(44)
[2020-11-20T12:29:51.817+0000][gc,heap      ] GC(0) Survivor regions: 0->7(7)
[2020-11-20T12:29:51.817+0000][gc,heap      ] GC(0) Old regions: 2->2
[2020-11-20T12:29:51.817+0000][gc,heap      ] GC(0) Humongous regions: 0->0
[2020-11-20T12:29:51.817+0000][gc,metaspace ] GC(0) Metaspace: 15465K->15465K(1062912K)
[2020-11-20T12:29:51.817+0000][gc           ] GC(0) Pause Young (Normal) (G1 Evacuation Pause) 51M->7M(1024M) 13.355ms
[2020-11-20T12:29:51.817+0000][gc,cpu       ] GC(0) User=0.05s Sys=0.04s Real=0.01s
[2020-11-20T12:29:52.286+0000][gc,start     ] GC(1) Pause Young (Concurrent Start) (Metadata GC Threshold)
[2020-11-20T12:29:52.286+0000][gc,task      ] GC(1) Using 8 workers of 8 for evacuation
[2020-11-20T12:29:52.298+0000][gc,phases    ] GC(1)   Pre Evacuate Collection Set: 0.1ms
[2020-11-20T12:29:52.298+0000][gc,phases    ] GC(1)   Evacuate Collection Set: 10.0ms
[2020-11-20T12:29:52.298+0000][gc,phases    ] GC(1)   Post Evacuate Collection Set: 0.7ms
[2020-11-20T12:29:52.298+0000][gc,phases    ] GC(1)   Other: 0.6ms
[2020-11-20T12:29:52.298+0000][gc,heap      ] GC(1) Eden regions: 22->0(49)
[2020-11-20T12:29:52.298+0000][gc,heap      ] GC(1) Survivor regions: 7->2(7)
[2020-11-20T12:29:52.298+0000][gc,heap      ] GC(1) Old regions: 2->9
[2020-11-20T12:29:52.298+0000][gc,heap      ] GC(1) Humongous regions: 129->129
[2020-11-20T12:29:52.298+0000][gc,metaspace ] GC(1) Metaspace: 20494K->20494K(1067008K)
[2020-11-20T12:29:52.298+0000][gc           ] GC(1) Pause Young (Concurrent Start) (Metadata GC Threshold) 157M->137M(1024M) 11.491ms
[2020-11-20T12:29:52.298+0000][gc,cpu       ] GC(1) User=0.05s Sys=0.00s Real=0.01s
[2020-11-20T12:29:52.298+0000][gc           ] GC(2) Concurrent Cycle
[2020-11-20T12:29:52.298+0000][gc,marking   ] GC(2) Concurrent Clear Claimed Marks
[2020-11-20T12:29:52.298+0000][gc,marking   ] GC(2) Concurrent Clear Claimed Marks 0.027ms
[2020-11-20T12:29:52.298+0000][gc,marking   ] GC(2) Concurrent Scan Root Regions
[2020-11-20T12:29:52.299+0000][gc,marking   ] GC(2) Concurrent Scan Root Regions 1.181ms
[2020-11-20T12:29:52.299+0000][gc,marking   ] GC(2) Concurrent Mark (1.739s)
[2020-11-20T12:29:52.299+0000][gc,marking   ] GC(2) Concurrent Mark From Roots
[2020-11-20T12:29:52.299+0000][gc,task      ] GC(2) Using 2 workers of 2 for marking
[2020-11-20T12:29:52.308+0000][gc,marking   ] GC(2) Concurrent Mark From Roots 9.240ms
[2020-11-20T12:29:52.308+0000][gc,marking   ] GC(2) Concurrent Preclean
[2020-11-20T12:29:52.308+0000][gc,marking   ] GC(2) Concurrent Preclean 0.184ms
[2020-11-20T12:29:52.308+0000][gc,marking   ] GC(2) Concurrent Mark (1.739s, 1.749s) 9.492ms
[2020-11-20T12:29:52.309+0000][gc,start     ] GC(2) Pause Remark
[2020-11-20T12:29:52.311+0000][gc,stringtable] GC(2) Cleaned string and symbol table, strings: 5032 processed, 0 removed, symbols: 50914 processed, 43 removed
[2020-11-20T12:29:52.312+0000][gc            ] GC(2) Pause Remark 138M->138M(1024M) 2.441ms
[2020-11-20T12:29:52.312+0000][gc,cpu        ] GC(2) User=0.01s Sys=0.00s Real=0.00s
[2020-11-20T12:29:52.312+0000][gc,marking    ] GC(2) Concurrent Rebuild Remembered Sets
[2020-11-20T12:29:52.315+0000][gc,marking    ] GC(2) Concurrent Rebuild Remembered Sets 3.546ms
[2020-11-20T12:29:52.316+0000][gc,start      ] GC(2) Pause Cleanup
[2020-11-20T12:29:52.316+0000][gc            ] GC(2) Pause Cleanup 138M->138M(1024M) 0.318ms
[2020-11-20T12:29:52.316+0000][gc,cpu        ] GC(2) User=0.00s Sys=0.00s Real=0.00s
[2020-11-20T12:29:52.316+0000][gc,marking    ] GC(2) Concurrent Cleanup for Next Mark
[2020-11-20T12:29:52.324+0000][gc,marking    ] GC(2) Concurrent Cleanup for Next Mark 8.033ms
[2020-11-20T12:29:52.324+0000][gc            ] GC(2) Concurrent Cycle 26.324ms
[2020-11-20T12:29:52.996+0000][gc,start      ] GC(3) Pause Young (Concurrent Start) (G1 Evacuation Pause)
[2020-11-20T12:29:52.996+0000][gc,task       ] GC(3) Using 8 workers of 8 for evacuation
[2020-11-20T12:29:53.002+0000][gc,phases     ] GC(3)   Pre Evacuate Collection Set: 0.1ms
[2020-11-20T12:29:53.002+0000][gc,phases     ] GC(3)   Evacuate Collection Set: 4.5ms
[2020-11-20T12:29:53.002+0000][gc,phases     ] GC(3)   Post Evacuate Collection Set: 0.7ms
[2020-11-20T12:29:53.002+0000][gc,phases     ] GC(3)   Other: 0.6ms
[2020-11-20T12:29:53.002+0000][gc,heap       ] GC(3) Eden regions: 49->0(46)
[2020-11-20T12:29:53.002+0000][gc,heap       ] GC(3) Survivor regions: 2->5(7)
[2020-11-20T12:29:53.002+0000][gc,heap       ] GC(3) Old regions: 9->9
[2020-11-20T12:29:53.002+0000][gc,heap       ] GC(3) Humongous regions: 129->129
[2020-11-20T12:29:53.002+0000][gc,metaspace  ] GC(3) Metaspace: 30213K->30213K(1077248K)
[2020-11-20T12:29:53.002+0000][gc            ] GC(3) Pause Young (Concurrent Start) (G1 Evacuation Pause) 186M->140M(1024M) 6.073ms
[2020-11-20T12:29:53.002+0000][gc,cpu        ] GC(3) User=0.04s Sys=0.00s Real=0.01s
[2020-11-20T12:29:53.002+0000][gc            ] GC(4) Concurrent Cycle
[2020-11-20T12:29:53.002+0000][gc,marking    ] GC(4) Concurrent Clear Claimed Marks
[2020-11-20T12:29:53.002+0000][gc,marking    ] GC(4) Concurrent Clear Claimed Marks 0.032ms
[2020-11-20T12:29:53.002+0000][gc,marking    ] GC(4) Concurrent Scan Root Regions
[2020-11-20T12:29:53.004+0000][gc,marking    ] GC(4) Concurrent Scan Root Regions 1.967ms
[2020-11-20T12:29:53.004+0000][gc,marking    ] GC(4) Concurrent Mark (2.445s)
[2020-11-20T12:29:53.004+0000][gc,marking    ] GC(4) Concurrent Mark From Roots
[2020-11-20T12:29:53.004+0000][gc,task       ] GC(4) Using 2 workers of 2 for marking
[2020-11-20T12:29:53.016+0000][gc,marking    ] GC(4) Concurrent Mark From Roots 11.764ms
[2020-11-20T12:29:53.016+0000][gc,marking    ] GC(4) Concurrent Preclean
[2020-11-20T12:29:53.016+0000][gc,marking    ] GC(4) Concurrent Preclean 0.208ms
[2020-11-20T12:29:53.016+0000][gc,marking    ] GC(4) Concurrent Mark (2.445s, 2.457s) 12.052ms
[2020-11-20T12:29:53.017+0000][gc,start      ] GC(4) Pause Remark
[2020-11-20T12:29:53.020+0000][gc,stringtable] GC(4) Cleaned string and symbol table, strings: 9219 processed, 10 removed, symbols: 75106 processed, 17 removed
[2020-11-20T12:29:53.020+0000][gc            ] GC(4) Pause Remark 142M->142M(1024M) 3.450ms
[2020-11-20T12:29:53.020+0000][gc,cpu        ] GC(4) User=0.03s Sys=0.00s Real=0.01s
[2020-11-20T12:29:53.020+0000][gc,marking    ] GC(4) Concurrent Rebuild Remembered Sets
[2020-11-20T12:29:53.026+0000][gc,marking    ] GC(4) Concurrent Rebuild Remembered Sets 5.100ms
[2020-11-20T12:29:53.027+0000][gc,start      ] GC(4) Pause Cleanup
[2020-11-20T12:29:53.027+0000][gc            ] GC(4) Pause Cleanup 142M->142M(1024M) 0.326ms
[2020-11-20T12:29:53.027+0000][gc,cpu        ] GC(4) User=0.00s Sys=0.00s Real=0.00s
[2020-11-20T12:29:53.027+0000][gc,marking    ] GC(4) Concurrent Cleanup for Next Mark
[2020-11-20T12:29:53.038+0000][gc,marking    ] GC(4) Concurrent Cleanup for Next Mark 10.753ms
[2020-11-20T12:29:53.038+0000][gc            ] GC(4) Concurrent Cycle 35.838ms
[2020-11-20T12:30:26.653+0000][gc,start      ] GC(5) Pause Young (Normal) (G1 Evacuation Pause)
[2020-11-20T12:30:26.653+0000][gc,task       ] GC(5) Using 8 workers of 8 for evacuation
[2020-11-20T12:30:26.664+0000][gc,phases     ] GC(5)   Pre Evacuate Collection Set: 0.0ms
[2020-11-20T12:30:26.664+0000][gc,phases     ] GC(5)   Evacuate Collection Set: 9.3ms
[2020-11-20T12:30:26.664+0000][gc,phases     ] GC(5)   Post Evacuate Collection Set: 1.8ms
[2020-11-20T12:30:26.664+0000][gc,phases     ] GC(5)   Other: 0.4ms
[2020-11-20T12:30:26.664+0000][gc,heap       ] GC(5) Eden regions: 46->0(44)
[2020-11-20T12:30:26.664+0000][gc,heap       ] GC(5) Survivor regions: 5->7(7)
[2020-11-20T12:30:26.664+0000][gc,heap       ] GC(5) Old regions: 9->10
[2020-11-20T12:30:26.664+0000][gc,heap       ] GC(5) Humongous regions: 129->129
[2020-11-20T12:30:26.664+0000][gc,metaspace  ] GC(5) Metaspace: 37661K->37661K(1083392K)
[2020-11-20T12:30:26.665+0000][gc            ] GC(5) Pause Young (Normal) (G1 Evacuation Pause) 186M->143M(1024M) 11.783ms
[2020-11-20T12:30:26.665+0000][gc,cpu        ] GC(5) User=0.06s Sys=0.01s Real=0.01s
[2020-11-20T12:35:00.182+0000][gc,heap,exit  ] Heap
[2020-11-20T12:35:00.182+0000][gc,heap,exit  ]  garbage-first heap   total 1048576K, used 164185K [0x00000000c0000000, 0x0000000100000000)
[2020-11-20T12:35:00.182+0000][gc,heap,exit  ]   region size 1024K, 25 young (25600K), 7 survivors (7168K)
[2020-11-20T12:35:00.182+0000][gc,heap,exit  ]  Metaspace       used 38905K, capacity 40893K, committed 41216K, reserved 1085440K
[2020-11-20T12:35:00.182+0000][gc,heap,exit  ]   class space    used 4837K, capacity 5805K, committed 5888K, reserved 1048576K
