[2020-11-20T12:47:57.054+0000][gc,heap] Heap region size: 1M
[2020-11-20T12:47:57.070+0000][gc     ] Using G1
[2020-11-20T12:47:57.070+0000][gc,heap,coops] Heap address: 0x00000000c0000000, size: 1024 MB, Compressed Oops mode: 32-bit
[2020-11-20T12:47:57.071+0000][gc,cds       ] Mark closed archive regions in map: [0x00000000ffe00000, 0x00000000ffe6aff8]
[2020-11-20T12:47:57.071+0000][gc,cds       ] Mark open archive regions in map: [0x00000000ffc00000, 0x00000000ffc46ff8]
[2020-11-20T12:47:58.308+0000][gc,start     ] GC(0) Pause Young (Normal) (G1 Evacuation Pause)
[2020-11-20T12:47:58.309+0000][gc,task      ] GC(0) Using 8 workers of 8 for evacuation
[2020-11-20T12:47:58.321+0000][gc,phases    ] GC(0)   Pre Evacuate Collection Set: 0.0ms
[2020-11-20T12:47:58.321+0000][gc,phases    ] GC(0)   Evacuate Collection Set: 10.1ms
[2020-11-20T12:47:58.321+0000][gc,phases    ] GC(0)   Post Evacuate Collection Set: 1.0ms
[2020-11-20T12:47:58.321+0000][gc,phases    ] GC(0)   Other: 1.7ms
[2020-11-20T12:47:58.321+0000][gc,heap      ] GC(0) Eden regions: 51->0(44)
[2020-11-20T12:47:58.321+0000][gc,heap      ] GC(0) Survivor regions: 0->7(7)
[2020-11-20T12:47:58.321+0000][gc,heap      ] GC(0) Old regions: 2->2
[2020-11-20T12:47:58.321+0000][gc,heap      ] GC(0) Humongous regions: 0->0
[2020-11-20T12:47:58.321+0000][gc,metaspace ] GC(0) Metaspace: 15459K->15459K(1062912K)
[2020-11-20T12:47:58.321+0000][gc           ] GC(0) Pause Young (Normal) (G1 Evacuation Pause) 51M->6M(1024M) 12.946ms
[2020-11-20T12:47:58.321+0000][gc,cpu       ] GC(0) User=0.05s Sys=0.03s Real=0.01s
[2020-11-20T12:47:58.653+0000][gc,start     ] GC(1) Pause Young (Concurrent Start) (Metadata GC Threshold)
[2020-11-20T12:47:58.653+0000][gc,task      ] GC(1) Using 8 workers of 8 for evacuation
[2020-11-20T12:47:58.670+0000][gc,phases    ] GC(1)   Pre Evacuate Collection Set: 0.1ms
[2020-11-20T12:47:58.671+0000][gc,phases    ] GC(1)   Evacuate Collection Set: 15.8ms
[2020-11-20T12:47:58.671+0000][gc,phases    ] GC(1)   Post Evacuate Collection Set: 0.7ms
[2020-11-20T12:47:58.671+0000][gc,phases    ] GC(1)   Other: 0.6ms
[2020-11-20T12:47:58.671+0000][gc,heap      ] GC(1) Eden regions: 21->0(49)
[2020-11-20T12:47:58.671+0000][gc,heap      ] GC(1) Survivor regions: 7->2(7)
[2020-11-20T12:47:58.671+0000][gc,heap      ] GC(1) Old regions: 2->9
[2020-11-20T12:47:58.671+0000][gc,heap      ] GC(1) Humongous regions: 0->0
[2020-11-20T12:47:58.671+0000][gc,metaspace ] GC(1) Metaspace: 20578K->20578K(1067008K)
[2020-11-20T12:47:58.671+0000][gc           ] GC(1) Pause Young (Concurrent Start) (Metadata GC Threshold) 27M->7M(1024M) 17.298ms
[2020-11-20T12:47:58.671+0000][gc,cpu       ] GC(1) User=0.08s Sys=0.03s Real=0.02s
[2020-11-20T12:47:58.671+0000][gc           ] GC(2) Concurrent Cycle
[2020-11-20T12:47:58.671+0000][gc,marking   ] GC(2) Concurrent Clear Claimed Marks
[2020-11-20T12:47:58.671+0000][gc,marking   ] GC(2) Concurrent Clear Claimed Marks 0.027ms
[2020-11-20T12:47:58.671+0000][gc,marking   ] GC(2) Concurrent Scan Root Regions
[2020-11-20T12:47:58.672+0000][gc,marking   ] GC(2) Concurrent Scan Root Regions 1.581ms
[2020-11-20T12:47:58.672+0000][gc,marking   ] GC(2) Concurrent Mark (1.623s)
[2020-11-20T12:47:58.672+0000][gc,marking   ] GC(2) Concurrent Mark From Roots
[2020-11-20T12:47:58.672+0000][gc,task      ] GC(2) Using 2 workers of 2 for marking
[2020-11-20T12:47:58.678+0000][gc,marking   ] GC(2) Concurrent Mark From Roots 6.068ms
[2020-11-20T12:47:58.678+0000][gc,marking   ] GC(2) Concurrent Preclean
[2020-11-20T12:47:58.679+0000][gc,marking   ] GC(2) Concurrent Preclean 0.164ms
[2020-11-20T12:47:58.679+0000][gc,marking   ] GC(2) Concurrent Mark (1.623s, 1.629s) 6.296ms
[2020-11-20T12:47:58.679+0000][gc,start     ] GC(2) Pause Remark
[2020-11-20T12:47:58.681+0000][gc,stringtable] GC(2) Cleaned string and symbol table, strings: 4956 processed, 0 removed, symbols: 51300 processed, 47 removed
[2020-11-20T12:47:58.681+0000][gc            ] GC(2) Pause Remark 8M->8M(1024M) 2.173ms
[2020-11-20T12:47:58.681+0000][gc,cpu        ] GC(2) User=0.01s Sys=0.01s Real=0.00s
[2020-11-20T12:47:58.681+0000][gc,marking    ] GC(2) Concurrent Rebuild Remembered Sets
[2020-11-20T12:47:58.684+0000][gc,marking    ] GC(2) Concurrent Rebuild Remembered Sets 3.050ms
[2020-11-20T12:47:58.685+0000][gc,start      ] GC(2) Pause Cleanup
[2020-11-20T12:47:58.685+0000][gc            ] GC(2) Pause Cleanup 8M->8M(1024M) 0.341ms
[2020-11-20T12:47:58.685+0000][gc,cpu        ] GC(2) User=0.00s Sys=0.00s Real=0.00s
[2020-11-20T12:47:58.685+0000][gc,marking    ] GC(2) Concurrent Cleanup for Next Mark
[2020-11-20T12:47:58.693+0000][gc,marking    ] GC(2) Concurrent Cleanup for Next Mark 8.125ms
[2020-11-20T12:47:58.693+0000][gc            ] GC(2) Concurrent Cycle 22.550ms
[2020-11-20T12:47:59.744+0000][gc,start      ] GC(3) Pause Young (Normal) (G1 Evacuation Pause)
[2020-11-20T12:47:59.744+0000][gc,task       ] GC(3) Using 8 workers of 8 for evacuation
[2020-11-20T12:47:59.749+0000][gc,phases     ] GC(3)   Pre Evacuate Collection Set: 0.0ms
[2020-11-20T12:47:59.749+0000][gc,phases     ] GC(3)   Evacuate Collection Set: 4.5ms
[2020-11-20T12:47:59.749+0000][gc,phases     ] GC(3)   Post Evacuate Collection Set: 0.8ms
[2020-11-20T12:47:59.749+0000][gc,phases     ] GC(3)   Other: 0.3ms
[2020-11-20T12:47:59.749+0000][gc,heap       ] GC(3) Eden regions: 49->0(46)
[2020-11-20T12:47:59.749+0000][gc,heap       ] GC(3) Survivor regions: 2->5(7)
[2020-11-20T12:47:59.749+0000][gc,heap       ] GC(3) Old regions: 9->9
[2020-11-20T12:47:59.749+0000][gc,heap       ] GC(3) Humongous regions: 129->129
[2020-11-20T12:47:59.749+0000][gc,metaspace  ] GC(3) Metaspace: 28555K->28555K(1075200K)
[2020-11-20T12:47:59.749+0000][gc            ] GC(3) Pause Young (Normal) (G1 Evacuation Pause) 185M->140M(1024M) 5.764ms
[2020-11-20T12:47:59.749+0000][gc,cpu        ] GC(3) User=0.03s Sys=0.00s Real=0.01s
[2020-11-20T12:48:00.083+0000][gc,start      ] GC(4) Pause Young (Concurrent Start) (Metadata GC Threshold)
[2020-11-20T12:48:00.083+0000][gc,task       ] GC(4) Using 8 workers of 8 for evacuation
[2020-11-20T12:48:00.090+0000][gc,phases     ] GC(4)   Pre Evacuate Collection Set: 0.1ms
[2020-11-20T12:48:00.090+0000][gc,phases     ] GC(4)   Evacuate Collection Set: 6.1ms
[2020-11-20T12:48:00.090+0000][gc,phases     ] GC(4)   Post Evacuate Collection Set: 0.7ms
[2020-11-20T12:48:00.090+0000][gc,phases     ] GC(4)   Other: 0.6ms
[2020-11-20T12:48:00.090+0000][gc,heap       ] GC(4) Eden regions: 27->0(49)
[2020-11-20T12:48:00.090+0000][gc,heap       ] GC(4) Survivor regions: 5->2(7)
[2020-11-20T12:48:00.090+0000][gc,heap       ] GC(4) Old regions: 9->13
[2020-11-20T12:48:00.090+0000][gc,heap       ] GC(4) Humongous regions: 129->129
[2020-11-20T12:48:00.090+0000][gc,metaspace  ] GC(4) Metaspace: 34546K->34546K(1081344K)
[2020-11-20T12:48:00.090+0000][gc            ] GC(4) Pause Young (Concurrent Start) (Metadata GC Threshold) 166M->141M(1024M) 7.625ms
[2020-11-20T12:48:00.090+0000][gc,cpu        ] GC(4) User=0.04s Sys=0.00s Real=0.01s
[2020-11-20T12:48:00.090+0000][gc            ] GC(5) Concurrent Cycle
[2020-11-20T12:48:00.090+0000][gc,marking    ] GC(5) Concurrent Clear Claimed Marks
[2020-11-20T12:48:00.090+0000][gc,marking    ] GC(5) Concurrent Clear Claimed Marks 0.047ms
[2020-11-20T12:48:00.090+0000][gc,marking    ] GC(5) Concurrent Scan Root Regions
[2020-11-20T12:48:00.092+0000][gc,marking    ] GC(5) Concurrent Scan Root Regions 1.271ms
[2020-11-20T12:48:00.092+0000][gc,marking    ] GC(5) Concurrent Mark (3.042s)
[2020-11-20T12:48:00.092+0000][gc,marking    ] GC(5) Concurrent Mark From Roots
[2020-11-20T12:48:00.092+0000][gc,task       ] GC(5) Using 2 workers of 2 for marking
[2020-11-20T12:48:00.109+0000][gc,marking    ] GC(5) Concurrent Mark From Roots 16.714ms
[2020-11-20T12:48:00.109+0000][gc,marking    ] GC(5) Concurrent Preclean
[2020-11-20T12:48:00.109+0000][gc,marking    ] GC(5) Concurrent Preclean 0.220ms
[2020-11-20T12:48:00.109+0000][gc,marking    ] GC(5) Concurrent Mark (3.042s, 3.059s) 16.999ms
[2020-11-20T12:48:00.109+0000][gc,start      ] GC(5) Pause Remark
[2020-11-20T12:48:00.114+0000][gc,stringtable] GC(5) Cleaned string and symbol table, strings: 10092 processed, 10 removed, symbols: 80622 processed, 13 removed
[2020-11-20T12:48:00.114+0000][gc            ] GC(5) Pause Remark 142M->142M(1024M) 5.163ms
[2020-11-20T12:48:00.114+0000][gc,cpu        ] GC(5) User=0.03s Sys=0.00s Real=0.00s
[2020-11-20T12:48:00.114+0000][gc,marking    ] GC(5) Concurrent Rebuild Remembered Sets
[2020-11-20T12:48:00.121+0000][gc,marking    ] GC(5) Concurrent Rebuild Remembered Sets 6.323ms
[2020-11-20T12:48:00.121+0000][gc,start      ] GC(5) Pause Cleanup
[2020-11-20T12:48:00.121+0000][gc            ] GC(5) Pause Cleanup 143M->143M(1024M) 0.400ms
[2020-11-20T12:48:00.121+0000][gc,cpu        ] GC(5) User=0.01s Sys=0.00s Real=0.00s
[2020-11-20T12:48:00.121+0000][gc,marking    ] GC(5) Concurrent Cleanup for Next Mark
[2020-11-20T12:48:00.130+0000][gc,marking    ] GC(5) Concurrent Cleanup for Next Mark 8.515ms
[2020-11-20T12:48:00.130+0000][gc            ] GC(5) Concurrent Cycle 39.651ms
[2020-11-20T13:04:59.419+0000][gc,start      ] GC(6) Pause Young (Normal) (G1 Evacuation Pause)
[2020-11-20T13:04:59.420+0000][gc,task       ] GC(6) Using 8 workers of 8 for evacuation
[2020-11-20T13:04:59.424+0000][gc,phases     ] GC(6)   Pre Evacuate Collection Set: 0.1ms
[2020-11-20T13:04:59.424+0000][gc,phases     ] GC(6)   Evacuate Collection Set: 3.4ms
[2020-11-20T13:04:59.424+0000][gc,phases     ] GC(6)   Post Evacuate Collection Set: 0.9ms
[2020-11-20T13:04:59.424+0000][gc,phases     ] GC(6)   Other: 0.3ms
[2020-11-20T13:04:59.424+0000][gc,heap       ] GC(6) Eden regions: 49->0(47)
[2020-11-20T13:04:59.424+0000][gc,heap       ] GC(6) Survivor regions: 2->4(7)
[2020-11-20T13:04:59.424+0000][gc,heap       ] GC(6) Old regions: 13->13
[2020-11-20T13:04:59.424+0000][gc,heap       ] GC(6) Humongous regions: 141->129
[2020-11-20T13:04:59.424+0000][gc,metaspace  ] GC(6) Metaspace: 38405K->38405K(1083392K)
[2020-11-20T13:04:59.424+0000][gc            ] GC(6) Pause Young (Normal) (G1 Evacuation Pause) 202M->143M(1024M) 4.765ms
[2020-11-20T13:04:59.424+0000][gc,cpu        ] GC(6) User=0.03s Sys=0.00s Real=0.00s
[2020-11-20T13:34:40.398+0000][gc,start      ] GC(7) Pause Young (Normal) (G1 Evacuation Pause)
[2020-11-20T13:34:40.398+0000][gc,task       ] GC(7) Using 8 workers of 8 for evacuation
[2020-11-20T13:34:40.408+0000][gc,phases     ] GC(7)   Pre Evacuate Collection Set: 0.0ms
[2020-11-20T13:34:40.408+0000][gc,phases     ] GC(7)   Evacuate Collection Set: 4.2ms
[2020-11-20T13:34:40.408+0000][gc,phases     ] GC(7)   Post Evacuate Collection Set: 5.3ms
[2020-11-20T13:34:40.408+0000][gc,phases     ] GC(7)   Other: 0.4ms
[2020-11-20T13:34:40.408+0000][gc,heap       ] GC(7) Eden regions: 47->0(46)
[2020-11-20T13:34:40.408+0000][gc,heap       ] GC(7) Survivor regions: 4->5(7)
[2020-11-20T13:34:40.408+0000][gc,heap       ] GC(7) Old regions: 13->13
[2020-11-20T13:34:40.408+0000][gc,heap       ] GC(7) Humongous regions: 129->129
[2020-11-20T13:34:40.408+0000][gc,metaspace  ] GC(7) Metaspace: 39298K->39298K(1085440K)
[2020-11-20T13:34:40.408+0000][gc            ] GC(7) Pause Young (Normal) (G1 Evacuation Pause) 190M->144M(1024M) 10.122ms
[2020-11-20T13:34:40.408+0000][gc,cpu        ] GC(7) User=0.07s Sys=0.00s Real=0.01s
[2020-11-20T13:48:30.359+0000][gc,start      ] GC(8) Pause Young (Normal) (G1 Evacuation Pause)
[2020-11-20T13:48:30.359+0000][gc,task       ] GC(8) Using 8 workers of 8 for evacuation
[2020-11-20T13:48:30.366+0000][gc,phases     ] GC(8)   Pre Evacuate Collection Set: 0.0ms
[2020-11-20T13:48:30.366+0000][gc,phases     ] GC(8)   Evacuate Collection Set: 4.0ms
[2020-11-20T13:48:30.366+0000][gc,phases     ] GC(8)   Post Evacuate Collection Set: 2.6ms
[2020-11-20T13:48:30.367+0000][gc,phases     ] GC(8)   Other: 0.3ms
[2020-11-20T13:48:30.367+0000][gc,heap       ] GC(8) Eden regions: 46->0(47)
[2020-11-20T13:48:30.367+0000][gc,heap       ] GC(8) Survivor regions: 5->4(7)
[2020-11-20T13:48:30.367+0000][gc,heap       ] GC(8) Old regions: 13->14
[2020-11-20T13:48:30.367+0000][gc,heap       ] GC(8) Humongous regions: 129->129
[2020-11-20T13:48:30.367+0000][gc,metaspace  ] GC(8) Metaspace: 39470K->39470K(1085440K)
[2020-11-20T13:48:30.367+0000][gc            ] GC(8) Pause Young (Normal) (G1 Evacuation Pause) 190M->144M(1024M) 7.167ms
[2020-11-20T13:48:30.367+0000][gc,cpu        ] GC(8) User=0.04s Sys=0.00s Real=0.01s
[2020-11-20T14:04:25.168+0000][gc,start      ] GC(9) Pause Young (Normal) (G1 Evacuation Pause)
[2020-11-20T14:04:25.168+0000][gc,task       ] GC(9) Using 8 workers of 8 for evacuation
[2020-11-20T14:04:25.173+0000][gc,phases     ] GC(9)   Pre Evacuate Collection Set: 0.1ms
[2020-11-20T14:04:25.173+0000][gc,phases     ] GC(9)   Evacuate Collection Set: 3.5ms
[2020-11-20T14:04:25.173+0000][gc,phases     ] GC(9)   Post Evacuate Collection Set: 0.9ms
[2020-11-20T14:04:25.173+0000][gc,phases     ] GC(9)   Other: 0.4ms
[2020-11-20T14:04:25.173+0000][gc,heap       ] GC(9) Eden regions: 47->0(51)
[2020-11-20T14:04:25.173+0000][gc,heap       ] GC(9) Survivor regions: 4->5(7)
[2020-11-20T14:04:25.173+0000][gc,heap       ] GC(9) Old regions: 14->14
[2020-11-20T14:04:25.173+0000][gc,heap       ] GC(9) Humongous regions: 129->129
[2020-11-20T14:04:25.173+0000][gc,metaspace  ] GC(9) Metaspace: 39516K->39516K(1085440K)
[2020-11-20T14:04:25.173+0000][gc            ] GC(9) Pause Young (Normal) (G1 Evacuation Pause) 191M->145M(1024M) 4.976ms
[2020-11-20T14:04:25.173+0000][gc,cpu        ] GC(9) User=0.02s Sys=0.00s Real=0.00s
[2020-11-20T14:21:35.359+0000][gc,start      ] GC(10) Pause Young (Normal) (G1 Evacuation Pause)
[2020-11-20T14:21:35.360+0000][gc,task       ] GC(10) Using 8 workers of 8 for evacuation
[2020-11-20T14:21:35.364+0000][gc,phases     ] GC(10)   Pre Evacuate Collection Set: 0.1ms
[2020-11-20T14:21:35.364+0000][gc,phases     ] GC(10)   Evacuate Collection Set: 3.5ms
[2020-11-20T14:21:35.364+0000][gc,phases     ] GC(10)   Post Evacuate Collection Set: 0.8ms
[2020-11-20T14:21:35.364+0000][gc,phases     ] GC(10)   Other: 0.4ms
[2020-11-20T14:21:35.364+0000][gc,heap       ] GC(10) Eden regions: 51->0(71)
[2020-11-20T14:21:35.364+0000][gc,heap       ] GC(10) Survivor regions: 5->3(7)
[2020-11-20T14:21:35.364+0000][gc,heap       ] GC(10) Old regions: 14->16
[2020-11-20T14:21:35.364+0000][gc,heap       ] GC(10) Humongous regions: 129->129
[2020-11-20T14:21:35.364+0000][gc,metaspace  ] GC(10) Metaspace: 39533K->39533K(1085440K)
[2020-11-20T14:21:35.364+0000][gc            ] GC(10) Pause Young (Normal) (G1 Evacuation Pause) 196M->145M(1024M) 4.868ms
[2020-11-20T14:21:35.364+0000][gc,cpu        ] GC(10) User=0.03s Sys=0.00s Real=0.00s
[2020-11-20T14:46:29.163+0000][gc,start      ] GC(11) Pause Young (Normal) (G1 Evacuation Pause)
[2020-11-20T14:46:29.163+0000][gc,task       ] GC(11) Using 8 workers of 8 for evacuation
[2020-11-20T14:46:29.168+0000][gc,phases     ] GC(11)   Pre Evacuate Collection Set: 0.1ms
[2020-11-20T14:46:29.168+0000][gc,phases     ] GC(11)   Evacuate Collection Set: 2.8ms
[2020-11-20T14:46:29.168+0000][gc,phases     ] GC(11)   Post Evacuate Collection Set: 2.0ms
[2020-11-20T14:46:29.168+0000][gc,phases     ] GC(11)   Other: 0.4ms
[2020-11-20T14:46:29.168+0000][gc,heap       ] GC(11) Eden regions: 71->0(163)
[2020-11-20T14:46:29.168+0000][gc,heap       ] GC(11) Survivor regions: 3->3(10)
[2020-11-20T14:46:29.168+0000][gc,heap       ] GC(11) Old regions: 16->16
[2020-11-20T14:46:29.168+0000][gc,heap       ] GC(11) Humongous regions: 129->129
[2020-11-20T14:46:29.168+0000][gc,metaspace  ] GC(11) Metaspace: 39561K->39561K(1085440K)
[2020-11-20T14:46:29.168+0000][gc            ] GC(11) Pause Young (Normal) (G1 Evacuation Pause) 216M->144M(1024M) 5.370ms
[2020-11-20T14:46:29.169+0000][gc,cpu        ] GC(11) User=0.03s Sys=0.00s Real=0.01s
[2020-11-20T15:43:08.179+0000][gc,start      ] GC(12) Pause Young (Normal) (G1 Evacuation Pause)
[2020-11-20T15:43:08.179+0000][gc,task       ] GC(12) Using 8 workers of 8 for evacuation
[2020-11-20T15:43:08.186+0000][gc,phases     ] GC(12)   Pre Evacuate Collection Set: 0.1ms
[2020-11-20T15:43:08.186+0000][gc,phases     ] GC(12)   Evacuate Collection Set: 4.0ms
[2020-11-20T15:43:08.186+0000][gc,phases     ] GC(12)   Post Evacuate Collection Set: 2.9ms
[2020-11-20T15:43:08.187+0000][gc,phases     ] GC(12)   Other: 0.5ms
[2020-11-20T15:43:08.187+0000][gc,heap       ] GC(12) Eden regions: 163->0(611)
[2020-11-20T15:43:08.187+0000][gc,heap       ] GC(12) Survivor regions: 3->3(21)
[2020-11-20T15:43:08.187+0000][gc,heap       ] GC(12) Old regions: 16->16
[2020-11-20T15:43:08.187+0000][gc,heap       ] GC(12) Humongous regions: 129->129
[2020-11-20T15:43:08.187+0000][gc,metaspace  ] GC(12) Metaspace: 39631K->39631K(1085440K)
[2020-11-20T15:43:08.187+0000][gc            ] GC(12) Pause Young (Normal) (G1 Evacuation Pause) 307M->145M(1024M) 7.655ms
[2020-11-20T15:43:08.187+0000][gc,cpu        ] GC(12) User=0.00s Sys=0.05s Real=0.01s
[2020-11-20T21:53:50.359+0000][gc,start      ] GC(13) Pause Young (Normal) (G1 Evacuation Pause)
[2020-11-20T21:53:50.359+0000][gc,task       ] GC(13) Using 8 workers of 8 for evacuation
[2020-11-20T21:53:50.363+0000][gc,phases     ] GC(13)   Pre Evacuate Collection Set: 0.0ms
[2020-11-20T21:53:50.363+0000][gc,phases     ] GC(13)   Evacuate Collection Set: 2.8ms
[2020-11-20T21:53:50.363+0000][gc,phases     ] GC(13)   Post Evacuate Collection Set: 0.9ms
[2020-11-20T21:53:50.363+0000][gc,phases     ] GC(13)   Other: 0.4ms
[2020-11-20T21:53:50.363+0000][gc,heap       ] GC(13) Eden regions: 611->0(581)
[2020-11-20T21:53:50.363+0000][gc,heap       ] GC(13) Survivor regions: 3->4(77)
[2020-11-20T21:53:50.363+0000][gc,heap       ] GC(13) Old regions: 16->16
[2020-11-20T21:53:50.363+0000][gc,heap       ] GC(13) Humongous regions: 129->129
[2020-11-20T21:53:50.363+0000][gc,metaspace  ] GC(13) Metaspace: 39744K->39744K(1085440K)
[2020-11-20T21:53:50.363+0000][gc            ] GC(13) Pause Young (Normal) (G1 Evacuation Pause) 756M->146M(1024M) 4.250ms
[2020-11-20T21:53:50.363+0000][gc,cpu        ] GC(13) User=0.02s Sys=0.00s Real=0.00s
[2020-11-21T05:27:35.359+0000][gc,start      ] GC(14) Pause Young (Normal) (G1 Evacuation Pause)
[2020-11-21T05:27:35.359+0000][gc,task       ] GC(14) Using 8 workers of 8 for evacuation
[2020-11-21T05:27:35.363+0000][gc,phases     ] GC(14)   Pre Evacuate Collection Set: 0.0ms
[2020-11-21T05:27:35.363+0000][gc,phases     ] GC(14)   Evacuate Collection Set: 2.6ms
[2020-11-21T05:27:35.363+0000][gc,phases     ] GC(14)   Post Evacuate Collection Set: 0.9ms
[2020-11-21T05:27:35.363+0000][gc,phases     ] GC(14)   Other: 0.3ms
[2020-11-21T05:27:35.363+0000][gc,heap       ] GC(14) Eden regions: 581->0(610)
[2020-11-21T05:27:35.363+0000][gc,heap       ] GC(14) Survivor regions: 4->4(74)
[2020-11-21T05:27:35.363+0000][gc,heap       ] GC(14) Old regions: 16->16
[2020-11-21T05:27:35.363+0000][gc,heap       ] GC(14) Humongous regions: 129->129
[2020-11-21T05:27:35.363+0000][gc,metaspace  ] GC(14) Metaspace: 39791K->39791K(1085440K)
[2020-11-21T05:27:35.363+0000][gc            ] GC(14) Pause Young (Normal) (G1 Evacuation Pause) 727M->146M(1024M) 3.922ms
[2020-11-21T05:27:35.363+0000][gc,cpu        ] GC(14) User=0.02s Sys=0.00s Real=0.00s
[2020-11-21T13:24:40.359+0000][gc,start      ] GC(15) Pause Young (Normal) (G1 Evacuation Pause)
[2020-11-21T13:24:40.359+0000][gc,task       ] GC(15) Using 8 workers of 8 for evacuation
[2020-11-21T13:24:40.363+0000][gc,phases     ] GC(15)   Pre Evacuate Collection Set: 0.0ms
[2020-11-21T13:24:40.363+0000][gc,phases     ] GC(15)   Evacuate Collection Set: 2.2ms
[2020-11-21T13:24:40.363+0000][gc,phases     ] GC(15)   Post Evacuate Collection Set: 0.9ms
[2020-11-21T13:24:40.363+0000][gc,phases     ] GC(15)   Other: 0.3ms
[2020-11-21T13:24:40.363+0000][gc,heap       ] GC(15) Eden regions: 610->0(610)
[2020-11-21T13:24:40.363+0000][gc,heap       ] GC(15) Survivor regions: 4->4(77)
[2020-11-21T13:24:40.363+0000][gc,heap       ] GC(15) Old regions: 16->16
[2020-11-21T13:24:40.363+0000][gc,heap       ] GC(15) Humongous regions: 129->129
[2020-11-21T13:24:40.363+0000][gc,metaspace  ] GC(15) Metaspace: 39902K->39902K(1085440K)
[2020-11-21T13:24:40.363+0000][gc            ] GC(15) Pause Young (Normal) (G1 Evacuation Pause) 756M->146M(1024M) 3.571ms
[2020-11-21T13:24:40.363+0000][gc,cpu        ] GC(15) User=0.03s Sys=0.00s Real=0.00s
[2020-11-21T21:23:32.870+0000][gc,start      ] GC(16) Pause Young (Normal) (G1 Evacuation Pause)
[2020-11-21T21:23:32.871+0000][gc,task       ] GC(16) Using 8 workers of 8 for evacuation
[2020-11-21T21:23:32.877+0000][gc,phases     ] GC(16)   Pre Evacuate Collection Set: 0.1ms
[2020-11-21T21:23:32.877+0000][gc,phases     ] GC(16)   Evacuate Collection Set: 3.5ms
[2020-11-21T21:23:32.877+0000][gc,phases     ] GC(16)   Post Evacuate Collection Set: 2.3ms
[2020-11-21T21:23:32.877+0000][gc,phases     ] GC(16)   Other: 0.5ms
[2020-11-21T21:23:32.877+0000][gc,heap       ] GC(16) Eden regions: 610->0(610)
[2020-11-21T21:23:32.877+0000][gc,heap       ] GC(16) Survivor regions: 4->4(77)
[2020-11-21T21:23:32.877+0000][gc,heap       ] GC(16) Old regions: 16->16
[2020-11-21T21:23:32.877+0000][gc,heap       ] GC(16) Humongous regions: 129->129
[2020-11-21T21:23:32.877+0000][gc,metaspace  ] GC(16) Metaspace: 39972K->39972K(1085440K)
[2020-11-21T21:23:32.877+0000][gc            ] GC(16) Pause Young (Normal) (G1 Evacuation Pause) 756M->146M(1024M) 6.432ms
[2020-11-21T21:23:32.877+0000][gc,cpu        ] GC(16) User=0.03s Sys=0.01s Real=0.00s
[2020-11-22T05:21:29.163+0000][gc,start      ] GC(17) Pause Young (Normal) (G1 Evacuation Pause)
[2020-11-22T05:21:29.163+0000][gc,task       ] GC(17) Using 8 workers of 8 for evacuation
[2020-11-22T05:21:29.168+0000][gc,phases     ] GC(17)   Pre Evacuate Collection Set: 0.1ms
[2020-11-22T05:21:29.168+0000][gc,phases     ] GC(17)   Evacuate Collection Set: 2.6ms
[2020-11-22T05:21:29.168+0000][gc,phases     ] GC(17)   Post Evacuate Collection Set: 2.0ms
[2020-11-22T05:21:29.168+0000][gc,phases     ] GC(17)   Other: 0.5ms
[2020-11-22T05:21:29.168+0000][gc,heap       ] GC(17) Eden regions: 610->0(610)
[2020-11-22T05:21:29.168+0000][gc,heap       ] GC(17) Survivor regions: 4->4(77)
[2020-11-22T05:21:29.168+0000][gc,heap       ] GC(17) Old regions: 16->16
[2020-11-22T05:21:29.168+0000][gc,heap       ] GC(17) Humongous regions: 129->129
[2020-11-22T05:21:29.168+0000][gc,metaspace  ] GC(17) Metaspace: 39991K->39991K(1085440K)
[2020-11-22T05:21:29.168+0000][gc            ] GC(17) Pause Young (Normal) (G1 Evacuation Pause) 756M->146M(1024M) 5.236ms
[2020-11-22T05:21:29.168+0000][gc,cpu        ] GC(17) User=0.00s Sys=0.03s Real=0.01s
[2020-11-22T13:19:40.359+0000][gc,start      ] GC(18) Pause Young (Normal) (G1 Evacuation Pause)
[2020-11-22T13:19:40.359+0000][gc,task       ] GC(18) Using 8 workers of 8 for evacuation
[2020-11-22T13:19:40.369+0000][gc,phases     ] GC(18)   Pre Evacuate Collection Set: 0.1ms
[2020-11-22T13:19:40.370+0000][gc,phases     ] GC(18)   Evacuate Collection Set: 3.7ms
[2020-11-22T13:19:40.370+0000][gc,phases     ] GC(18)   Post Evacuate Collection Set: 5.8ms
[2020-11-22T13:19:40.370+0000][gc,phases     ] GC(18)   Other: 0.5ms
[2020-11-22T13:19:40.370+0000][gc,heap       ] GC(18) Eden regions: 610->0(610)
[2020-11-22T13:19:40.370+0000][gc,heap       ] GC(18) Survivor regions: 4->4(77)
[2020-11-22T13:19:40.370+0000][gc,heap       ] GC(18) Old regions: 16->16
[2020-11-22T13:19:40.370+0000][gc,heap       ] GC(18) Humongous regions: 129->129
[2020-11-22T13:19:40.370+0000][gc,metaspace  ] GC(18) Metaspace: 40015K->40015K(1085440K)
[2020-11-22T13:19:40.370+0000][gc            ] GC(18) Pause Young (Normal) (G1 Evacuation Pause) 756M->146M(1024M) 10.198ms
[2020-11-22T13:19:40.370+0000][gc,cpu        ] GC(18) User=0.06s Sys=0.00s Real=0.01s
[2020-11-22T21:18:05.703+0000][gc,start      ] GC(19) Pause Young (Normal) (G1 Evacuation Pause)
[2020-11-22T21:18:05.703+0000][gc,task       ] GC(19) Using 8 workers of 8 for evacuation
[2020-11-22T21:18:05.710+0000][gc,phases     ] GC(19)   Pre Evacuate Collection Set: 0.1ms
[2020-11-22T21:18:05.710+0000][gc,phases     ] GC(19)   Evacuate Collection Set: 3.7ms
[2020-11-22T21:18:05.710+0000][gc,phases     ] GC(19)   Post Evacuate Collection Set: 3.2ms
[2020-11-22T21:18:05.710+0000][gc,phases     ] GC(19)   Other: 0.5ms
[2020-11-22T21:18:05.710+0000][gc,heap       ] GC(19) Eden regions: 610->0(610)
[2020-11-22T21:18:05.710+0000][gc,heap       ] GC(19) Survivor regions: 4->4(77)
[2020-11-22T21:18:05.710+0000][gc,heap       ] GC(19) Old regions: 16->16
[2020-11-22T21:18:05.710+0000][gc,heap       ] GC(19) Humongous regions: 129->129
[2020-11-22T21:18:05.710+0000][gc,metaspace  ] GC(19) Metaspace: 40015K->40015K(1085440K)
[2020-11-22T21:18:05.710+0000][gc            ] GC(19) Pause Young (Normal) (G1 Evacuation Pause) 756M->146M(1024M) 7.506ms
[2020-11-22T21:18:05.710+0000][gc,cpu        ] GC(19) User=0.00s Sys=0.04s Real=0.01s
[2020-11-23T05:15:52.298+0000][gc,start      ] GC(20) Pause Young (Normal) (G1 Evacuation Pause)
[2020-11-23T05:15:52.298+0000][gc,task       ] GC(20) Using 8 workers of 8 for evacuation
[2020-11-23T05:15:52.304+0000][gc,phases     ] GC(20)   Pre Evacuate Collection Set: 0.0ms
[2020-11-23T05:15:52.304+0000][gc,phases     ] GC(20)   Evacuate Collection Set: 2.4ms
[2020-11-23T05:15:52.304+0000][gc,phases     ] GC(20)   Post Evacuate Collection Set: 3.5ms
[2020-11-23T05:15:52.304+0000][gc,phases     ] GC(20)   Other: 0.3ms
[2020-11-23T05:15:52.304+0000][gc,heap       ] GC(20) Eden regions: 610->0(610)
[2020-11-23T05:15:52.304+0000][gc,heap       ] GC(20) Survivor regions: 4->4(77)
[2020-11-23T05:15:52.304+0000][gc,heap       ] GC(20) Old regions: 16->16
[2020-11-23T05:15:52.304+0000][gc,heap       ] GC(20) Humongous regions: 129->129
[2020-11-23T05:15:52.304+0000][gc,metaspace  ] GC(20) Metaspace: 40040K->40040K(1085440K)
[2020-11-23T05:15:52.304+0000][gc            ] GC(20) Pause Young (Normal) (G1 Evacuation Pause) 756M->146M(1024M) 6.374ms
[2020-11-23T05:15:52.304+0000][gc,cpu        ] GC(20) User=0.04s Sys=0.00s Real=0.00s
[2020-11-23T13:14:52.204+0000][gc,start      ] GC(21) Pause Young (Normal) (G1 Evacuation Pause)
[2020-11-23T13:14:52.204+0000][gc,task       ] GC(21) Using 8 workers of 8 for evacuation
[2020-11-23T13:14:52.208+0000][gc,phases     ] GC(21)   Pre Evacuate Collection Set: 0.0ms
[2020-11-23T13:14:52.208+0000][gc,phases     ] GC(21)   Evacuate Collection Set: 2.6ms
[2020-11-23T13:14:52.208+0000][gc,phases     ] GC(21)   Post Evacuate Collection Set: 1.0ms
[2020-11-23T13:14:52.208+0000][gc,phases     ] GC(21)   Other: 0.3ms
[2020-11-23T13:14:52.208+0000][gc,heap       ] GC(21) Eden regions: 610->0(610)
[2020-11-23T13:14:52.208+0000][gc,heap       ] GC(21) Survivor regions: 4->4(77)
[2020-11-23T13:14:52.208+0000][gc,heap       ] GC(21) Old regions: 16->16
[2020-11-23T13:14:52.208+0000][gc,heap       ] GC(21) Humongous regions: 129->129
[2020-11-23T13:14:52.208+0000][gc,metaspace  ] GC(21) Metaspace: 40040K->40040K(1085440K)
[2020-11-23T13:14:52.208+0000][gc            ] GC(21) Pause Young (Normal) (G1 Evacuation Pause) 756M->146M(1024M) 4.088ms
[2020-11-23T13:14:52.208+0000][gc,cpu        ] GC(21) User=0.03s Sys=0.00s Real=0.01s
[2020-11-23T21:13:00.359+0000][gc,start      ] GC(22) Pause Young (Normal) (G1 Evacuation Pause)
[2020-11-23T21:13:00.359+0000][gc,task       ] GC(22) Using 8 workers of 8 for evacuation
[2020-11-23T21:13:00.363+0000][gc,phases     ] GC(22)   Pre Evacuate Collection Set: 0.0ms
[2020-11-23T21:13:00.363+0000][gc,phases     ] GC(22)   Evacuate Collection Set: 2.6ms
[2020-11-23T21:13:00.363+0000][gc,phases     ] GC(22)   Post Evacuate Collection Set: 0.9ms
[2020-11-23T21:13:00.363+0000][gc,phases     ] GC(22)   Other: 0.3ms
[2020-11-23T21:13:00.363+0000][gc,heap       ] GC(22) Eden regions: 610->0(610)
[2020-11-23T21:13:00.363+0000][gc,heap       ] GC(22) Survivor regions: 4->4(77)
[2020-11-23T21:13:00.363+0000][gc,heap       ] GC(22) Old regions: 16->16
[2020-11-23T21:13:00.363+0000][gc,heap       ] GC(22) Humongous regions: 129->129
[2020-11-23T21:13:00.363+0000][gc,metaspace  ] GC(22) Metaspace: 40041K->40041K(1085440K)
[2020-11-23T21:13:00.363+0000][gc            ] GC(22) Pause Young (Normal) (G1 Evacuation Pause) 756M->146M(1024M) 3.928ms
[2020-11-23T21:13:00.363+0000][gc,cpu        ] GC(22) User=0.00s Sys=0.02s Real=0.00s
[2020-11-24T05:11:23.052+0000][gc,start      ] GC(23) Pause Young (Normal) (G1 Evacuation Pause)
[2020-11-24T05:11:23.052+0000][gc,task       ] GC(23) Using 8 workers of 8 for evacuation
[2020-11-24T05:11:23.056+0000][gc,phases     ] GC(23)   Pre Evacuate Collection Set: 0.0ms
[2020-11-24T05:11:23.056+0000][gc,phases     ] GC(23)   Evacuate Collection Set: 2.7ms
[2020-11-24T05:11:23.056+0000][gc,phases     ] GC(23)   Post Evacuate Collection Set: 0.8ms
[2020-11-24T05:11:23.056+0000][gc,phases     ] GC(23)   Other: 0.3ms
[2020-11-24T05:11:23.056+0000][gc,heap       ] GC(23) Eden regions: 610->0(610)
[2020-11-24T05:11:23.056+0000][gc,heap       ] GC(23) Survivor regions: 4->4(77)
[2020-11-24T05:11:23.056+0000][gc,heap       ] GC(23) Old regions: 16->16
[2020-11-24T05:11:23.056+0000][gc,heap       ] GC(23) Humongous regions: 129->129
[2020-11-24T05:11:23.056+0000][gc,metaspace  ] GC(23) Metaspace: 40050K->40050K(1085440K)
[2020-11-24T05:11:23.056+0000][gc            ] GC(23) Pause Young (Normal) (G1 Evacuation Pause) 756M->146M(1024M) 3.933ms
[2020-11-24T05:11:23.056+0000][gc,cpu        ] GC(23) User=0.02s Sys=0.00s Real=0.00s
[2020-11-24T11:00:35.396+0000][gc,heap,exit  ] Heap
[2020-11-24T11:00:35.397+0000][gc,heap,exit  ]  garbage-first heap   total 1048576K, used 662702K [0x00000000c0000000, 0x0000000100000000)
[2020-11-24T11:00:35.397+0000][gc,heap,exit  ]   region size 1024K, 458 young (468992K), 4 survivors (4096K)
[2020-11-24T11:00:35.397+0000][gc,heap,exit  ]  Metaspace       used 40169K, capacity 42233K, committed 42368K, reserved 1085440K
[2020-11-24T11:00:35.397+0000][gc,heap,exit  ]   class space    used 4787K, capacity 5739K, committed 5760K, reserved 1048576K
