[2020-12-06T10:30:35.150+0000][gc,heap] Heap region size: 1M
[2020-12-06T10:30:35.162+0000][gc     ] Using G1
[2020-12-06T10:30:35.162+0000][gc,heap,coops] Heap address: 0x00000000c0000000, size: 1024 MB, Compressed Oops mode: 32-bit
[2020-12-06T10:30:35.162+0000][gc,cds       ] Mark closed archive regions in map: [0x00000000ffe00000, 0x00000000ffe6aff8]
[2020-12-06T10:30:35.162+0000][gc,cds       ] Mark open archive regions in map: [0x00000000ffc00000, 0x00000000ffc46ff8]
[2020-12-06T10:30:36.148+0000][gc,start     ] GC(0) Pause Young (Normal) (G1 Evacuation Pause)
[2020-12-06T10:30:36.149+0000][gc,task      ] GC(0) Using 8 workers of 8 for evacuation
[2020-12-06T10:30:36.157+0000][gc,phases    ] GC(0)   Pre Evacuate Collection Set: 0.0ms
[2020-12-06T10:30:36.157+0000][gc,phases    ] GC(0)   Evacuate Collection Set: 6.8ms
[2020-12-06T10:30:36.157+0000][gc,phases    ] GC(0)   Post Evacuate Collection Set: 0.7ms
[2020-12-06T10:30:36.157+0000][gc,phases    ] GC(0)   Other: 1.3ms
[2020-12-06T10:30:36.157+0000][gc,heap      ] GC(0) Eden regions: 51->0(44)
[2020-12-06T10:30:36.157+0000][gc,heap      ] GC(0) Survivor regions: 0->7(7)
[2020-12-06T10:30:36.157+0000][gc,heap      ] GC(0) Old regions: 2->2
[2020-12-06T10:30:36.157+0000][gc,heap      ] GC(0) Humongous regions: 0->0
[2020-12-06T10:30:36.157+0000][gc,metaspace ] GC(0) Metaspace: 15460K->15460K(1062912K)
[2020-12-06T10:30:36.157+0000][gc           ] GC(0) Pause Young (Normal) (G1 Evacuation Pause) 51M->6M(1024M) 8.841ms
[2020-12-06T10:30:36.157+0000][gc,cpu       ] GC(0) User=0.05s Sys=0.00s Real=0.00s
[2020-12-06T10:30:36.441+0000][gc,start     ] GC(1) Pause Young (Concurrent Start) (Metadata GC Threshold)
[2020-12-06T10:30:36.441+0000][gc,task      ] GC(1) Using 8 workers of 8 for evacuation
[2020-12-06T10:30:36.449+0000][gc,phases    ] GC(1)   Pre Evacuate Collection Set: 0.1ms
[2020-12-06T10:30:36.449+0000][gc,phases    ] GC(1)   Evacuate Collection Set: 6.9ms
[2020-12-06T10:30:36.449+0000][gc,phases    ] GC(1)   Post Evacuate Collection Set: 0.5ms
[2020-12-06T10:30:36.449+0000][gc,phases    ] GC(1)   Other: 0.4ms
[2020-12-06T10:30:36.449+0000][gc,heap      ] GC(1) Eden regions: 21->0(50)
[2020-12-06T10:30:36.449+0000][gc,heap      ] GC(1) Survivor regions: 7->1(7)
[2020-12-06T10:30:36.449+0000][gc,heap      ] GC(1) Old regions: 2->9
[2020-12-06T10:30:36.449+0000][gc,heap      ] GC(1) Humongous regions: 0->0
[2020-12-06T10:30:36.449+0000][gc,metaspace ] GC(1) Metaspace: 20576K->20576K(1067008K)
[2020-12-06T10:30:36.449+0000][gc           ] GC(1) Pause Young (Concurrent Start) (Metadata GC Threshold) 27M->7M(1024M) 7.950ms
[2020-12-06T10:30:36.449+0000][gc,cpu       ] GC(1) User=0.03s Sys=0.01s Real=0.01s
[2020-12-06T10:30:36.449+0000][gc           ] GC(2) Concurrent Cycle
[2020-12-06T10:30:36.450+0000][gc,marking   ] GC(2) Concurrent Clear Claimed Marks
[2020-12-06T10:30:36.450+0000][gc,marking   ] GC(2) Concurrent Clear Claimed Marks 0.024ms
[2020-12-06T10:30:36.450+0000][gc,marking   ] GC(2) Concurrent Scan Root Regions
[2020-12-06T10:30:36.450+0000][gc,marking   ] GC(2) Concurrent Scan Root Regions 0.762ms
[2020-12-06T10:30:36.450+0000][gc,marking   ] GC(2) Concurrent Mark (1.304s)
[2020-12-06T10:30:36.450+0000][gc,marking   ] GC(2) Concurrent Mark From Roots
[2020-12-06T10:30:36.450+0000][gc,task      ] GC(2) Using 2 workers of 2 for marking
[2020-12-06T10:30:36.455+0000][gc,marking   ] GC(2) Concurrent Mark From Roots 5.087ms
[2020-12-06T10:30:36.455+0000][gc,marking   ] GC(2) Concurrent Preclean
[2020-12-06T10:30:36.456+0000][gc,marking   ] GC(2) Concurrent Preclean 0.146ms
[2020-12-06T10:30:36.456+0000][gc,marking   ] GC(2) Concurrent Mark (1.304s, 1.309s) 5.265ms
[2020-12-06T10:30:36.456+0000][gc,start     ] GC(2) Pause Remark
[2020-12-06T10:30:36.457+0000][gc,stringtable] GC(2) Cleaned string and symbol table, strings: 4957 processed, 0 removed, symbols: 51302 processed, 47 removed
[2020-12-06T10:30:36.457+0000][gc            ] GC(2) Pause Remark 8M->8M(1024M) 1.565ms
[2020-12-06T10:30:36.457+0000][gc,cpu        ] GC(2) User=0.00s Sys=0.00s Real=0.01s
[2020-12-06T10:30:36.457+0000][gc,marking    ] GC(2) Concurrent Rebuild Remembered Sets
[2020-12-06T10:30:36.460+0000][gc,marking    ] GC(2) Concurrent Rebuild Remembered Sets 2.865ms
[2020-12-06T10:30:36.460+0000][gc,start      ] GC(2) Pause Cleanup
[2020-12-06T10:30:36.461+0000][gc            ] GC(2) Pause Cleanup 8M->8M(1024M) 0.226ms
[2020-12-06T10:30:36.461+0000][gc,cpu        ] GC(2) User=0.00s Sys=0.00s Real=0.00s
[2020-12-06T10:30:36.461+0000][gc,marking    ] GC(2) Concurrent Cleanup for Next Mark
[2020-12-06T10:30:36.467+0000][gc,marking    ] GC(2) Concurrent Cleanup for Next Mark 5.792ms
[2020-12-06T10:30:36.467+0000][gc            ] GC(2) Concurrent Cycle 17.066ms
[2020-12-06T10:30:37.398+0000][gc,start      ] GC(3) Pause Young (Normal) (G1 Evacuation Pause)
[2020-12-06T10:30:37.398+0000][gc,task       ] GC(3) Using 8 workers of 8 for evacuation
[2020-12-06T10:30:37.402+0000][gc,phases     ] GC(3)   Pre Evacuate Collection Set: 0.0ms
[2020-12-06T10:30:37.402+0000][gc,phases     ] GC(3)   Evacuate Collection Set: 3.0ms
[2020-12-06T10:30:37.402+0000][gc,phases     ] GC(3)   Post Evacuate Collection Set: 0.6ms
[2020-12-06T10:30:37.402+0000][gc,phases     ] GC(3)   Other: 0.2ms
[2020-12-06T10:30:37.402+0000][gc,heap       ] GC(3) Eden regions: 50->0(46)
[2020-12-06T10:30:37.402+0000][gc,heap       ] GC(3) Survivor regions: 1->5(7)
[2020-12-06T10:30:37.402+0000][gc,heap       ] GC(3) Old regions: 9->9
[2020-12-06T10:30:37.402+0000][gc,heap       ] GC(3) Humongous regions: 129->129
[2020-12-06T10:30:37.402+0000][gc,metaspace  ] GC(3) Metaspace: 28620K->28620K(1075200K)
[2020-12-06T10:30:37.402+0000][gc            ] GC(3) Pause Young (Normal) (G1 Evacuation Pause) 186M->140M(1024M) 3.996ms
[2020-12-06T10:30:37.402+0000][gc,cpu        ] GC(3) User=0.02s Sys=0.00s Real=0.00s
[2020-12-06T10:30:37.652+0000][gc,start      ] GC(4) Pause Young (Concurrent Start) (Metadata GC Threshold)
[2020-12-06T10:30:37.652+0000][gc,task       ] GC(4) Using 8 workers of 8 for evacuation
[2020-12-06T10:30:37.658+0000][gc,phases     ] GC(4)   Pre Evacuate Collection Set: 0.1ms
[2020-12-06T10:30:37.658+0000][gc,phases     ] GC(4)   Evacuate Collection Set: 5.7ms
[2020-12-06T10:30:37.658+0000][gc,phases     ] GC(4)   Post Evacuate Collection Set: 0.5ms
[2020-12-06T10:30:37.658+0000][gc,phases     ] GC(4)   Other: 0.4ms
[2020-12-06T10:30:37.658+0000][gc,heap       ] GC(4) Eden regions: 26->0(49)
[2020-12-06T10:30:37.658+0000][gc,heap       ] GC(4) Survivor regions: 5->2(7)
[2020-12-06T10:30:37.658+0000][gc,heap       ] GC(4) Old regions: 9->13
[2020-12-06T10:30:37.658+0000][gc,heap       ] GC(4) Humongous regions: 129->129
[2020-12-06T10:30:37.658+0000][gc,metaspace  ] GC(4) Metaspace: 34440K->34440K(1081344K)
[2020-12-06T10:30:37.659+0000][gc            ] GC(4) Pause Young (Concurrent Start) (Metadata GC Threshold) 166M->142M(1024M) 6.883ms
[2020-12-06T10:30:37.659+0000][gc,cpu        ] GC(4) User=0.04s Sys=0.00s Real=0.01s
[2020-12-06T10:30:37.659+0000][gc            ] GC(5) Concurrent Cycle
[2020-12-06T10:30:37.659+0000][gc,marking    ] GC(5) Concurrent Clear Claimed Marks
[2020-12-06T10:30:37.659+0000][gc,marking    ] GC(5) Concurrent Clear Claimed Marks 0.040ms
[2020-12-06T10:30:37.659+0000][gc,marking    ] GC(5) Concurrent Scan Root Regions
[2020-12-06T10:30:37.660+0000][gc,marking    ] GC(5) Concurrent Scan Root Regions 0.905ms
[2020-12-06T10:30:37.660+0000][gc,marking    ] GC(5) Concurrent Mark (2.513s)
[2020-12-06T10:30:37.660+0000][gc,marking    ] GC(5) Concurrent Mark From Roots
[2020-12-06T10:30:37.660+0000][gc,task       ] GC(5) Using 2 workers of 2 for marking
[2020-12-06T10:30:37.670+0000][gc,marking    ] GC(5) Concurrent Mark From Roots 10.394ms
[2020-12-06T10:30:37.670+0000][gc,marking    ] GC(5) Concurrent Preclean
[2020-12-06T10:30:37.670+0000][gc,marking    ] GC(5) Concurrent Preclean 0.155ms
[2020-12-06T10:30:37.670+0000][gc,marking    ] GC(5) Concurrent Mark (2.513s, 2.524s) 10.607ms
[2020-12-06T10:30:37.670+0000][gc,start      ] GC(5) Pause Remark
[2020-12-06T10:30:37.677+0000][gc,stringtable] GC(5) Cleaned string and symbol table, strings: 10082 processed, 10 removed, symbols: 80497 processed, 14 removed
[2020-12-06T10:30:37.677+0000][gc            ] GC(5) Pause Remark 143M->143M(1024M) 6.975ms
[2020-12-06T10:30:37.677+0000][gc,cpu        ] GC(5) User=0.05s Sys=0.00s Real=0.01s
[2020-12-06T10:30:37.677+0000][gc,marking    ] GC(5) Concurrent Rebuild Remembered Sets
[2020-12-06T10:30:37.683+0000][gc,marking    ] GC(5) Concurrent Rebuild Remembered Sets 5.709ms
[2020-12-06T10:30:37.683+0000][gc,start      ] GC(5) Pause Cleanup
[2020-12-06T10:30:37.684+0000][gc            ] GC(5) Pause Cleanup 143M->143M(1024M) 0.203ms
[2020-12-06T10:30:37.684+0000][gc,cpu        ] GC(5) User=0.00s Sys=0.00s Real=0.00s
[2020-12-06T10:30:37.684+0000][gc,marking    ] GC(5) Concurrent Cleanup for Next Mark
[2020-12-06T10:30:37.690+0000][gc,marking    ] GC(5) Concurrent Cleanup for Next Mark 6.003ms
[2020-12-06T10:30:37.690+0000][gc            ] GC(5) Concurrent Cycle 31.152ms
[2020-12-06T10:30:46.394+0000][gc,heap,exit  ] Heap
[2020-12-06T10:30:46.395+0000][gc,heap,exit  ]  garbage-first heap   total 1048576K, used 197709K [0x00000000c0000000, 0x0000000100000000)
[2020-12-06T10:30:46.395+0000][gc,heap,exit  ]   region size 1024K, 24 young (24576K), 2 survivors (2048K)
[2020-12-06T10:30:46.395+0000][gc,heap,exit  ]  Metaspace       used 36494K, capacity 38190K, committed 38528K, reserved 1083392K
[2020-12-06T10:30:46.395+0000][gc,heap,exit  ]   class space    used 4381K, capacity 5146K, committed 5248K, reserved 1048576K
