[2020-12-06T10:33:11.064+0000][gc,heap] Heap region size: 1M
[2020-12-06T10:33:11.074+0000][gc     ] Using G1
[2020-12-06T10:33:11.074+0000][gc,heap,coops] Heap address: 0x00000000c0000000, size: 1024 MB, Compressed Oops mode: 32-bit
[2020-12-06T10:33:11.075+0000][gc,cds       ] Mark closed archive regions in map: [0x00000000ffe00000, 0x00000000ffe6aff8]
[2020-12-06T10:33:11.075+0000][gc,cds       ] Mark open archive regions in map: [0x00000000ffc00000, 0x00000000ffc46ff8]
[2020-12-06T10:33:12.088+0000][gc,start     ] GC(0) Pause Young (Normal) (G1 Evacuation Pause)
[2020-12-06T10:33:12.089+0000][gc,task      ] GC(0) Using 8 workers of 8 for evacuation
[2020-12-06T10:33:12.097+0000][gc,phases    ] GC(0)   Pre Evacuate Collection Set: 0.0ms
[2020-12-06T10:33:12.097+0000][gc,phases    ] GC(0)   Evacuate Collection Set: 6.7ms
[2020-12-06T10:33:12.097+0000][gc,phases    ] GC(0)   Post Evacuate Collection Set: 0.6ms
[2020-12-06T10:33:12.097+0000][gc,phases    ] GC(0)   Other: 1.2ms
[2020-12-06T10:33:12.097+0000][gc,heap      ] GC(0) Eden regions: 51->0(44)
[2020-12-06T10:33:12.097+0000][gc,heap      ] GC(0) Survivor regions: 0->7(7)
[2020-12-06T10:33:12.097+0000][gc,heap      ] GC(0) Old regions: 2->2
[2020-12-06T10:33:12.097+0000][gc,heap      ] GC(0) Humongous regions: 0->0
[2020-12-06T10:33:12.097+0000][gc,metaspace ] GC(0) Metaspace: 15455K->15455K(1062912K)
[2020-12-06T10:33:12.097+0000][gc           ] GC(0) Pause Young (Normal) (G1 Evacuation Pause) 51M->6M(1024M) 8.651ms
[2020-12-06T10:33:12.097+0000][gc,cpu       ] GC(0) User=0.06s Sys=0.00s Real=0.00s
[2020-12-06T10:33:12.378+0000][gc,start     ] GC(1) Pause Young (Concurrent Start) (Metadata GC Threshold)
[2020-12-06T10:33:12.378+0000][gc,task      ] GC(1) Using 8 workers of 8 for evacuation
[2020-12-06T10:33:12.388+0000][gc,phases    ] GC(1)   Pre Evacuate Collection Set: 0.1ms
[2020-12-06T10:33:12.388+0000][gc,phases    ] GC(1)   Evacuate Collection Set: 9.2ms
[2020-12-06T10:33:12.388+0000][gc,phases    ] GC(1)   Post Evacuate Collection Set: 0.5ms
[2020-12-06T10:33:12.388+0000][gc,phases    ] GC(1)   Other: 0.4ms
[2020-12-06T10:33:12.388+0000][gc,heap      ] GC(1) Eden regions: 21->0(49)
[2020-12-06T10:33:12.388+0000][gc,heap      ] GC(1) Survivor regions: 7->2(7)
[2020-12-06T10:33:12.388+0000][gc,heap      ] GC(1) Old regions: 2->9
[2020-12-06T10:33:12.388+0000][gc,heap      ] GC(1) Humongous regions: 0->0
[2020-12-06T10:33:12.388+0000][gc,metaspace ] GC(1) Metaspace: 20568K->20568K(1067008K)
[2020-12-06T10:33:12.388+0000][gc           ] GC(1) Pause Young (Concurrent Start) (Metadata GC Threshold) 27M->8M(1024M) 10.194ms
[2020-12-06T10:33:12.388+0000][gc,cpu       ] GC(1) User=0.05s Sys=0.00s Real=0.01s
[2020-12-06T10:33:12.388+0000][gc           ] GC(2) Concurrent Cycle
[2020-12-06T10:33:12.388+0000][gc,marking   ] GC(2) Concurrent Clear Claimed Marks
[2020-12-06T10:33:12.388+0000][gc,marking   ] GC(2) Concurrent Clear Claimed Marks 0.023ms
[2020-12-06T10:33:12.388+0000][gc,marking   ] GC(2) Concurrent Scan Root Regions
[2020-12-06T10:33:12.389+0000][gc,marking   ] GC(2) Concurrent Scan Root Regions 0.847ms
[2020-12-06T10:33:12.389+0000][gc,marking   ] GC(2) Concurrent Mark (1.328s)
[2020-12-06T10:33:12.389+0000][gc,marking   ] GC(2) Concurrent Mark From Roots
[2020-12-06T10:33:12.389+0000][gc,task      ] GC(2) Using 2 workers of 2 for marking
[2020-12-06T10:33:12.394+0000][gc,marking   ] GC(2) Concurrent Mark From Roots 4.853ms
[2020-12-06T10:33:12.394+0000][gc,marking   ] GC(2) Concurrent Preclean
[2020-12-06T10:33:12.394+0000][gc,marking   ] GC(2) Concurrent Preclean 0.137ms
[2020-12-06T10:33:12.394+0000][gc,marking   ] GC(2) Concurrent Mark (1.328s, 1.333s) 5.022ms
[2020-12-06T10:33:12.394+0000][gc,start     ] GC(2) Pause Remark
[2020-12-06T10:33:12.395+0000][gc,stringtable] GC(2) Cleaned string and symbol table, strings: 4956 processed, 0 removed, symbols: 51301 processed, 47 removed
[2020-12-06T10:33:12.396+0000][gc            ] GC(2) Pause Remark 8M->8M(1024M) 1.349ms
[2020-12-06T10:33:12.396+0000][gc,cpu        ] GC(2) User=0.00s Sys=0.00s Real=0.00s
[2020-12-06T10:33:12.396+0000][gc,marking    ] GC(2) Concurrent Rebuild Remembered Sets
[2020-12-06T10:33:12.399+0000][gc,marking    ] GC(2) Concurrent Rebuild Remembered Sets 2.909ms
[2020-12-06T10:33:12.399+0000][gc,start      ] GC(2) Pause Cleanup
[2020-12-06T10:33:12.399+0000][gc            ] GC(2) Pause Cleanup 8M->8M(1024M) 0.233ms
[2020-12-06T10:33:12.399+0000][gc,cpu        ] GC(2) User=0.00s Sys=0.00s Real=0.00s
[2020-12-06T10:33:12.399+0000][gc,marking    ] GC(2) Concurrent Cleanup for Next Mark
[2020-12-06T10:33:12.405+0000][gc,marking    ] GC(2) Concurrent Cleanup for Next Mark 5.581ms
[2020-12-06T10:33:12.405+0000][gc            ] GC(2) Concurrent Cycle 16.511ms
[2020-12-06T10:33:13.283+0000][gc,start      ] GC(3) Pause Young (Normal) (G1 Evacuation Pause)
[2020-12-06T10:33:13.283+0000][gc,task       ] GC(3) Using 8 workers of 8 for evacuation
[2020-12-06T10:33:13.287+0000][gc,phases     ] GC(3)   Pre Evacuate Collection Set: 0.0ms
[2020-12-06T10:33:13.287+0000][gc,phases     ] GC(3)   Evacuate Collection Set: 3.2ms
[2020-12-06T10:33:13.287+0000][gc,phases     ] GC(3)   Post Evacuate Collection Set: 0.5ms
[2020-12-06T10:33:13.287+0000][gc,phases     ] GC(3)   Other: 0.3ms
[2020-12-06T10:33:13.287+0000][gc,heap       ] GC(3) Eden regions: 49->0(46)
[2020-12-06T10:33:13.287+0000][gc,heap       ] GC(3) Survivor regions: 2->5(7)
[2020-12-06T10:33:13.287+0000][gc,heap       ] GC(3) Old regions: 9->9
[2020-12-06T10:33:13.287+0000][gc,heap       ] GC(3) Humongous regions: 129->129
[2020-12-06T10:33:13.287+0000][gc,metaspace  ] GC(3) Metaspace: 28738K->28738K(1075200K)
[2020-12-06T10:33:13.287+0000][gc            ] GC(3) Pause Young (Normal) (G1 Evacuation Pause) 186M->140M(1024M) 4.108ms
[2020-12-06T10:33:13.287+0000][gc,cpu        ] GC(3) User=0.03s Sys=0.00s Real=0.01s
[2020-12-06T10:33:13.531+0000][gc,start      ] GC(4) Pause Young (Concurrent Start) (Metadata GC Threshold)
[2020-12-06T10:33:13.531+0000][gc,task       ] GC(4) Using 8 workers of 8 for evacuation
[2020-12-06T10:33:13.539+0000][gc,phases     ] GC(4)   Pre Evacuate Collection Set: 0.1ms
[2020-12-06T10:33:13.539+0000][gc,phases     ] GC(4)   Evacuate Collection Set: 6.4ms
[2020-12-06T10:33:13.539+0000][gc,phases     ] GC(4)   Post Evacuate Collection Set: 0.5ms
[2020-12-06T10:33:13.539+0000][gc,phases     ] GC(4)   Other: 0.4ms
[2020-12-06T10:33:13.539+0000][gc,heap       ] GC(4) Eden regions: 27->0(49)
[2020-12-06T10:33:13.539+0000][gc,heap       ] GC(4) Survivor regions: 5->2(7)
[2020-12-06T10:33:13.539+0000][gc,heap       ] GC(4) Old regions: 9->13
[2020-12-06T10:33:13.539+0000][gc,heap       ] GC(4) Humongous regions: 129->129
[2020-12-06T10:33:13.539+0000][gc,metaspace  ] GC(4) Metaspace: 34542K->34542K(1081344K)
[2020-12-06T10:33:13.539+0000][gc            ] GC(4) Pause Young (Concurrent Start) (Metadata GC Threshold) 166M->142M(1024M) 7.540ms
[2020-12-06T10:33:13.539+0000][gc,cpu        ] GC(4) User=0.03s Sys=0.01s Real=0.01s
[2020-12-06T10:33:13.539+0000][gc            ] GC(5) Concurrent Cycle
[2020-12-06T10:33:13.539+0000][gc,marking    ] GC(5) Concurrent Clear Claimed Marks
[2020-12-06T10:33:13.539+0000][gc,marking    ] GC(5) Concurrent Clear Claimed Marks 0.041ms
[2020-12-06T10:33:13.539+0000][gc,marking    ] GC(5) Concurrent Scan Root Regions
[2020-12-06T10:33:13.540+0000][gc,marking    ] GC(5) Concurrent Scan Root Regions 0.792ms
[2020-12-06T10:33:13.540+0000][gc,marking    ] GC(5) Concurrent Mark (2.479s)
[2020-12-06T10:33:13.540+0000][gc,marking    ] GC(5) Concurrent Mark From Roots
[2020-12-06T10:33:13.540+0000][gc,task       ] GC(5) Using 2 workers of 2 for marking
[2020-12-06T10:33:13.549+0000][gc,marking    ] GC(5) Concurrent Mark From Roots 9.357ms
[2020-12-06T10:33:13.549+0000][gc,marking    ] GC(5) Concurrent Preclean
[2020-12-06T10:33:13.549+0000][gc,marking    ] GC(5) Concurrent Preclean 0.165ms
[2020-12-06T10:33:13.549+0000][gc,marking    ] GC(5) Concurrent Mark (2.479s, 2.489s) 9.569ms
[2020-12-06T10:33:13.550+0000][gc,start      ] GC(5) Pause Remark
[2020-12-06T10:33:13.552+0000][gc,stringtable] GC(5) Cleaned string and symbol table, strings: 10096 processed, 10 removed, symbols: 80570 processed, 13 removed
[2020-12-06T10:33:13.552+0000][gc            ] GC(5) Pause Remark 142M->142M(1024M) 2.510ms
[2020-12-06T10:33:13.552+0000][gc,cpu        ] GC(5) User=0.01s Sys=0.00s Real=0.00s
[2020-12-06T10:33:13.552+0000][gc,marking    ] GC(5) Concurrent Rebuild Remembered Sets
[2020-12-06T10:33:13.558+0000][gc,marking    ] GC(5) Concurrent Rebuild Remembered Sets 5.829ms
[2020-12-06T10:33:13.559+0000][gc,start      ] GC(5) Pause Cleanup
[2020-12-06T10:33:13.559+0000][gc            ] GC(5) Pause Cleanup 143M->143M(1024M) 0.182ms
[2020-12-06T10:33:13.559+0000][gc,cpu        ] GC(5) User=0.00s Sys=0.00s Real=0.00s
[2020-12-06T10:33:13.559+0000][gc,marking    ] GC(5) Concurrent Cleanup for Next Mark
[2020-12-06T10:33:13.565+0000][gc,marking    ] GC(5) Concurrent Cleanup for Next Mark 5.669ms
[2020-12-06T10:33:13.565+0000][gc            ] GC(5) Concurrent Cycle 25.759ms
[2020-12-06T10:51:13.048+0000][gc,start      ] GC(6) Pause Young (Normal) (G1 Evacuation Pause)
[2020-12-06T10:51:13.048+0000][gc,task       ] GC(6) Using 8 workers of 8 for evacuation
[2020-12-06T10:51:13.051+0000][gc,phases     ] GC(6)   Pre Evacuate Collection Set: 0.0ms
[2020-12-06T10:51:13.051+0000][gc,phases     ] GC(6)   Evacuate Collection Set: 2.1ms
[2020-12-06T10:51:13.051+0000][gc,phases     ] GC(6)   Post Evacuate Collection Set: 0.7ms
[2020-12-06T10:51:13.051+0000][gc,phases     ] GC(6)   Other: 0.3ms
[2020-12-06T10:51:13.051+0000][gc,heap       ] GC(6) Eden regions: 49->0(47)
[2020-12-06T10:51:13.051+0000][gc,heap       ] GC(6) Survivor regions: 2->4(7)
[2020-12-06T10:51:13.051+0000][gc,heap       ] GC(6) Old regions: 13->13
[2020-12-06T10:51:13.051+0000][gc,heap       ] GC(6) Humongous regions: 159->129
[2020-12-06T10:51:13.051+0000][gc,metaspace  ] GC(6) Metaspace: 38386K->38386K(1083392K)
[2020-12-06T10:51:13.051+0000][gc            ] GC(6) Pause Young (Normal) (G1 Evacuation Pause) 221M->143M(1024M) 3.196ms
[2020-12-06T10:51:13.051+0000][gc,cpu        ] GC(6) User=0.02s Sys=0.00s Real=0.00s
[2020-12-06T11:09:28.111+0000][gc,start      ] GC(7) Pause Young (Normal) (G1 Evacuation Pause)
[2020-12-06T11:09:28.111+0000][gc,task       ] GC(7) Using 8 workers of 8 for evacuation
[2020-12-06T11:09:28.115+0000][gc,phases     ] GC(7)   Pre Evacuate Collection Set: 0.0ms
[2020-12-06T11:09:28.115+0000][gc,phases     ] GC(7)   Evacuate Collection Set: 2.9ms
[2020-12-06T11:09:28.115+0000][gc,phases     ] GC(7)   Post Evacuate Collection Set: 0.8ms
[2020-12-06T11:09:28.115+0000][gc,phases     ] GC(7)   Other: 0.3ms
[2020-12-06T11:09:28.115+0000][gc,heap       ] GC(7) Eden regions: 47->0(46)
[2020-12-06T11:09:28.115+0000][gc,heap       ] GC(7) Survivor regions: 4->5(7)
[2020-12-06T11:09:28.115+0000][gc,heap       ] GC(7) Old regions: 13->13
[2020-12-06T11:09:28.115+0000][gc,heap       ] GC(7) Humongous regions: 129->129
[2020-12-06T11:09:28.115+0000][gc,metaspace  ] GC(7) Metaspace: 39308K->39308K(1085440K)
[2020-12-06T11:09:28.115+0000][gc            ] GC(7) Pause Young (Normal) (G1 Evacuation Pause) 190M->144M(1024M) 4.159ms
[2020-12-06T11:09:28.115+0000][gc,cpu        ] GC(7) User=0.02s Sys=0.00s Real=0.00s
[2020-12-06T11:23:44.266+0000][gc,start      ] GC(8) Pause Young (Normal) (G1 Evacuation Pause)
[2020-12-06T11:23:44.266+0000][gc,task       ] GC(8) Using 8 workers of 8 for evacuation
[2020-12-06T11:23:44.270+0000][gc,phases     ] GC(8)   Pre Evacuate Collection Set: 0.0ms
[2020-12-06T11:23:44.270+0000][gc,phases     ] GC(8)   Evacuate Collection Set: 3.1ms
[2020-12-06T11:23:44.270+0000][gc,phases     ] GC(8)   Post Evacuate Collection Set: 0.8ms
[2020-12-06T11:23:44.270+0000][gc,phases     ] GC(8)   Other: 0.3ms
[2020-12-06T11:23:44.270+0000][gc,heap       ] GC(8) Eden regions: 46->0(49)
[2020-12-06T11:23:44.270+0000][gc,heap       ] GC(8) Survivor regions: 5->4(7)
[2020-12-06T11:23:44.270+0000][gc,heap       ] GC(8) Old regions: 13->14
[2020-12-06T11:23:44.270+0000][gc,heap       ] GC(8) Humongous regions: 129->129
[2020-12-06T11:23:44.270+0000][gc,metaspace  ] GC(8) Metaspace: 39417K->39417K(1085440K)
[2020-12-06T11:23:44.270+0000][gc            ] GC(8) Pause Young (Normal) (G1 Evacuation Pause) 190M->144M(1024M) 4.351ms
[2020-12-06T11:23:44.270+0000][gc,cpu        ] GC(8) User=0.03s Sys=0.00s Real=0.00s
[2020-12-06T11:38:42.321+0000][gc,start      ] GC(9) Pause Young (Normal) (G1 Evacuation Pause)
[2020-12-06T11:38:42.321+0000][gc,task       ] GC(9) Using 8 workers of 8 for evacuation
[2020-12-06T11:38:42.324+0000][gc,phases     ] GC(9)   Pre Evacuate Collection Set: 0.0ms
[2020-12-06T11:38:42.324+0000][gc,phases     ] GC(9)   Evacuate Collection Set: 2.5ms
[2020-12-06T11:38:42.324+0000][gc,phases     ] GC(9)   Post Evacuate Collection Set: 0.7ms
[2020-12-06T11:38:42.324+0000][gc,phases     ] GC(9)   Other: 0.3ms
[2020-12-06T11:38:42.324+0000][gc,heap       ] GC(9) Eden regions: 49->0(60)
[2020-12-06T11:38:42.324+0000][gc,heap       ] GC(9) Survivor regions: 4->5(7)
[2020-12-06T11:38:42.324+0000][gc,heap       ] GC(9) Old regions: 14->14
[2020-12-06T11:38:42.324+0000][gc,heap       ] GC(9) Humongous regions: 129->129
[2020-12-06T11:38:42.324+0000][gc,metaspace  ] GC(9) Metaspace: 39493K->39493K(1085440K)
[2020-12-06T11:38:42.324+0000][gc            ] GC(9) Pause Young (Normal) (G1 Evacuation Pause) 193M->146M(1024M) 3.641ms
[2020-12-06T11:38:42.324+0000][gc,cpu        ] GC(9) User=0.02s Sys=0.00s Real=0.00s
[2020-12-06T11:58:42.157+0000][gc,start      ] GC(10) Pause Young (Normal) (G1 Evacuation Pause)
[2020-12-06T11:58:42.157+0000][gc,task       ] GC(10) Using 8 workers of 8 for evacuation
[2020-12-06T11:58:42.160+0000][gc,phases     ] GC(10)   Pre Evacuate Collection Set: 0.0ms
[2020-12-06T11:58:42.160+0000][gc,phases     ] GC(10)   Evacuate Collection Set: 2.4ms
[2020-12-06T11:58:42.160+0000][gc,phases     ] GC(10)   Post Evacuate Collection Set: 0.7ms
[2020-12-06T11:58:42.160+0000][gc,phases     ] GC(10)   Other: 0.3ms
[2020-12-06T11:58:42.160+0000][gc,heap       ] GC(10) Eden regions: 60->0(571)
[2020-12-06T11:58:42.160+0000][gc,heap       ] GC(10) Survivor regions: 5->4(9)
[2020-12-06T11:58:42.160+0000][gc,heap       ] GC(10) Old regions: 14->14
[2020-12-06T11:58:42.160+0000][gc,heap       ] GC(10) Humongous regions: 129->129
[2020-12-06T11:58:42.160+0000][gc,metaspace  ] GC(10) Metaspace: 39514K->39514K(1085440K)
[2020-12-06T11:58:42.160+0000][gc            ] GC(10) Pause Young (Normal) (G1 Evacuation Pause) 206M->145M(1024M) 3.522ms
[2020-12-06T11:58:42.160+0000][gc,cpu        ] GC(10) User=0.02s Sys=0.00s Real=0.01s
[2020-12-06T15:10:38.754+0000][gc,start      ] GC(11) Pause Young (Normal) (G1 Evacuation Pause)
[2020-12-06T15:10:38.754+0000][gc,task       ] GC(11) Using 8 workers of 8 for evacuation
[2020-12-06T15:10:38.758+0000][gc,phases     ] GC(11)   Pre Evacuate Collection Set: 0.0ms
[2020-12-06T15:10:38.758+0000][gc,phases     ] GC(11)   Evacuate Collection Set: 3.0ms
[2020-12-06T15:10:38.758+0000][gc,phases     ] GC(11)   Post Evacuate Collection Set: 1.1ms
[2020-12-06T15:10:38.758+0000][gc,phases     ] GC(11)   Other: 0.4ms
[2020-12-06T15:10:38.758+0000][gc,heap       ] GC(11) Eden regions: 571->0(610)
[2020-12-06T15:10:38.758+0000][gc,heap       ] GC(11) Survivor regions: 4->4(72)
[2020-12-06T15:10:38.758+0000][gc,heap       ] GC(11) Old regions: 14->14
[2020-12-06T15:10:38.758+0000][gc,heap       ] GC(11) Humongous regions: 129->129
[2020-12-06T15:10:38.758+0000][gc,metaspace  ] GC(11) Metaspace: 39676K->39676K(1085440K)
[2020-12-06T15:10:38.759+0000][gc            ] GC(11) Pause Young (Normal) (G1 Evacuation Pause) 716M->145M(1024M) 4.656ms
[2020-12-06T15:10:38.759+0000][gc,cpu        ] GC(11) User=0.02s Sys=0.00s Real=0.01s
[2020-12-06T23:03:38.754+0000][gc,start      ] GC(12) Pause Young (Normal) (G1 Evacuation Pause)
[2020-12-06T23:03:38.754+0000][gc,task       ] GC(12) Using 8 workers of 8 for evacuation
[2020-12-06T23:03:38.758+0000][gc,phases     ] GC(12)   Pre Evacuate Collection Set: 0.0ms
[2020-12-06T23:03:38.758+0000][gc,phases     ] GC(12)   Evacuate Collection Set: 2.6ms
[2020-12-06T23:03:38.758+0000][gc,phases     ] GC(12)   Post Evacuate Collection Set: 1.0ms
[2020-12-06T23:03:38.758+0000][gc,phases     ] GC(12)   Other: 0.3ms
[2020-12-06T23:03:38.758+0000][gc,heap       ] GC(12) Eden regions: 610->0(610)
[2020-12-06T23:03:38.758+0000][gc,heap       ] GC(12) Survivor regions: 4->4(77)
[2020-12-06T23:03:38.758+0000][gc,heap       ] GC(12) Old regions: 14->14
[2020-12-06T23:03:38.758+0000][gc,heap       ] GC(12) Humongous regions: 129->129
[2020-12-06T23:03:38.758+0000][gc,metaspace  ] GC(12) Metaspace: 39756K->39756K(1085440K)
[2020-12-06T23:03:38.758+0000][gc            ] GC(12) Pause Young (Normal) (G1 Evacuation Pause) 755M->145M(1024M) 4.011ms
[2020-12-06T23:03:38.758+0000][gc,cpu        ] GC(12) User=0.02s Sys=0.00s Real=0.01s
[2020-12-07T06:58:45.304+0000][gc,start      ] GC(13) Pause Young (Normal) (G1 Evacuation Pause)
[2020-12-07T06:58:45.304+0000][gc,task       ] GC(13) Using 8 workers of 8 for evacuation
[2020-12-07T06:58:45.308+0000][gc,phases     ] GC(13)   Pre Evacuate Collection Set: 0.0ms
[2020-12-07T06:58:45.308+0000][gc,phases     ] GC(13)   Evacuate Collection Set: 3.0ms
[2020-12-07T06:58:45.308+0000][gc,phases     ] GC(13)   Post Evacuate Collection Set: 1.0ms
[2020-12-07T06:58:45.308+0000][gc,phases     ] GC(13)   Other: 0.3ms
[2020-12-07T06:58:45.308+0000][gc,heap       ] GC(13) Eden regions: 610->0(610)
[2020-12-07T06:58:45.308+0000][gc,heap       ] GC(13) Survivor regions: 4->4(77)
[2020-12-07T06:58:45.308+0000][gc,heap       ] GC(13) Old regions: 14->14
[2020-12-07T06:58:45.308+0000][gc,heap       ] GC(13) Humongous regions: 129->129
[2020-12-07T06:58:45.308+0000][gc,metaspace  ] GC(13) Metaspace: 39869K->39869K(1085440K)
[2020-12-07T06:58:45.308+0000][gc            ] GC(13) Pause Young (Normal) (G1 Evacuation Pause) 755M->145M(1024M) 4.475ms
[2020-12-07T06:58:45.308+0000][gc,cpu        ] GC(13) User=0.03s Sys=0.00s Real=0.01s
[2020-12-07T14:53:03.754+0000][gc,start      ] GC(14) Pause Young (Normal) (G1 Evacuation Pause)
[2020-12-07T14:53:03.754+0000][gc,task       ] GC(14) Using 8 workers of 8 for evacuation
[2020-12-07T14:53:03.758+0000][gc,phases     ] GC(14)   Pre Evacuate Collection Set: 0.0ms
[2020-12-07T14:53:03.758+0000][gc,phases     ] GC(14)   Evacuate Collection Set: 3.3ms
[2020-12-07T14:53:03.758+0000][gc,phases     ] GC(14)   Post Evacuate Collection Set: 1.1ms
[2020-12-07T14:53:03.758+0000][gc,phases     ] GC(14)   Other: 0.3ms
[2020-12-07T14:53:03.759+0000][gc,heap       ] GC(14) Eden regions: 610->0(610)
[2020-12-07T14:53:03.759+0000][gc,heap       ] GC(14) Survivor regions: 4->4(77)
[2020-12-07T14:53:03.759+0000][gc,heap       ] GC(14) Old regions: 14->14
[2020-12-07T14:53:03.759+0000][gc,heap       ] GC(14) Humongous regions: 129->129
[2020-12-07T14:53:03.759+0000][gc,metaspace  ] GC(14) Metaspace: 39910K->39910K(1085440K)
[2020-12-07T14:53:03.759+0000][gc            ] GC(14) Pause Young (Normal) (G1 Evacuation Pause) 755M->145M(1024M) 4.778ms
[2020-12-07T14:53:03.759+0000][gc,cpu        ] GC(14) User=0.02s Sys=0.00s Real=0.01s
[2020-12-07T22:47:42.781+0000][gc,start      ] GC(15) Pause Young (Normal) (G1 Evacuation Pause)
[2020-12-07T22:47:42.781+0000][gc,task       ] GC(15) Using 8 workers of 8 for evacuation
[2020-12-07T22:47:42.785+0000][gc,phases     ] GC(15)   Pre Evacuate Collection Set: 0.0ms
[2020-12-07T22:47:42.785+0000][gc,phases     ] GC(15)   Evacuate Collection Set: 2.2ms
[2020-12-07T22:47:42.785+0000][gc,phases     ] GC(15)   Post Evacuate Collection Set: 1.0ms
[2020-12-07T22:47:42.785+0000][gc,phases     ] GC(15)   Other: 0.3ms
[2020-12-07T22:47:42.785+0000][gc,heap       ] GC(15) Eden regions: 610->0(610)
[2020-12-07T22:47:42.785+0000][gc,heap       ] GC(15) Survivor regions: 4->4(77)
[2020-12-07T22:47:42.785+0000][gc,heap       ] GC(15) Old regions: 14->14
[2020-12-07T22:47:42.785+0000][gc,heap       ] GC(15) Humongous regions: 129->129
[2020-12-07T22:47:42.785+0000][gc,metaspace  ] GC(15) Metaspace: 39971K->39971K(1085440K)
[2020-12-07T22:47:42.785+0000][gc            ] GC(15) Pause Young (Normal) (G1 Evacuation Pause) 755M->145M(1024M) 3.673ms
[2020-12-07T22:47:42.785+0000][gc,cpu        ] GC(15) User=0.00s Sys=0.02s Real=0.00s
[2020-12-08T06:42:53.754+0000][gc,start      ] GC(16) Pause Young (Normal) (G1 Evacuation Pause)
[2020-12-08T06:42:53.754+0000][gc,task       ] GC(16) Using 8 workers of 8 for evacuation
[2020-12-08T06:42:53.758+0000][gc,phases     ] GC(16)   Pre Evacuate Collection Set: 0.0ms
[2020-12-08T06:42:53.758+0000][gc,phases     ] GC(16)   Evacuate Collection Set: 2.9ms
[2020-12-08T06:42:53.758+0000][gc,phases     ] GC(16)   Post Evacuate Collection Set: 1.1ms
[2020-12-08T06:42:53.758+0000][gc,phases     ] GC(16)   Other: 0.3ms
[2020-12-08T06:42:53.758+0000][gc,heap       ] GC(16) Eden regions: 610->0(610)
[2020-12-08T06:42:53.758+0000][gc,heap       ] GC(16) Survivor regions: 4->4(77)
[2020-12-08T06:42:53.758+0000][gc,heap       ] GC(16) Old regions: 14->14
[2020-12-08T06:42:53.758+0000][gc,heap       ] GC(16) Humongous regions: 129->129
[2020-12-08T06:42:53.758+0000][gc,metaspace  ] GC(16) Metaspace: 40003K->40003K(1085440K)
[2020-12-08T06:42:53.758+0000][gc            ] GC(16) Pause Young (Normal) (G1 Evacuation Pause) 755M->145M(1024M) 4.401ms
[2020-12-08T06:42:53.758+0000][gc,cpu        ] GC(16) User=0.01s Sys=0.01s Real=0.01s
[2020-12-08T14:37:48.193+0000][gc,start      ] GC(17) Pause Young (Normal) (G1 Evacuation Pause)
[2020-12-08T14:37:48.193+0000][gc,task       ] GC(17) Using 8 workers of 8 for evacuation
[2020-12-08T14:37:48.197+0000][gc,phases     ] GC(17)   Pre Evacuate Collection Set: 0.0ms
[2020-12-08T14:37:48.197+0000][gc,phases     ] GC(17)   Evacuate Collection Set: 2.7ms
[2020-12-08T14:37:48.197+0000][gc,phases     ] GC(17)   Post Evacuate Collection Set: 1.0ms
[2020-12-08T14:37:48.197+0000][gc,phases     ] GC(17)   Other: 0.3ms
[2020-12-08T14:37:48.197+0000][gc,heap       ] GC(17) Eden regions: 610->0(610)
[2020-12-08T14:37:48.197+0000][gc,heap       ] GC(17) Survivor regions: 4->4(77)
[2020-12-08T14:37:48.197+0000][gc,heap       ] GC(17) Old regions: 14->14
[2020-12-08T14:37:48.197+0000][gc,heap       ] GC(17) Humongous regions: 129->129
[2020-12-08T14:37:48.197+0000][gc,metaspace  ] GC(17) Metaspace: 40005K->40005K(1085440K)
[2020-12-08T14:37:48.197+0000][gc            ] GC(17) Pause Young (Normal) (G1 Evacuation Pause) 755M->145M(1024M) 4.158ms
[2020-12-08T14:37:48.197+0000][gc,cpu        ] GC(17) User=0.01s Sys=0.02s Real=0.00s
[2020-12-08T22:33:48.900+0000][gc,start      ] GC(18) Pause Young (Normal) (G1 Evacuation Pause)
[2020-12-08T22:33:48.900+0000][gc,task       ] GC(18) Using 8 workers of 8 for evacuation
[2020-12-08T22:33:48.904+0000][gc,phases     ] GC(18)   Pre Evacuate Collection Set: 0.0ms
[2020-12-08T22:33:48.904+0000][gc,phases     ] GC(18)   Evacuate Collection Set: 2.7ms
[2020-12-08T22:33:48.904+0000][gc,phases     ] GC(18)   Post Evacuate Collection Set: 1.0ms
[2020-12-08T22:33:48.904+0000][gc,phases     ] GC(18)   Other: 0.3ms
[2020-12-08T22:33:48.904+0000][gc,heap       ] GC(18) Eden regions: 610->0(610)
[2020-12-08T22:33:48.904+0000][gc,heap       ] GC(18) Survivor regions: 4->4(77)
[2020-12-08T22:33:48.904+0000][gc,heap       ] GC(18) Old regions: 14->14
[2020-12-08T22:33:48.904+0000][gc,heap       ] GC(18) Humongous regions: 129->129
[2020-12-08T22:33:48.904+0000][gc,metaspace  ] GC(18) Metaspace: 40007K->40007K(1085440K)
[2020-12-08T22:33:48.904+0000][gc            ] GC(18) Pause Young (Normal) (G1 Evacuation Pause) 755M->145M(1024M) 4.057ms
[2020-12-08T22:33:48.904+0000][gc,cpu        ] GC(18) User=0.03s Sys=0.00s Real=0.00s
[2020-12-09T06:29:43.439+0000][gc,start      ] GC(19) Pause Young (Normal) (G1 Evacuation Pause)
[2020-12-09T06:29:43.439+0000][gc,task       ] GC(19) Using 8 workers of 8 for evacuation
[2020-12-09T06:29:43.443+0000][gc,phases     ] GC(19)   Pre Evacuate Collection Set: 0.0ms
[2020-12-09T06:29:43.443+0000][gc,phases     ] GC(19)   Evacuate Collection Set: 2.9ms
[2020-12-09T06:29:43.443+0000][gc,phases     ] GC(19)   Post Evacuate Collection Set: 1.1ms
[2020-12-09T06:29:43.443+0000][gc,phases     ] GC(19)   Other: 0.3ms
[2020-12-09T06:29:43.443+0000][gc,heap       ] GC(19) Eden regions: 610->0(610)
[2020-12-09T06:29:43.443+0000][gc,heap       ] GC(19) Survivor regions: 4->4(77)
[2020-12-09T06:29:43.443+0000][gc,heap       ] GC(19) Old regions: 14->14
[2020-12-09T06:29:43.443+0000][gc,heap       ] GC(19) Humongous regions: 129->129
[2020-12-09T06:29:43.443+0000][gc,metaspace  ] GC(19) Metaspace: 40025K->40025K(1085440K)
[2020-12-09T06:29:43.443+0000][gc            ] GC(19) Pause Young (Normal) (G1 Evacuation Pause) 755M->145M(1024M) 4.459ms
[2020-12-09T06:29:43.443+0000][gc,cpu        ] GC(19) User=0.02s Sys=0.00s Real=0.00s
[2020-12-09T14:26:14.701+0000][gc,start      ] GC(20) Pause Young (Normal) (G1 Evacuation Pause)
[2020-12-09T14:26:14.701+0000][gc,task       ] GC(20) Using 8 workers of 8 for evacuation
[2020-12-09T14:26:14.705+0000][gc,phases     ] GC(20)   Pre Evacuate Collection Set: 0.0ms
[2020-12-09T14:26:14.705+0000][gc,phases     ] GC(20)   Evacuate Collection Set: 3.0ms
[2020-12-09T14:26:14.705+0000][gc,phases     ] GC(20)   Post Evacuate Collection Set: 1.1ms
[2020-12-09T14:26:14.705+0000][gc,phases     ] GC(20)   Other: 0.3ms
[2020-12-09T14:26:14.705+0000][gc,heap       ] GC(20) Eden regions: 610->0(610)
[2020-12-09T14:26:14.705+0000][gc,heap       ] GC(20) Survivor regions: 4->4(77)
[2020-12-09T14:26:14.705+0000][gc,heap       ] GC(20) Old regions: 14->14
[2020-12-09T14:26:14.705+0000][gc,heap       ] GC(20) Humongous regions: 129->129
[2020-12-09T14:26:14.705+0000][gc,metaspace  ] GC(20) Metaspace: 40031K->40031K(1085440K)
[2020-12-09T14:26:14.705+0000][gc            ] GC(20) Pause Young (Normal) (G1 Evacuation Pause) 755M->145M(1024M) 4.543ms
[2020-12-09T14:26:14.705+0000][gc,cpu        ] GC(20) User=0.02s Sys=0.00s Real=0.01s
[2020-12-09T22:22:07.603+0000][gc,start      ] GC(21) Pause Young (Normal) (G1 Evacuation Pause)
[2020-12-09T22:22:07.603+0000][gc,task       ] GC(21) Using 8 workers of 8 for evacuation
[2020-12-09T22:22:07.607+0000][gc,phases     ] GC(21)   Pre Evacuate Collection Set: 0.0ms
[2020-12-09T22:22:07.607+0000][gc,phases     ] GC(21)   Evacuate Collection Set: 2.8ms
[2020-12-09T22:22:07.607+0000][gc,phases     ] GC(21)   Post Evacuate Collection Set: 1.0ms
[2020-12-09T22:22:07.607+0000][gc,phases     ] GC(21)   Other: 0.3ms
[2020-12-09T22:22:07.607+0000][gc,heap       ] GC(21) Eden regions: 610->0(611)
[2020-12-09T22:22:07.607+0000][gc,heap       ] GC(21) Survivor regions: 4->3(77)
[2020-12-09T22:22:07.607+0000][gc,heap       ] GC(21) Old regions: 14->16
[2020-12-09T22:22:07.607+0000][gc,heap       ] GC(21) Humongous regions: 129->129
[2020-12-09T22:22:07.607+0000][gc,metaspace  ] GC(21) Metaspace: 40031K->40031K(1085440K)
[2020-12-09T22:22:07.607+0000][gc            ] GC(21) Pause Young (Normal) (G1 Evacuation Pause) 755M->145M(1024M) 4.319ms
[2020-12-09T22:22:07.607+0000][gc,cpu        ] GC(21) User=0.03s Sys=0.00s Real=0.01s
[2020-12-10T06:19:02.411+0000][gc,start      ] GC(22) Pause Young (Normal) (G1 Evacuation Pause)
[2020-12-10T06:19:02.411+0000][gc,task       ] GC(22) Using 8 workers of 8 for evacuation
[2020-12-10T06:19:02.415+0000][gc,phases     ] GC(22)   Pre Evacuate Collection Set: 0.0ms
[2020-12-10T06:19:02.415+0000][gc,phases     ] GC(22)   Evacuate Collection Set: 1.8ms
[2020-12-10T06:19:02.415+0000][gc,phases     ] GC(22)   Post Evacuate Collection Set: 1.0ms
[2020-12-10T06:19:02.415+0000][gc,phases     ] GC(22)   Other: 0.4ms
[2020-12-10T06:19:02.415+0000][gc,heap       ] GC(22) Eden regions: 611->0(611)
[2020-12-10T06:19:02.415+0000][gc,heap       ] GC(22) Survivor regions: 3->3(77)
[2020-12-10T06:19:02.415+0000][gc,heap       ] GC(22) Old regions: 16->16
[2020-12-10T06:19:02.415+0000][gc,heap       ] GC(22) Humongous regions: 129->129
[2020-12-10T06:19:02.415+0000][gc,metaspace  ] GC(22) Metaspace: 40039K->40039K(1085440K)
[2020-12-10T06:19:02.415+0000][gc            ] GC(22) Pause Young (Normal) (G1 Evacuation Pause) 756M->145M(1024M) 3.243ms
[2020-12-10T06:19:02.415+0000][gc,cpu        ] GC(22) User=0.01s Sys=0.00s Real=0.00s
[2020-12-10T14:16:28.754+0000][gc,start      ] GC(23) Pause Young (Normal) (G1 Evacuation Pause)
[2020-12-10T14:16:28.754+0000][gc,task       ] GC(23) Using 8 workers of 8 for evacuation
[2020-12-10T14:16:28.757+0000][gc,phases     ] GC(23)   Pre Evacuate Collection Set: 0.0ms
[2020-12-10T14:16:28.757+0000][gc,phases     ] GC(23)   Evacuate Collection Set: 2.0ms
[2020-12-10T14:16:28.757+0000][gc,phases     ] GC(23)   Post Evacuate Collection Set: 0.9ms
[2020-12-10T14:16:28.757+0000][gc,phases     ] GC(23)   Other: 0.3ms
[2020-12-10T14:16:28.757+0000][gc,heap       ] GC(23) Eden regions: 611->0(611)
[2020-12-10T14:16:28.757+0000][gc,heap       ] GC(23) Survivor regions: 3->3(77)
[2020-12-10T14:16:28.757+0000][gc,heap       ] GC(23) Old regions: 16->16
[2020-12-10T14:16:28.757+0000][gc,heap       ] GC(23) Humongous regions: 129->129
[2020-12-10T14:16:28.757+0000][gc,metaspace  ] GC(23) Metaspace: 40040K->40040K(1085440K)
[2020-12-10T14:16:28.757+0000][gc            ] GC(23) Pause Young (Normal) (G1 Evacuation Pause) 756M->145M(1024M) 3.367ms
[2020-12-10T14:16:28.757+0000][gc,cpu        ] GC(23) User=0.01s Sys=0.00s Real=0.00s
[2020-12-10T22:12:44.646+0000][gc,start      ] GC(24) Pause Young (Normal) (G1 Evacuation Pause)
[2020-12-10T22:12:44.646+0000][gc,task       ] GC(24) Using 8 workers of 8 for evacuation
[2020-12-10T22:12:44.649+0000][gc,phases     ] GC(24)   Pre Evacuate Collection Set: 0.0ms
[2020-12-10T22:12:44.649+0000][gc,phases     ] GC(24)   Evacuate Collection Set: 1.6ms
[2020-12-10T22:12:44.649+0000][gc,phases     ] GC(24)   Post Evacuate Collection Set: 1.0ms
[2020-12-10T22:12:44.649+0000][gc,phases     ] GC(24)   Other: 0.3ms
[2020-12-10T22:12:44.649+0000][gc,heap       ] GC(24) Eden regions: 611->0(611)
[2020-12-10T22:12:44.649+0000][gc,heap       ] GC(24) Survivor regions: 3->3(77)
[2020-12-10T22:12:44.649+0000][gc,heap       ] GC(24) Old regions: 16->16
[2020-12-10T22:12:44.649+0000][gc,heap       ] GC(24) Humongous regions: 129->129
[2020-12-10T22:12:44.649+0000][gc,metaspace  ] GC(24) Metaspace: 40045K->40045K(1085440K)
[2020-12-10T22:12:44.649+0000][gc            ] GC(24) Pause Young (Normal) (G1 Evacuation Pause) 756M->145M(1024M) 3.094ms
[2020-12-10T22:12:44.649+0000][gc,cpu        ] GC(24) User=0.02s Sys=0.01s Real=0.00s
[2020-12-11T01:01:23.849+0000][gc,start      ] GC(25) Pause Young (Concurrent Start) (G1 Humongous Allocation)
[2020-12-11T01:01:23.850+0000][gc,task       ] GC(25) Using 8 workers of 8 for evacuation
[2020-12-11T01:01:23.853+0000][gc,phases     ] GC(25)   Pre Evacuate Collection Set: 0.2ms
[2020-12-11T01:01:23.853+0000][gc,phases     ] GC(25)   Evacuate Collection Set: 2.0ms
[2020-12-11T01:01:23.853+0000][gc,phases     ] GC(25)   Post Evacuate Collection Set: 0.8ms
[2020-12-11T01:01:23.853+0000][gc,phases     ] GC(25)   Other: 0.4ms
[2020-12-11T01:01:23.853+0000][gc,heap       ] GC(25) Eden regions: 221->0(584)
[2020-12-11T01:01:23.853+0000][gc,heap       ] GC(25) Survivor regions: 3->3(77)
[2020-12-11T01:01:23.853+0000][gc,heap       ] GC(25) Old regions: 16->16
[2020-12-11T01:01:23.853+0000][gc,heap       ] GC(25) Humongous regions: 301->129
[2020-12-11T01:01:23.853+0000][gc,metaspace  ] GC(25) Metaspace: 40122K->40122K(1085440K)
[2020-12-11T01:01:23.853+0000][gc            ] GC(25) Pause Young (Concurrent Start) (G1 Humongous Allocation) 537M->145M(1024M) 3.459ms
[2020-12-11T01:01:23.853+0000][gc,cpu        ] GC(25) User=0.00s Sys=0.02s Real=0.00s
[2020-12-11T01:01:23.853+0000][gc            ] GC(26) Concurrent Cycle
[2020-12-11T01:01:23.853+0000][gc,marking    ] GC(26) Concurrent Clear Claimed Marks
[2020-12-11T01:01:23.853+0000][gc,marking    ] GC(26) Concurrent Clear Claimed Marks 0.063ms
[2020-12-11T01:01:23.853+0000][gc,marking    ] GC(26) Concurrent Scan Root Regions
[2020-12-11T01:01:23.854+0000][gc,marking    ] GC(26) Concurrent Scan Root Regions 0.960ms
[2020-12-11T01:01:23.854+0000][gc,marking    ] GC(26) Concurrent Mark (397692.793s)
[2020-12-11T01:01:23.854+0000][gc,marking    ] GC(26) Concurrent Mark From Roots
[2020-12-11T01:01:23.854+0000][gc,task       ] GC(26) Using 2 workers of 2 for marking
[2020-12-11T01:01:23.868+0000][gc,marking    ] GC(26) Concurrent Mark From Roots 14.013ms
[2020-12-11T01:01:23.868+0000][gc,marking    ] GC(26) Concurrent Preclean
[2020-12-11T01:01:23.868+0000][gc,marking    ] GC(26) Concurrent Preclean 0.315ms
[2020-12-11T01:01:23.868+0000][gc,marking    ] GC(26) Concurrent Mark (397692.793s, 397692.808s) 14.390ms
[2020-12-11T01:01:23.898+0000][gc,start      ] GC(26) Pause Remark
[2020-12-11T01:01:23.903+0000][gc,stringtable] GC(26) Cleaned string and symbol table, strings: 12672 processed, 368 removed, symbols: 83669 processed, 3 removed
[2020-12-11T01:01:23.903+0000][gc            ] GC(26) Pause Remark 202M->202M(1024M) 5.235ms
[2020-12-11T01:01:23.903+0000][gc,cpu        ] GC(26) User=0.00s Sys=0.02s Real=0.00s
[2020-12-11T01:01:23.904+0000][gc,marking    ] GC(26) Concurrent Rebuild Remembered Sets
[2020-12-11T01:01:23.911+0000][gc,marking    ] GC(26) Concurrent Rebuild Remembered Sets 7.332ms
[2020-12-11T01:01:23.911+0000][gc,start      ] GC(26) Pause Cleanup
[2020-12-11T01:01:23.911+0000][gc            ] GC(26) Pause Cleanup 202M->202M(1024M) 0.167ms
[2020-12-11T01:01:23.911+0000][gc,cpu        ] GC(26) User=0.00s Sys=0.00s Real=0.00s
[2020-12-11T01:01:23.911+0000][gc,marking    ] GC(26) Concurrent Cleanup for Next Mark
[2020-12-11T01:01:23.913+0000][gc,marking    ] GC(26) Concurrent Cleanup for Next Mark 1.730ms
[2020-12-11T01:01:23.913+0000][gc            ] GC(26) Concurrent Cycle 59.960ms
[2020-12-11T08:17:09.077+0000][gc,start      ] GC(27) Pause Young (Normal) (G1 Evacuation Pause)
[2020-12-11T08:17:09.077+0000][gc,task       ] GC(27) Using 8 workers of 8 for evacuation
[2020-12-11T08:17:09.081+0000][gc,phases     ] GC(27)   Pre Evacuate Collection Set: 0.1ms
[2020-12-11T08:17:09.081+0000][gc,phases     ] GC(27)   Evacuate Collection Set: 2.0ms
[2020-12-11T08:17:09.081+0000][gc,phases     ] GC(27)   Post Evacuate Collection Set: 1.0ms
[2020-12-11T08:17:09.081+0000][gc,phases     ] GC(27)   Other: 0.3ms
[2020-12-11T08:17:09.081+0000][gc,heap       ] GC(27) Eden regions: 560->0(613)
[2020-12-11T08:17:09.081+0000][gc,heap       ] GC(27) Survivor regions: 3->1(71)
[2020-12-11T08:17:09.081+0000][gc,heap       ] GC(27) Old regions: 16->18
[2020-12-11T08:17:09.081+0000][gc,heap       ] GC(27) Humongous regions: 273->129
[2020-12-11T08:17:09.081+0000][gc,metaspace  ] GC(27) Metaspace: 39983K->39983K(1085440K)
[2020-12-11T08:17:09.081+0000][gc            ] GC(27) Pause Young (Normal) (G1 Evacuation Pause) 849M->145M(1024M) 3.490ms
[2020-12-11T08:17:09.081+0000][gc,cpu        ] GC(27) User=0.02s Sys=0.00s Real=0.01s
[2020-12-11T08:26:49.340+0000][gc,start      ] GC(28) Pause Young (Concurrent Start) (G1 Humongous Allocation)
[2020-12-11T08:26:49.340+0000][gc,task       ] GC(28) Using 8 workers of 8 for evacuation
[2020-12-11T08:26:49.342+0000][gc,phases     ] GC(28)   Pre Evacuate Collection Set: 0.2ms
[2020-12-11T08:26:49.342+0000][gc,phases     ] GC(28)   Evacuate Collection Set: 1.0ms
[2020-12-11T08:26:49.342+0000][gc,phases     ] GC(28)   Post Evacuate Collection Set: 0.8ms
[2020-12-11T08:26:49.342+0000][gc,phases     ] GC(28)   Other: 0.4ms
[2020-12-11T08:26:49.342+0000][gc,heap       ] GC(28) Eden regions: 19->0(436)
[2020-12-11T08:26:49.342+0000][gc,heap       ] GC(28) Survivor regions: 1->1(77)
[2020-12-11T08:26:49.342+0000][gc,heap       ] GC(28) Old regions: 18->18
[2020-12-11T08:26:49.342+0000][gc,heap       ] GC(28) Humongous regions: 319->129
[2020-12-11T08:26:49.342+0000][gc,metaspace  ] GC(28) Metaspace: 40000K->40000K(1085440K)
[2020-12-11T08:26:49.342+0000][gc            ] GC(28) Pause Young (Concurrent Start) (G1 Humongous Allocation) 354M->145M(1024M) 2.471ms
[2020-12-11T08:26:49.342+0000][gc,cpu        ] GC(28) User=0.00s Sys=0.00s Real=0.00s
[2020-12-11T08:26:49.342+0000][gc            ] GC(29) Concurrent Cycle
[2020-12-11T08:26:49.342+0000][gc,marking    ] GC(29) Concurrent Clear Claimed Marks
[2020-12-11T08:26:49.342+0000][gc,marking    ] GC(29) Concurrent Clear Claimed Marks 0.064ms
[2020-12-11T08:26:49.342+0000][gc,marking    ] GC(29) Concurrent Scan Root Regions
[2020-12-11T08:26:49.343+0000][gc,marking    ] GC(29) Concurrent Scan Root Regions 0.503ms
[2020-12-11T08:26:49.343+0000][gc,marking    ] GC(29) Concurrent Mark (424418.282s)
[2020-12-11T08:26:49.343+0000][gc,marking    ] GC(29) Concurrent Mark From Roots
[2020-12-11T08:26:49.343+0000][gc,task       ] GC(29) Using 2 workers of 2 for marking
[2020-12-11T08:26:49.358+0000][gc,marking    ] GC(29) Concurrent Mark From Roots 15.455ms
[2020-12-11T08:26:49.358+0000][gc,marking    ] GC(29) Concurrent Preclean
[2020-12-11T08:26:49.358+0000][gc,marking    ] GC(29) Concurrent Preclean 0.246ms
[2020-12-11T08:26:49.358+0000][gc,marking    ] GC(29) Concurrent Mark (424418.282s, 424418.298s) 15.774ms
[2020-12-11T08:26:49.384+0000][gc,start      ] GC(29) Pause Remark
[2020-12-11T08:26:49.386+0000][gc,stringtable] GC(29) Cleaned string and symbol table, strings: 12309 processed, 0 removed, symbols: 83666 processed, 16 removed
[2020-12-11T08:26:49.386+0000][gc            ] GC(29) Pause Remark 194M->194M(1024M) 2.657ms
[2020-12-11T08:26:49.386+0000][gc,cpu        ] GC(29) User=0.00s Sys=0.02s Real=0.01s
[2020-12-11T08:26:49.386+0000][gc,marking    ] GC(29) Concurrent Rebuild Remembered Sets
[2020-12-11T08:26:49.395+0000][gc,marking    ] GC(29) Concurrent Rebuild Remembered Sets 8.710ms
[2020-12-11T08:26:49.401+0000][gc,start      ] GC(29) Pause Cleanup
[2020-12-11T08:26:49.401+0000][gc            ] GC(29) Pause Cleanup 252M->252M(1024M) 0.248ms
[2020-12-11T08:26:49.401+0000][gc,cpu        ] GC(29) User=0.01s Sys=0.00s Real=0.00s
[2020-12-11T08:26:49.401+0000][gc,marking    ] GC(29) Concurrent Cleanup for Next Mark
[2020-12-11T08:26:49.403+0000][gc,marking    ] GC(29) Concurrent Cleanup for Next Mark 1.824ms
[2020-12-11T08:26:49.403+0000][gc            ] GC(29) Concurrent Cycle 60.804ms
[2020-12-11T08:26:53.918+0000][gc,start      ] GC(30) Pause Young (Concurrent Start) (G1 Humongous Allocation)
[2020-12-11T08:26:53.918+0000][gc,task       ] GC(30) Using 8 workers of 8 for evacuation
[2020-12-11T08:26:53.920+0000][gc,phases     ] GC(30)   Pre Evacuate Collection Set: 0.2ms
[2020-12-11T08:26:53.920+0000][gc,phases     ] GC(30)   Evacuate Collection Set: 1.0ms
[2020-12-11T08:26:53.920+0000][gc,phases     ] GC(30)   Post Evacuate Collection Set: 0.6ms
[2020-12-11T08:26:53.920+0000][gc,phases     ] GC(30)   Other: 0.4ms
[2020-12-11T08:26:53.920+0000][gc,heap       ] GC(30) Eden regions: 5->0(514)
[2020-12-11T08:26:53.920+0000][gc,heap       ] GC(30) Survivor regions: 1->1(58)
[2020-12-11T08:26:53.920+0000][gc,heap       ] GC(30) Old regions: 18->18
[2020-12-11T08:26:53.920+0000][gc,heap       ] GC(30) Humongous regions: 324->178
[2020-12-11T08:26:53.920+0000][gc,metaspace  ] GC(30) Metaspace: 40016K->40016K(1085440K)
[2020-12-11T08:26:53.920+0000][gc            ] GC(30) Pause Young (Concurrent Start) (G1 Humongous Allocation) 345M->194M(1024M) 2.247ms
[2020-12-11T08:26:53.920+0000][gc,cpu        ] GC(30) User=0.00s Sys=0.01s Real=0.00s
[2020-12-11T08:26:53.920+0000][gc            ] GC(31) Concurrent Cycle
[2020-12-11T08:26:53.920+0000][gc,marking    ] GC(31) Concurrent Clear Claimed Marks
[2020-12-11T08:26:53.921+0000][gc,marking    ] GC(31) Concurrent Clear Claimed Marks 0.053ms
[2020-12-11T08:26:53.921+0000][gc,marking    ] GC(31) Concurrent Scan Root Regions
[2020-12-11T08:26:53.921+0000][gc,marking    ] GC(31) Concurrent Scan Root Regions 0.409ms
[2020-12-11T08:26:53.921+0000][gc,marking    ] GC(31) Concurrent Mark (424422.860s)
[2020-12-11T08:26:53.921+0000][gc,marking    ] GC(31) Concurrent Mark From Roots
[2020-12-11T08:26:53.921+0000][gc,task       ] GC(31) Using 2 workers of 2 for marking
[2020-12-11T08:26:53.937+0000][gc,marking    ] GC(31) Concurrent Mark From Roots 15.922ms
[2020-12-11T08:26:53.937+0000][gc,marking    ] GC(31) Concurrent Preclean
[2020-12-11T08:26:53.937+0000][gc,marking    ] GC(31) Concurrent Preclean 0.248ms
[2020-12-11T08:26:53.937+0000][gc,marking    ] GC(31) Concurrent Mark (424422.860s, 424422.877s) 16.234ms
[2020-12-11T08:26:53.937+0000][gc,start      ] GC(31) Pause Remark
[2020-12-11T08:26:53.940+0000][gc,stringtable] GC(31) Cleaned string and symbol table, strings: 12315 processed, 0 removed, symbols: 83650 processed, 0 removed
[2020-12-11T08:26:53.940+0000][gc            ] GC(31) Pause Remark 244M->244M(1024M) 2.528ms
[2020-12-11T08:26:53.940+0000][gc,cpu        ] GC(31) User=0.00s Sys=0.02s Real=0.00s
[2020-12-11T08:26:53.940+0000][gc,marking    ] GC(31) Concurrent Rebuild Remembered Sets
[2020-12-11T08:26:53.949+0000][gc,marking    ] GC(31) Concurrent Rebuild Remembered Sets 8.720ms
[2020-12-11T08:26:53.949+0000][gc,start      ] GC(31) Pause Cleanup
[2020-12-11T08:26:53.949+0000][gc            ] GC(31) Pause Cleanup 244M->244M(1024M) 0.175ms
[2020-12-11T08:26:53.949+0000][gc,cpu        ] GC(31) User=0.00s Sys=0.00s Real=0.00s
[2020-12-11T08:26:53.949+0000][gc,marking    ] GC(31) Concurrent Cleanup for Next Mark
[2020-12-11T08:26:53.951+0000][gc,marking    ] GC(31) Concurrent Cleanup for Next Mark 1.797ms
[2020-12-11T08:26:53.951+0000][gc            ] GC(31) Concurrent Cycle 30.579ms
[2020-12-11T08:27:04.343+0000][gc,start      ] GC(32) Pause Young (Concurrent Start) (G1 Humongous Allocation)
[2020-12-11T08:27:04.343+0000][gc,task       ] GC(32) Using 8 workers of 8 for evacuation
[2020-12-11T08:27:04.345+0000][gc,phases     ] GC(32)   Pre Evacuate Collection Set: 0.2ms
[2020-12-11T08:27:04.345+0000][gc,phases     ] GC(32)   Evacuate Collection Set: 1.0ms
[2020-12-11T08:27:04.345+0000][gc,phases     ] GC(32)   Post Evacuate Collection Set: 0.6ms
[2020-12-11T08:27:04.345+0000][gc,phases     ] GC(32)   Other: 0.4ms
[2020-12-11T08:27:04.345+0000][gc,heap       ] GC(32) Eden regions: 7->0(567)
[2020-12-11T08:27:04.345+0000][gc,heap       ] GC(32) Survivor regions: 1->1(65)
[2020-12-11T08:27:04.345+0000][gc,heap       ] GC(32) Old regions: 18->18
[2020-12-11T08:27:04.345+0000][gc,heap       ] GC(32) Humongous regions: 338->129
[2020-12-11T08:27:04.345+0000][gc,metaspace  ] GC(32) Metaspace: 40021K->40021K(1085440K)
[2020-12-11T08:27:04.345+0000][gc            ] GC(32) Pause Young (Concurrent Start) (G1 Humongous Allocation) 361M->145M(1024M) 2.352ms
[2020-12-11T08:27:04.345+0000][gc,cpu        ] GC(32) User=0.00s Sys=0.01s Real=0.00s
[2020-12-11T08:27:04.345+0000][gc            ] GC(33) Concurrent Cycle
[2020-12-11T08:27:04.345+0000][gc,marking    ] GC(33) Concurrent Clear Claimed Marks
[2020-12-11T08:27:04.345+0000][gc,marking    ] GC(33) Concurrent Clear Claimed Marks 0.059ms
[2020-12-11T08:27:04.345+0000][gc,marking    ] GC(33) Concurrent Scan Root Regions
[2020-12-11T08:27:04.346+0000][gc,marking    ] GC(33) Concurrent Scan Root Regions 0.417ms
[2020-12-11T08:27:04.346+0000][gc,marking    ] GC(33) Concurrent Mark (424433.285s)
[2020-12-11T08:27:04.346+0000][gc,marking    ] GC(33) Concurrent Mark From Roots
[2020-12-11T08:27:04.346+0000][gc,task       ] GC(33) Using 2 workers of 2 for marking
[2020-12-11T08:27:04.362+0000][gc,marking    ] GC(33) Concurrent Mark From Roots 15.847ms
[2020-12-11T08:27:04.362+0000][gc,marking    ] GC(33) Concurrent Preclean
[2020-12-11T08:27:04.362+0000][gc,marking    ] GC(33) Concurrent Preclean 0.215ms
[2020-12-11T08:27:04.362+0000][gc,marking    ] GC(33) Concurrent Mark (424433.285s, 424433.301s) 16.115ms
[2020-12-11T08:27:04.362+0000][gc,start      ] GC(33) Pause Remark
[2020-12-11T08:27:04.364+0000][gc,stringtable] GC(33) Cleaned string and symbol table, strings: 12315 processed, 5 removed, symbols: 83650 processed, 0 removed
[2020-12-11T08:27:04.364+0000][gc            ] GC(33) Pause Remark 163M->163M(1024M) 2.385ms
[2020-12-11T08:27:04.364+0000][gc,cpu        ] GC(33) User=0.00s Sys=0.02s Real=0.00s
[2020-12-11T08:27:04.365+0000][gc,marking    ] GC(33) Concurrent Rebuild Remembered Sets
[2020-12-11T08:27:04.373+0000][gc,marking    ] GC(33) Concurrent Rebuild Remembered Sets 8.528ms
[2020-12-11T08:27:04.373+0000][gc,start      ] GC(33) Pause Cleanup
[2020-12-11T08:27:04.373+0000][gc            ] GC(33) Pause Cleanup 163M->163M(1024M) 0.194ms
[2020-12-11T08:27:04.373+0000][gc,cpu        ] GC(33) User=0.00s Sys=0.00s Real=0.00s
[2020-12-11T08:27:04.373+0000][gc,marking    ] GC(33) Concurrent Cleanup for Next Mark
[2020-12-11T08:27:04.375+0000][gc,marking    ] GC(33) Concurrent Cleanup for Next Mark 1.800ms
[2020-12-11T08:27:04.375+0000][gc            ] GC(33) Concurrent Cycle 30.119ms
[2020-12-11T15:48:36.084+0000][gc,start      ] GC(34) Pause Young (Normal) (G1 Evacuation Pause)
[2020-12-11T15:48:36.084+0000][gc,task       ] GC(34) Using 8 workers of 8 for evacuation
[2020-12-11T15:48:36.086+0000][gc,phases     ] GC(34)   Pre Evacuate Collection Set: 0.0ms
[2020-12-11T15:48:36.086+0000][gc,phases     ] GC(34)   Evacuate Collection Set: 0.9ms
[2020-12-11T15:48:36.086+0000][gc,phases     ] GC(34)   Post Evacuate Collection Set: 1.0ms
[2020-12-11T15:48:36.086+0000][gc,phases     ] GC(34)   Other: 0.3ms
[2020-12-11T15:48:36.086+0000][gc,heap       ] GC(34) Eden regions: 567->0(601)
[2020-12-11T15:48:36.086+0000][gc,heap       ] GC(34) Survivor regions: 1->1(71)
[2020-12-11T15:48:36.086+0000][gc,heap       ] GC(34) Old regions: 18->18
[2020-12-11T15:48:36.086+0000][gc,heap       ] GC(34) Humongous regions: 216->129
[2020-12-11T15:48:36.086+0000][gc,metaspace  ] GC(34) Metaspace: 40033K->40033K(1085440K)
[2020-12-11T15:48:36.086+0000][gc            ] GC(34) Pause Young (Normal) (G1 Evacuation Pause) 799M->145M(1024M) 2.309ms
[2020-12-11T15:48:36.086+0000][gc,cpu        ] GC(34) User=0.00s Sys=0.01s Real=0.01s
[2020-12-11T23:36:47.598+0000][gc,start      ] GC(35) Pause Young (Normal) (G1 Evacuation Pause)
[2020-12-11T23:36:47.598+0000][gc,task       ] GC(35) Using 8 workers of 8 for evacuation
[2020-12-11T23:36:47.600+0000][gc,phases     ] GC(35)   Pre Evacuate Collection Set: 0.0ms
[2020-12-11T23:36:47.600+0000][gc,phases     ] GC(35)   Evacuate Collection Set: 1.0ms
[2020-12-11T23:36:47.600+0000][gc,phases     ] GC(35)   Post Evacuate Collection Set: 0.9ms
[2020-12-11T23:36:47.600+0000][gc,phases     ] GC(35)   Other: 0.3ms
[2020-12-11T23:36:47.600+0000][gc,heap       ] GC(35) Eden regions: 601->0(604)
[2020-12-11T23:36:47.600+0000][gc,heap       ] GC(35) Survivor regions: 1->1(76)
[2020-12-11T23:36:47.600+0000][gc,heap       ] GC(35) Old regions: 18->18
[2020-12-11T23:36:47.600+0000][gc,heap       ] GC(35) Humongous regions: 129->129
[2020-12-11T23:36:47.600+0000][gc,metaspace  ] GC(35) Metaspace: 40036K->40036K(1085440K)
[2020-12-11T23:36:47.600+0000][gc            ] GC(35) Pause Young (Normal) (G1 Evacuation Pause) 746M->145M(1024M) 2.314ms
[2020-12-11T23:36:47.600+0000][gc,cpu        ] GC(35) User=0.01s Sys=0.00s Real=0.00s
[2020-12-12T07:28:22.769+0000][gc,start      ] GC(36) Pause Young (Normal) (G1 Evacuation Pause)
[2020-12-12T07:28:22.769+0000][gc,task       ] GC(36) Using 8 workers of 8 for evacuation
[2020-12-12T07:28:22.771+0000][gc,phases     ] GC(36)   Pre Evacuate Collection Set: 0.0ms
[2020-12-12T07:28:22.771+0000][gc,phases     ] GC(36)   Evacuate Collection Set: 0.7ms
[2020-12-12T07:28:22.771+0000][gc,phases     ] GC(36)   Post Evacuate Collection Set: 0.8ms
[2020-12-12T07:28:22.771+0000][gc,phases     ] GC(36)   Other: 0.3ms
[2020-12-12T07:28:22.771+0000][gc,heap       ] GC(36) Eden regions: 604->0(409)
[2020-12-12T07:28:22.771+0000][gc,heap       ] GC(36) Survivor regions: 1->1(76)
[2020-12-12T07:28:22.771+0000][gc,heap       ] GC(36) Old regions: 18->18
[2020-12-12T07:28:22.771+0000][gc,heap       ] GC(36) Humongous regions: 129->129
[2020-12-12T07:28:22.771+0000][gc,metaspace  ] GC(36) Metaspace: 40036K->40036K(1085440K)
[2020-12-12T07:28:22.771+0000][gc            ] GC(36) Pause Young (Normal) (G1 Evacuation Pause) 749M->145M(1024M) 1.864ms
[2020-12-12T07:28:22.771+0000][gc,cpu        ] GC(36) User=0.01s Sys=0.00s Real=0.00s
[2020-12-12T12:46:56.643+0000][gc,start      ] GC(37) Pause Young (Normal) (G1 Evacuation Pause)
[2020-12-12T12:46:56.643+0000][gc,task       ] GC(37) Using 8 workers of 8 for evacuation
[2020-12-12T12:46:56.645+0000][gc,phases     ] GC(37)   Pre Evacuate Collection Set: 0.0ms
[2020-12-12T12:46:56.645+0000][gc,phases     ] GC(37)   Evacuate Collection Set: 0.6ms
[2020-12-12T12:46:56.645+0000][gc,phases     ] GC(37)   Post Evacuate Collection Set: 0.8ms
[2020-12-12T12:46:56.645+0000][gc,phases     ] GC(37)   Other: 0.3ms
[2020-12-12T12:46:56.645+0000][gc,heap       ] GC(37) Eden regions: 409->0(461)
[2020-12-12T12:46:56.645+0000][gc,heap       ] GC(37) Survivor regions: 1->1(52)
[2020-12-12T12:46:56.645+0000][gc,heap       ] GC(37) Old regions: 18->18
[2020-12-12T12:46:56.645+0000][gc,heap       ] GC(37) Humongous regions: 129->129
[2020-12-12T12:46:56.645+0000][gc,metaspace  ] GC(37) Metaspace: 40036K->40036K(1085440K)
[2020-12-12T12:46:56.645+0000][gc            ] GC(37) Pause Young (Normal) (G1 Evacuation Pause) 554M->145M(1024M) 1.790ms
[2020-12-12T12:46:56.645+0000][gc,cpu        ] GC(37) User=0.00s Sys=0.00s Real=0.00s
[2020-12-12T18:45:13.754+0000][gc,start      ] GC(38) Pause Young (Normal) (G1 Evacuation Pause)
[2020-12-12T18:45:13.754+0000][gc,task       ] GC(38) Using 8 workers of 8 for evacuation
[2020-12-12T18:45:13.756+0000][gc,phases     ] GC(38)   Pre Evacuate Collection Set: 0.0ms
[2020-12-12T18:45:13.756+0000][gc,phases     ] GC(38)   Evacuate Collection Set: 0.9ms
[2020-12-12T18:45:13.756+0000][gc,phases     ] GC(38)   Post Evacuate Collection Set: 0.8ms
[2020-12-12T18:45:13.756+0000][gc,phases     ] GC(38)   Other: 0.3ms
[2020-12-12T18:45:13.756+0000][gc,heap       ] GC(38) Eden regions: 461->0(579)
[2020-12-12T18:45:13.756+0000][gc,heap       ] GC(38) Survivor regions: 1->1(58)
[2020-12-12T18:45:13.756+0000][gc,heap       ] GC(38) Old regions: 18->18
[2020-12-12T18:45:13.756+0000][gc,heap       ] GC(38) Humongous regions: 129->129
[2020-12-12T18:45:13.756+0000][gc,metaspace  ] GC(38) Metaspace: 40036K->40036K(1085440K)
[2020-12-12T18:45:13.756+0000][gc            ] GC(38) Pause Young (Normal) (G1 Evacuation Pause) 606M->145M(1024M) 2.079ms
[2020-12-12T18:45:13.756+0000][gc,cpu        ] GC(38) User=0.01s Sys=0.00s Real=0.00s
[2020-12-13T02:16:42.778+0000][gc,start      ] GC(39) Pause Young (Normal) (G1 Evacuation Pause)
[2020-12-13T02:16:42.778+0000][gc,task       ] GC(39) Using 8 workers of 8 for evacuation
[2020-12-13T02:16:42.780+0000][gc,phases     ] GC(39)   Pre Evacuate Collection Set: 0.0ms
[2020-12-13T02:16:42.780+0000][gc,phases     ] GC(39)   Evacuate Collection Set: 0.9ms
[2020-12-13T02:16:42.780+0000][gc,phases     ] GC(39)   Post Evacuate Collection Set: 0.8ms
[2020-12-13T02:16:42.780+0000][gc,phases     ] GC(39)   Other: 0.3ms
[2020-12-13T02:16:42.780+0000][gc,heap       ] GC(39) Eden regions: 579->0(613)
[2020-12-13T02:16:42.780+0000][gc,heap       ] GC(39) Survivor regions: 1->1(73)
[2020-12-13T02:16:42.780+0000][gc,heap       ] GC(39) Old regions: 18->18
[2020-12-13T02:16:42.780+0000][gc,heap       ] GC(39) Humongous regions: 129->129
[2020-12-13T02:16:42.780+0000][gc,metaspace  ] GC(39) Metaspace: 40036K->40036K(1085440K)
[2020-12-13T02:16:42.780+0000][gc            ] GC(39) Pause Young (Normal) (G1 Evacuation Pause) 724M->145M(1024M) 2.140ms
[2020-12-13T02:16:42.780+0000][gc,cpu        ] GC(39) User=0.01s Sys=0.00s Real=0.00s
[2020-12-13T10:14:43.564+0000][gc,start      ] GC(40) Pause Young (Normal) (G1 Evacuation Pause)
[2020-12-13T10:14:43.564+0000][gc,task       ] GC(40) Using 8 workers of 8 for evacuation
[2020-12-13T10:14:43.566+0000][gc,phases     ] GC(40)   Pre Evacuate Collection Set: 0.0ms
[2020-12-13T10:14:43.566+0000][gc,phases     ] GC(40)   Evacuate Collection Set: 1.0ms
[2020-12-13T10:14:43.566+0000][gc,phases     ] GC(40)   Post Evacuate Collection Set: 0.8ms
[2020-12-13T10:14:43.566+0000][gc,phases     ] GC(40)   Other: 0.3ms
[2020-12-13T10:14:43.566+0000][gc,heap       ] GC(40) Eden regions: 613->0(613)
[2020-12-13T10:14:43.566+0000][gc,heap       ] GC(40) Survivor regions: 1->1(77)
[2020-12-13T10:14:43.566+0000][gc,heap       ] GC(40) Old regions: 18->18
[2020-12-13T10:14:43.566+0000][gc,heap       ] GC(40) Humongous regions: 129->129
[2020-12-13T10:14:43.566+0000][gc,metaspace  ] GC(40) Metaspace: 40040K->40040K(1085440K)
[2020-12-13T10:14:43.566+0000][gc            ] GC(40) Pause Young (Normal) (G1 Evacuation Pause) 758M->145M(1024M) 2.160ms
[2020-12-13T10:14:43.566+0000][gc,cpu        ] GC(40) User=0.01s Sys=0.00s Real=0.01s
[2020-12-13T18:12:34.188+0000][gc,start      ] GC(41) Pause Young (Normal) (G1 Evacuation Pause)
[2020-12-13T18:12:34.188+0000][gc,task       ] GC(41) Using 8 workers of 8 for evacuation
[2020-12-13T18:12:34.191+0000][gc,phases     ] GC(41)   Pre Evacuate Collection Set: 0.0ms
[2020-12-13T18:12:34.191+0000][gc,phases     ] GC(41)   Evacuate Collection Set: 0.8ms
[2020-12-13T18:12:34.191+0000][gc,phases     ] GC(41)   Post Evacuate Collection Set: 0.9ms
[2020-12-13T18:12:34.191+0000][gc,phases     ] GC(41)   Other: 0.3ms
[2020-12-13T18:12:34.191+0000][gc,heap       ] GC(41) Eden regions: 613->0(613)
[2020-12-13T18:12:34.191+0000][gc,heap       ] GC(41) Survivor regions: 1->1(77)
[2020-12-13T18:12:34.191+0000][gc,heap       ] GC(41) Old regions: 18->18
[2020-12-13T18:12:34.191+0000][gc,heap       ] GC(41) Humongous regions: 178->129
[2020-12-13T18:12:34.191+0000][gc,metaspace  ] GC(41) Metaspace: 40082K->40082K(1085440K)
[2020-12-13T18:12:34.191+0000][gc            ] GC(41) Pause Young (Normal) (G1 Evacuation Pause) 807M->145M(1024M) 2.170ms
[2020-12-13T18:12:34.191+0000][gc,cpu        ] GC(41) User=0.00s Sys=0.01s Real=0.00s
[2020-12-14T02:10:30.088+0000][gc,start      ] GC(42) Pause Young (Normal) (G1 Evacuation Pause)
[2020-12-14T02:10:30.088+0000][gc,task       ] GC(42) Using 8 workers of 8 for evacuation
[2020-12-14T02:10:30.091+0000][gc,phases     ] GC(42)   Pre Evacuate Collection Set: 0.0ms
[2020-12-14T02:10:30.091+0000][gc,phases     ] GC(42)   Evacuate Collection Set: 1.0ms
[2020-12-14T02:10:30.091+0000][gc,phases     ] GC(42)   Post Evacuate Collection Set: 0.9ms
[2020-12-14T02:10:30.091+0000][gc,phases     ] GC(42)   Other: 0.3ms
[2020-12-14T02:10:30.091+0000][gc,heap       ] GC(42) Eden regions: 613->0(613)
[2020-12-14T02:10:30.091+0000][gc,heap       ] GC(42) Survivor regions: 1->1(77)
[2020-12-14T02:10:30.091+0000][gc,heap       ] GC(42) Old regions: 18->18
[2020-12-14T02:10:30.091+0000][gc,heap       ] GC(42) Humongous regions: 129->129
[2020-12-14T02:10:30.091+0000][gc,metaspace  ] GC(42) Metaspace: 40082K->40082K(1085440K)
[2020-12-14T02:10:30.091+0000][gc            ] GC(42) Pause Young (Normal) (G1 Evacuation Pause) 758M->145M(1024M) 2.401ms
[2020-12-14T02:10:30.091+0000][gc,cpu        ] GC(42) User=0.01s Sys=0.00s Real=0.00s
[2020-12-14T10:08:42.781+0000][gc,start      ] GC(43) Pause Young (Normal) (G1 Evacuation Pause)
[2020-12-14T10:08:42.781+0000][gc,task       ] GC(43) Using 8 workers of 8 for evacuation
[2020-12-14T10:08:42.783+0000][gc,phases     ] GC(43)   Pre Evacuate Collection Set: 0.0ms
[2020-12-14T10:08:42.783+0000][gc,phases     ] GC(43)   Evacuate Collection Set: 1.0ms
[2020-12-14T10:08:42.783+0000][gc,phases     ] GC(43)   Post Evacuate Collection Set: 0.8ms
[2020-12-14T10:08:42.783+0000][gc,phases     ] GC(43)   Other: 0.3ms
[2020-12-14T10:08:42.783+0000][gc,heap       ] GC(43) Eden regions: 613->0(613)
[2020-12-14T10:08:42.783+0000][gc,heap       ] GC(43) Survivor regions: 1->1(77)
[2020-12-14T10:08:42.783+0000][gc,heap       ] GC(43) Old regions: 18->18
[2020-12-14T10:08:42.783+0000][gc,heap       ] GC(43) Humongous regions: 129->129
[2020-12-14T10:08:42.783+0000][gc,metaspace  ] GC(43) Metaspace: 40083K->40083K(1085440K)
[2020-12-14T10:08:42.783+0000][gc            ] GC(43) Pause Young (Normal) (G1 Evacuation Pause) 758M->145M(1024M) 2.200ms
[2020-12-14T10:08:42.783+0000][gc,cpu        ] GC(43) User=0.01s Sys=0.00s Real=0.00s
[2020-12-14T18:06:53.439+0000][gc,start      ] GC(44) Pause Young (Normal) (G1 Evacuation Pause)
[2020-12-14T18:06:53.439+0000][gc,task       ] GC(44) Using 8 workers of 8 for evacuation
[2020-12-14T18:06:53.441+0000][gc,phases     ] GC(44)   Pre Evacuate Collection Set: 0.0ms
[2020-12-14T18:06:53.441+0000][gc,phases     ] GC(44)   Evacuate Collection Set: 0.7ms
[2020-12-14T18:06:53.441+0000][gc,phases     ] GC(44)   Post Evacuate Collection Set: 0.8ms
[2020-12-14T18:06:53.441+0000][gc,phases     ] GC(44)   Other: 0.3ms
[2020-12-14T18:06:53.441+0000][gc,heap       ] GC(44) Eden regions: 613->0(613)
[2020-12-14T18:06:53.441+0000][gc,heap       ] GC(44) Survivor regions: 1->1(77)
[2020-12-14T18:06:53.441+0000][gc,heap       ] GC(44) Old regions: 18->19
[2020-12-14T18:06:53.441+0000][gc,heap       ] GC(44) Humongous regions: 129->129
[2020-12-14T18:06:53.441+0000][gc,metaspace  ] GC(44) Metaspace: 40083K->40083K(1085440K)
[2020-12-14T18:06:53.441+0000][gc            ] GC(44) Pause Young (Normal) (G1 Evacuation Pause) 758M->145M(1024M) 1.999ms
[2020-12-14T18:06:53.441+0000][gc,cpu        ] GC(44) User=0.00s Sys=0.00s Real=0.00s
[2020-12-15T02:04:54.251+0000][gc,start      ] GC(45) Pause Young (Normal) (G1 Evacuation Pause)
[2020-12-15T02:04:54.251+0000][gc,task       ] GC(45) Using 8 workers of 8 for evacuation
[2020-12-15T02:04:54.253+0000][gc,phases     ] GC(45)   Pre Evacuate Collection Set: 0.0ms
[2020-12-15T02:04:54.253+0000][gc,phases     ] GC(45)   Evacuate Collection Set: 0.7ms
[2020-12-15T02:04:54.253+0000][gc,phases     ] GC(45)   Post Evacuate Collection Set: 0.8ms
[2020-12-15T02:04:54.253+0000][gc,phases     ] GC(45)   Other: 0.3ms
[2020-12-15T02:04:54.253+0000][gc,heap       ] GC(45) Eden regions: 613->0(613)
[2020-12-15T02:04:54.253+0000][gc,heap       ] GC(45) Survivor regions: 1->1(77)
[2020-12-15T02:04:54.253+0000][gc,heap       ] GC(45) Old regions: 19->19
[2020-12-15T02:04:54.253+0000][gc,heap       ] GC(45) Humongous regions: 129->129
[2020-12-15T02:04:54.253+0000][gc,metaspace  ] GC(45) Metaspace: 40083K->40083K(1085440K)
[2020-12-15T02:04:54.253+0000][gc            ] GC(45) Pause Young (Normal) (G1 Evacuation Pause) 758M->145M(1024M) 1.967ms
[2020-12-15T02:04:54.253+0000][gc,cpu        ] GC(45) User=0.00s Sys=0.00s Real=0.00s
[2020-12-15T10:03:13.402+0000][gc,start      ] GC(46) Pause Young (Normal) (G1 Evacuation Pause)
[2020-12-15T10:03:13.402+0000][gc,task       ] GC(46) Using 8 workers of 8 for evacuation
[2020-12-15T10:03:13.404+0000][gc,phases     ] GC(46)   Pre Evacuate Collection Set: 0.0ms
[2020-12-15T10:03:13.404+0000][gc,phases     ] GC(46)   Evacuate Collection Set: 0.7ms
[2020-12-15T10:03:13.404+0000][gc,phases     ] GC(46)   Post Evacuate Collection Set: 0.8ms
[2020-12-15T10:03:13.404+0000][gc,phases     ] GC(46)   Other: 0.3ms
[2020-12-15T10:03:13.404+0000][gc,heap       ] GC(46) Eden regions: 613->0(613)
[2020-12-15T10:03:13.404+0000][gc,heap       ] GC(46) Survivor regions: 1->1(77)
[2020-12-15T10:03:13.404+0000][gc,heap       ] GC(46) Old regions: 19->19
[2020-12-15T10:03:13.404+0000][gc,heap       ] GC(46) Humongous regions: 129->129
[2020-12-15T10:03:13.404+0000][gc,metaspace  ] GC(46) Metaspace: 40083K->40083K(1085440K)
[2020-12-15T10:03:13.404+0000][gc            ] GC(46) Pause Young (Normal) (G1 Evacuation Pause) 758M->145M(1024M) 1.937ms
[2020-12-15T10:03:13.404+0000][gc,cpu        ] GC(46) User=0.01s Sys=0.00s Real=0.00s
[2020-12-15T18:00:42.781+0000][gc,start      ] GC(47) Pause Young (Normal) (G1 Evacuation Pause)
[2020-12-15T18:00:42.781+0000][gc,task       ] GC(47) Using 8 workers of 8 for evacuation
[2020-12-15T18:00:42.783+0000][gc,phases     ] GC(47)   Pre Evacuate Collection Set: 0.0ms
[2020-12-15T18:00:42.783+0000][gc,phases     ] GC(47)   Evacuate Collection Set: 1.0ms
[2020-12-15T18:00:42.783+0000][gc,phases     ] GC(47)   Post Evacuate Collection Set: 0.9ms
[2020-12-15T18:00:42.783+0000][gc,phases     ] GC(47)   Other: 0.3ms
[2020-12-15T18:00:42.783+0000][gc,heap       ] GC(47) Eden regions: 613->0(613)
[2020-12-15T18:00:42.783+0000][gc,heap       ] GC(47) Survivor regions: 1->1(77)
[2020-12-15T18:00:42.783+0000][gc,heap       ] GC(47) Old regions: 19->19
[2020-12-15T18:00:42.783+0000][gc,heap       ] GC(47) Humongous regions: 129->129
[2020-12-15T18:00:42.783+0000][gc,metaspace  ] GC(47) Metaspace: 40233K->40233K(1085440K)
[2020-12-15T18:00:42.783+0000][gc            ] GC(47) Pause Young (Normal) (G1 Evacuation Pause) 758M->146M(1024M) 2.417ms
[2020-12-15T18:00:42.783+0000][gc,cpu        ] GC(47) User=0.01s Sys=0.00s Real=0.00s
[2020-12-16T01:59:17.085+0000][gc,start      ] GC(48) Pause Young (Normal) (G1 Evacuation Pause)
[2020-12-16T01:59:17.085+0000][gc,task       ] GC(48) Using 8 workers of 8 for evacuation
[2020-12-16T01:59:17.087+0000][gc,phases     ] GC(48)   Pre Evacuate Collection Set: 0.0ms
[2020-12-16T01:59:17.087+0000][gc,phases     ] GC(48)   Evacuate Collection Set: 0.8ms
[2020-12-16T01:59:17.087+0000][gc,phases     ] GC(48)   Post Evacuate Collection Set: 1.0ms
[2020-12-16T01:59:17.088+0000][gc,phases     ] GC(48)   Other: 0.3ms
[2020-12-16T01:59:17.088+0000][gc,heap       ] GC(48) Eden regions: 613->0(613)
[2020-12-16T01:59:17.088+0000][gc,heap       ] GC(48) Survivor regions: 1->1(77)
[2020-12-16T01:59:17.088+0000][gc,heap       ] GC(48) Old regions: 19->19
[2020-12-16T01:59:17.088+0000][gc,heap       ] GC(48) Humongous regions: 129->129
[2020-12-16T01:59:17.088+0000][gc,metaspace  ] GC(48) Metaspace: 40233K->40233K(1085440K)
[2020-12-16T01:59:17.088+0000][gc            ] GC(48) Pause Young (Normal) (G1 Evacuation Pause) 759M->146M(1024M) 2.202ms
[2020-12-16T01:59:17.088+0000][gc,cpu        ] GC(48) User=0.01s Sys=0.00s Real=0.00s
[2020-12-16T09:58:10.334+0000][gc,start      ] GC(49) Pause Young (Normal) (G1 Evacuation Pause)
[2020-12-16T09:58:10.334+0000][gc,task       ] GC(49) Using 8 workers of 8 for evacuation
[2020-12-16T09:58:10.337+0000][gc,phases     ] GC(49)   Pre Evacuate Collection Set: 0.0ms
[2020-12-16T09:58:10.337+0000][gc,phases     ] GC(49)   Evacuate Collection Set: 1.1ms
[2020-12-16T09:58:10.337+0000][gc,phases     ] GC(49)   Post Evacuate Collection Set: 1.0ms
[2020-12-16T09:58:10.337+0000][gc,phases     ] GC(49)   Other: 0.3ms
[2020-12-16T09:58:10.337+0000][gc,heap       ] GC(49) Eden regions: 613->0(613)
[2020-12-16T09:58:10.337+0000][gc,heap       ] GC(49) Survivor regions: 1->1(77)
[2020-12-16T09:58:10.337+0000][gc,heap       ] GC(49) Old regions: 19->19
[2020-12-16T09:58:10.337+0000][gc,heap       ] GC(49) Humongous regions: 129->129
[2020-12-16T09:58:10.337+0000][gc,metaspace  ] GC(49) Metaspace: 40233K->40233K(1085440K)
[2020-12-16T09:58:10.337+0000][gc            ] GC(49) Pause Young (Normal) (G1 Evacuation Pause) 759M->146M(1024M) 2.576ms
[2020-12-16T09:58:10.337+0000][gc,cpu        ] GC(49) User=0.01s Sys=0.00s Real=0.00s
[2020-12-16T17:56:06.516+0000][gc,start      ] GC(50) Pause Young (Normal) (G1 Evacuation Pause)
[2020-12-16T17:56:06.516+0000][gc,task       ] GC(50) Using 8 workers of 8 for evacuation
[2020-12-16T17:56:06.519+0000][gc,phases     ] GC(50)   Pre Evacuate Collection Set: 0.0ms
[2020-12-16T17:56:06.519+0000][gc,phases     ] GC(50)   Evacuate Collection Set: 1.1ms
[2020-12-16T17:56:06.519+0000][gc,phases     ] GC(50)   Post Evacuate Collection Set: 1.0ms
[2020-12-16T17:56:06.519+0000][gc,phases     ] GC(50)   Other: 0.3ms
[2020-12-16T17:56:06.519+0000][gc,heap       ] GC(50) Eden regions: 613->0(613)
[2020-12-16T17:56:06.519+0000][gc,heap       ] GC(50) Survivor regions: 1->1(77)
[2020-12-16T17:56:06.519+0000][gc,heap       ] GC(50) Old regions: 19->19
[2020-12-16T17:56:06.519+0000][gc,heap       ] GC(50) Humongous regions: 129->129
[2020-12-16T17:56:06.519+0000][gc,metaspace  ] GC(50) Metaspace: 40235K->40235K(1085440K)
[2020-12-16T17:56:06.519+0000][gc            ] GC(50) Pause Young (Normal) (G1 Evacuation Pause) 759M->146M(1024M) 2.538ms
[2020-12-16T17:56:06.519+0000][gc,cpu        ] GC(50) User=0.01s Sys=0.00s Real=0.01s
[2020-12-17T01:54:07.753+0000][gc,start      ] GC(51) Pause Young (Normal) (G1 Evacuation Pause)
[2020-12-17T01:54:07.753+0000][gc,task       ] GC(51) Using 8 workers of 8 for evacuation
[2020-12-17T01:54:07.755+0000][gc,phases     ] GC(51)   Pre Evacuate Collection Set: 0.0ms
[2020-12-17T01:54:07.755+0000][gc,phases     ] GC(51)   Evacuate Collection Set: 0.8ms
[2020-12-17T01:54:07.755+0000][gc,phases     ] GC(51)   Post Evacuate Collection Set: 1.0ms
[2020-12-17T01:54:07.755+0000][gc,phases     ] GC(51)   Other: 0.3ms
[2020-12-17T01:54:07.755+0000][gc,heap       ] GC(51) Eden regions: 613->0(613)
[2020-12-17T01:54:07.755+0000][gc,heap       ] GC(51) Survivor regions: 1->1(77)
[2020-12-17T01:54:07.755+0000][gc,heap       ] GC(51) Old regions: 19->19
[2020-12-17T01:54:07.755+0000][gc,heap       ] GC(51) Humongous regions: 129->129
[2020-12-17T01:54:07.755+0000][gc,metaspace  ] GC(51) Metaspace: 40242K->40242K(1085440K)
[2020-12-17T01:54:07.755+0000][gc            ] GC(51) Pause Young (Normal) (G1 Evacuation Pause) 759M->146M(1024M) 2.206ms
[2020-12-17T01:54:07.755+0000][gc,cpu        ] GC(51) User=0.01s Sys=0.00s Real=0.00s
[2020-12-17T09:53:13.402+0000][gc,start      ] GC(52) Pause Young (Normal) (G1 Evacuation Pause)
[2020-12-17T09:53:13.402+0000][gc,task       ] GC(52) Using 8 workers of 8 for evacuation
[2020-12-17T09:53:13.404+0000][gc,phases     ] GC(52)   Pre Evacuate Collection Set: 0.0ms
[2020-12-17T09:53:13.404+0000][gc,phases     ] GC(52)   Evacuate Collection Set: 1.1ms
[2020-12-17T09:53:13.404+0000][gc,phases     ] GC(52)   Post Evacuate Collection Set: 1.0ms
[2020-12-17T09:53:13.404+0000][gc,phases     ] GC(52)   Other: 0.3ms
[2020-12-17T09:53:13.404+0000][gc,heap       ] GC(52) Eden regions: 613->0(613)
[2020-12-17T09:53:13.404+0000][gc,heap       ] GC(52) Survivor regions: 1->1(77)
[2020-12-17T09:53:13.404+0000][gc,heap       ] GC(52) Old regions: 19->19
[2020-12-17T09:53:13.404+0000][gc,heap       ] GC(52) Humongous regions: 129->129
[2020-12-17T09:53:13.404+0000][gc,metaspace  ] GC(52) Metaspace: 40245K->40245K(1085440K)
[2020-12-17T09:53:13.404+0000][gc            ] GC(52) Pause Young (Normal) (G1 Evacuation Pause) 759M->146M(1024M) 2.595ms
[2020-12-17T09:53:13.404+0000][gc,cpu        ] GC(52) User=0.01s Sys=0.00s Real=0.00s
[2020-12-17T17:50:59.641+0000][gc,start      ] GC(53) Pause Young (Normal) (G1 Evacuation Pause)
[2020-12-17T17:50:59.641+0000][gc,task       ] GC(53) Using 8 workers of 8 for evacuation
[2020-12-17T17:50:59.643+0000][gc,phases     ] GC(53)   Pre Evacuate Collection Set: 0.0ms
[2020-12-17T17:50:59.643+0000][gc,phases     ] GC(53)   Evacuate Collection Set: 0.8ms
[2020-12-17T17:50:59.643+0000][gc,phases     ] GC(53)   Post Evacuate Collection Set: 1.1ms
[2020-12-17T17:50:59.643+0000][gc,phases     ] GC(53)   Other: 0.4ms
[2020-12-17T17:50:59.644+0000][gc,heap       ] GC(53) Eden regions: 613->0(613)
[2020-12-17T17:50:59.644+0000][gc,heap       ] GC(53) Survivor regions: 1->1(77)
[2020-12-17T17:50:59.644+0000][gc,heap       ] GC(53) Old regions: 19->19
[2020-12-17T17:50:59.644+0000][gc,heap       ] GC(53) Humongous regions: 129->129
[2020-12-17T17:50:59.644+0000][gc,metaspace  ] GC(53) Metaspace: 40245K->40245K(1085440K)
[2020-12-17T17:50:59.644+0000][gc            ] GC(53) Pause Young (Normal) (G1 Evacuation Pause) 759M->146M(1024M) 2.398ms
[2020-12-17T17:50:59.644+0000][gc,cpu        ] GC(53) User=0.01s Sys=0.00s Real=0.00s
[2020-12-18T01:49:05.979+0000][gc,start      ] GC(54) Pause Young (Normal) (G1 Evacuation Pause)
[2020-12-18T01:49:05.979+0000][gc,task       ] GC(54) Using 8 workers of 8 for evacuation
[2020-12-18T01:49:05.981+0000][gc,phases     ] GC(54)   Pre Evacuate Collection Set: 0.0ms
[2020-12-18T01:49:05.981+0000][gc,phases     ] GC(54)   Evacuate Collection Set: 0.8ms
[2020-12-18T01:49:05.981+0000][gc,phases     ] GC(54)   Post Evacuate Collection Set: 1.0ms
[2020-12-18T01:49:05.981+0000][gc,phases     ] GC(54)   Other: 0.3ms
[2020-12-18T01:49:05.981+0000][gc,heap       ] GC(54) Eden regions: 613->0(613)
[2020-12-18T01:49:05.981+0000][gc,heap       ] GC(54) Survivor regions: 1->1(77)
[2020-12-18T01:49:05.981+0000][gc,heap       ] GC(54) Old regions: 19->19
[2020-12-18T01:49:05.981+0000][gc,heap       ] GC(54) Humongous regions: 129->129
[2020-12-18T01:49:05.981+0000][gc,metaspace  ] GC(54) Metaspace: 40245K->40245K(1085440K)
[2020-12-18T01:49:05.981+0000][gc            ] GC(54) Pause Young (Normal) (G1 Evacuation Pause) 759M->146M(1024M) 2.273ms
[2020-12-18T01:49:05.981+0000][gc,cpu        ] GC(54) User=0.01s Sys=0.00s Real=0.00s
[2020-12-18T09:47:20.594+0000][gc,start      ] GC(55) Pause Young (Normal) (G1 Evacuation Pause)
[2020-12-18T09:47:20.594+0000][gc,task       ] GC(55) Using 8 workers of 8 for evacuation
[2020-12-18T09:47:20.596+0000][gc,phases     ] GC(55)   Pre Evacuate Collection Set: 0.0ms
[2020-12-18T09:47:20.596+0000][gc,phases     ] GC(55)   Evacuate Collection Set: 1.1ms
[2020-12-18T09:47:20.596+0000][gc,phases     ] GC(55)   Post Evacuate Collection Set: 1.0ms
[2020-12-18T09:47:20.596+0000][gc,phases     ] GC(55)   Other: 0.4ms
[2020-12-18T09:47:20.596+0000][gc,heap       ] GC(55) Eden regions: 613->0(613)
[2020-12-18T09:47:20.596+0000][gc,heap       ] GC(55) Survivor regions: 1->1(77)
[2020-12-18T09:47:20.596+0000][gc,heap       ] GC(55) Old regions: 19->19
[2020-12-18T09:47:20.596+0000][gc,heap       ] GC(55) Humongous regions: 129->129
[2020-12-18T09:47:20.596+0000][gc,metaspace  ] GC(55) Metaspace: 40245K->40245K(1085440K)
[2020-12-18T09:47:20.596+0000][gc            ] GC(55) Pause Young (Normal) (G1 Evacuation Pause) 759M->146M(1024M) 2.599ms
[2020-12-18T09:47:20.596+0000][gc,cpu        ] GC(55) User=0.01s Sys=0.00s Real=0.00s
[2020-12-18T17:45:34.937+0000][gc,start      ] GC(56) Pause Young (Normal) (G1 Evacuation Pause)
[2020-12-18T17:45:34.937+0000][gc,task       ] GC(56) Using 8 workers of 8 for evacuation
[2020-12-18T17:45:34.939+0000][gc,phases     ] GC(56)   Pre Evacuate Collection Set: 0.0ms
[2020-12-18T17:45:34.939+0000][gc,phases     ] GC(56)   Evacuate Collection Set: 0.8ms
[2020-12-18T17:45:34.939+0000][gc,phases     ] GC(56)   Post Evacuate Collection Set: 1.0ms
[2020-12-18T17:45:34.940+0000][gc,phases     ] GC(56)   Other: 0.3ms
[2020-12-18T17:45:34.940+0000][gc,heap       ] GC(56) Eden regions: 613->0(613)
[2020-12-18T17:45:34.940+0000][gc,heap       ] GC(56) Survivor regions: 1->1(77)
[2020-12-18T17:45:34.940+0000][gc,heap       ] GC(56) Old regions: 19->19
[2020-12-18T17:45:34.940+0000][gc,heap       ] GC(56) Humongous regions: 129->129
[2020-12-18T17:45:34.940+0000][gc,metaspace  ] GC(56) Metaspace: 40245K->40245K(1085440K)
[2020-12-18T17:45:34.940+0000][gc            ] GC(56) Pause Young (Normal) (G1 Evacuation Pause) 759M->146M(1024M) 2.197ms
[2020-12-18T17:45:34.940+0000][gc,cpu        ] GC(56) User=0.01s Sys=0.00s Real=0.00s
[2020-12-19T01:41:57.235+0000][gc,start      ] GC(57) Pause Young (Normal) (G1 Evacuation Pause)
[2020-12-19T01:41:57.235+0000][gc,task       ] GC(57) Using 8 workers of 8 for evacuation
[2020-12-19T01:41:57.238+0000][gc,phases     ] GC(57)   Pre Evacuate Collection Set: 0.0ms
[2020-12-19T01:41:57.238+0000][gc,phases     ] GC(57)   Evacuate Collection Set: 1.9ms
[2020-12-19T01:41:57.238+0000][gc,phases     ] GC(57)   Post Evacuate Collection Set: 1.1ms
[2020-12-19T01:41:57.238+0000][gc,phases     ] GC(57)   Other: 0.3ms
[2020-12-19T01:41:57.238+0000][gc,heap       ] GC(57) Eden regions: 613->0(613)
[2020-12-19T01:41:57.238+0000][gc,heap       ] GC(57) Survivor regions: 1->1(77)
[2020-12-19T01:41:57.238+0000][gc,heap       ] GC(57) Old regions: 19->19
[2020-12-19T01:41:57.238+0000][gc,heap       ] GC(57) Humongous regions: 129->129
[2020-12-19T01:41:57.238+0000][gc,metaspace  ] GC(57) Metaspace: 40405K->40405K(1085440K)
[2020-12-19T01:41:57.239+0000][gc            ] GC(57) Pause Young (Normal) (G1 Evacuation Pause) 759M->146M(1024M) 3.369ms
[2020-12-19T01:41:57.239+0000][gc,cpu        ] GC(57) User=0.02s Sys=0.00s Real=0.01s
[2020-12-19T05:18:29.276+0000][gc,start      ] GC(58) Pause Young (Normal) (G1 Evacuation Pause)
[2020-12-19T05:18:29.276+0000][gc,task       ] GC(58) Using 8 workers of 8 for evacuation
[2020-12-19T05:18:29.280+0000][gc,phases     ] GC(58)   Pre Evacuate Collection Set: 0.0ms
[2020-12-19T05:18:29.280+0000][gc,phases     ] GC(58)   Evacuate Collection Set: 2.6ms
[2020-12-19T05:18:29.280+0000][gc,phases     ] GC(58)   Post Evacuate Collection Set: 1.1ms
[2020-12-19T05:18:29.281+0000][gc,phases     ] GC(58)   Other: 0.4ms
[2020-12-19T05:18:29.281+0000][gc,heap       ] GC(58) Eden regions: 613->0(610)
[2020-12-19T05:18:29.281+0000][gc,heap       ] GC(58) Survivor regions: 1->4(77)
[2020-12-19T05:18:29.281+0000][gc,heap       ] GC(58) Old regions: 19->19
[2020-12-19T05:18:29.281+0000][gc,heap       ] GC(58) Humongous regions: 129->129
[2020-12-19T05:18:29.281+0000][gc,metaspace  ] GC(58) Metaspace: 40521K->40521K(1087488K)
[2020-12-19T05:18:29.281+0000][gc            ] GC(58) Pause Young (Normal) (G1 Evacuation Pause) 759M->148M(1024M) 4.206ms
[2020-12-19T05:18:29.281+0000][gc,cpu        ] GC(58) User=0.03s Sys=0.00s Real=0.01s
[2020-12-19T11:13:18.772+0000][gc,start      ] GC(59) Pause Young (Normal) (G1 Evacuation Pause)
[2020-12-19T11:13:18.772+0000][gc,task       ] GC(59) Using 8 workers of 8 for evacuation
[2020-12-19T11:13:18.777+0000][gc,phases     ] GC(59)   Pre Evacuate Collection Set: 0.0ms
[2020-12-19T11:13:18.777+0000][gc,phases     ] GC(59)   Evacuate Collection Set: 3.7ms
[2020-12-19T11:13:18.777+0000][gc,phases     ] GC(59)   Post Evacuate Collection Set: 1.1ms
[2020-12-19T11:13:18.777+0000][gc,phases     ] GC(59)   Other: 0.4ms
[2020-12-19T11:13:18.777+0000][gc,heap       ] GC(59) Eden regions: 610->0(609)
[2020-12-19T11:13:18.777+0000][gc,heap       ] GC(59) Survivor regions: 4->5(77)
[2020-12-19T11:13:18.777+0000][gc,heap       ] GC(59) Old regions: 19->19
[2020-12-19T11:13:18.777+0000][gc,heap       ] GC(59) Humongous regions: 129->129
[2020-12-19T11:13:18.777+0000][gc,metaspace  ] GC(59) Metaspace: 40536K->40536K(1087488K)
[2020-12-19T11:13:18.777+0000][gc            ] GC(59) Pause Young (Normal) (G1 Evacuation Pause) 758M->149M(1024M) 5.301ms
[2020-12-19T11:13:18.777+0000][gc,cpu        ] GC(59) User=0.03s Sys=0.00s Real=0.00s
[2020-12-19T19:04:33.754+0000][gc,start      ] GC(60) Pause Young (Normal) (G1 Evacuation Pause)
[2020-12-19T19:04:33.754+0000][gc,task       ] GC(60) Using 8 workers of 8 for evacuation
[2020-12-19T19:04:33.759+0000][gc,phases     ] GC(60)   Pre Evacuate Collection Set: 0.1ms
[2020-12-19T19:04:33.759+0000][gc,phases     ] GC(60)   Evacuate Collection Set: 3.4ms
[2020-12-19T19:04:33.759+0000][gc,phases     ] GC(60)   Post Evacuate Collection Set: 1.1ms
[2020-12-19T19:04:33.759+0000][gc,phases     ] GC(60)   Other: 0.3ms
[2020-12-19T19:04:33.759+0000][gc,heap       ] GC(60) Eden regions: 609->0(609)
[2020-12-19T19:04:33.759+0000][gc,heap       ] GC(60) Survivor regions: 5->5(77)
[2020-12-19T19:04:33.759+0000][gc,heap       ] GC(60) Old regions: 19->19
[2020-12-19T19:04:33.759+0000][gc,heap       ] GC(60) Humongous regions: 178->129
[2020-12-19T19:04:33.759+0000][gc,metaspace  ] GC(60) Metaspace: 40536K->40536K(1087488K)
[2020-12-19T19:04:33.759+0000][gc            ] GC(60) Pause Young (Normal) (G1 Evacuation Pause) 807M->149M(1024M) 4.973ms
[2020-12-19T19:04:33.759+0000][gc,cpu        ] GC(60) User=0.03s Sys=0.00s Real=0.01s
[2020-12-20T02:55:18.754+0000][gc,start      ] GC(61) Pause Young (Normal) (G1 Evacuation Pause)
[2020-12-20T02:55:18.754+0000][gc,task       ] GC(61) Using 8 workers of 8 for evacuation
[2020-12-20T02:55:18.758+0000][gc,phases     ] GC(61)   Pre Evacuate Collection Set: 0.0ms
[2020-12-20T02:55:18.758+0000][gc,phases     ] GC(61)   Evacuate Collection Set: 3.2ms
[2020-12-20T02:55:18.758+0000][gc,phases     ] GC(61)   Post Evacuate Collection Set: 1.0ms
[2020-12-20T02:55:18.758+0000][gc,phases     ] GC(61)   Other: 0.3ms
[2020-12-20T02:55:18.758+0000][gc,heap       ] GC(61) Eden regions: 609->0(609)
[2020-12-20T02:55:18.758+0000][gc,heap       ] GC(61) Survivor regions: 5->5(77)
[2020-12-20T02:55:18.758+0000][gc,heap       ] GC(61) Old regions: 19->19
[2020-12-20T02:55:18.758+0000][gc,heap       ] GC(61) Humongous regions: 129->129
[2020-12-20T02:55:18.758+0000][gc,metaspace  ] GC(61) Metaspace: 40536K->40536K(1087488K)
[2020-12-20T02:55:18.759+0000][gc            ] GC(61) Pause Young (Normal) (G1 Evacuation Pause) 758M->150M(1024M) 4.693ms
[2020-12-20T02:55:18.759+0000][gc,cpu        ] GC(61) User=0.02s Sys=0.00s Real=0.01s
[2020-12-20T09:28:49.928+0000][gc,start      ] GC(62) Pause Young (Normal) (G1 Evacuation Pause)
[2020-12-20T09:28:49.928+0000][gc,task       ] GC(62) Using 8 workers of 8 for evacuation
[2020-12-20T09:28:49.932+0000][gc,phases     ] GC(62)   Pre Evacuate Collection Set: 0.0ms
[2020-12-20T09:28:49.932+0000][gc,phases     ] GC(62)   Evacuate Collection Set: 2.6ms
[2020-12-20T09:28:49.932+0000][gc,phases     ] GC(62)   Post Evacuate Collection Set: 1.0ms
[2020-12-20T09:28:49.932+0000][gc,phases     ] GC(62)   Other: 0.4ms
[2020-12-20T09:28:49.932+0000][gc,heap       ] GC(62) Eden regions: 609->0(610)
[2020-12-20T09:28:49.932+0000][gc,heap       ] GC(62) Survivor regions: 5->4(77)
[2020-12-20T09:28:49.932+0000][gc,heap       ] GC(62) Old regions: 19->19
[2020-12-20T09:28:49.932+0000][gc,heap       ] GC(62) Humongous regions: 129->129
[2020-12-20T09:28:49.932+0000][gc,metaspace  ] GC(62) Metaspace: 40556K->40556K(1087488K)
[2020-12-20T09:28:49.932+0000][gc            ] GC(62) Pause Young (Normal) (G1 Evacuation Pause) 759M->149M(1024M) 4.060ms
[2020-12-20T09:28:49.932+0000][gc,cpu        ] GC(62) User=0.02s Sys=0.00s Real=0.00s
[2020-12-20T13:10:11.245+0000][gc,start      ] GC(63) Pause Young (Normal) (G1 Evacuation Pause)
[2020-12-20T13:10:11.245+0000][gc,task       ] GC(63) Using 8 workers of 8 for evacuation
[2020-12-20T13:10:11.249+0000][gc,phases     ] GC(63)   Pre Evacuate Collection Set: 0.0ms
[2020-12-20T13:10:11.249+0000][gc,phases     ] GC(63)   Evacuate Collection Set: 3.0ms
[2020-12-20T13:10:11.249+0000][gc,phases     ] GC(63)   Post Evacuate Collection Set: 1.0ms
[2020-12-20T13:10:11.249+0000][gc,phases     ] GC(63)   Other: 0.3ms
[2020-12-20T13:10:11.249+0000][gc,heap       ] GC(63) Eden regions: 610->0(610)
[2020-12-20T13:10:11.249+0000][gc,heap       ] GC(63) Survivor regions: 4->4(77)
[2020-12-20T13:10:11.249+0000][gc,heap       ] GC(63) Old regions: 19->19
[2020-12-20T13:10:11.249+0000][gc,heap       ] GC(63) Humongous regions: 129->129
[2020-12-20T13:10:11.249+0000][gc,metaspace  ] GC(63) Metaspace: 40622K->40622K(1087488K)
[2020-12-20T13:10:11.249+0000][gc            ] GC(63) Pause Young (Normal) (G1 Evacuation Pause) 759M->149M(1024M) 4.438ms
[2020-12-20T13:10:11.250+0000][gc,cpu        ] GC(63) User=0.02s Sys=0.00s Real=0.01s
[2020-12-20T16:31:49.344+0000][gc,start      ] GC(64) Pause Young (Normal) (G1 Evacuation Pause)
[2020-12-20T16:31:49.344+0000][gc,task       ] GC(64) Using 8 workers of 8 for evacuation
[2020-12-20T16:31:49.348+0000][gc,phases     ] GC(64)   Pre Evacuate Collection Set: 0.1ms
[2020-12-20T16:31:49.348+0000][gc,phases     ] GC(64)   Evacuate Collection Set: 2.7ms
[2020-12-20T16:31:49.348+0000][gc,phases     ] GC(64)   Post Evacuate Collection Set: 1.2ms
[2020-12-20T16:31:49.348+0000][gc,phases     ] GC(64)   Other: 0.4ms
[2020-12-20T16:31:49.348+0000][gc,heap       ] GC(64) Eden regions: 610->0(610)
[2020-12-20T16:31:49.348+0000][gc,heap       ] GC(64) Survivor regions: 4->4(77)
[2020-12-20T16:31:49.348+0000][gc,heap       ] GC(64) Old regions: 19->19
[2020-12-20T16:31:49.348+0000][gc,heap       ] GC(64) Humongous regions: 129->129
[2020-12-20T16:31:49.348+0000][gc,metaspace  ] GC(64) Metaspace: 40868K->40868K(1087488K)
[2020-12-20T16:31:49.348+0000][gc            ] GC(64) Pause Young (Normal) (G1 Evacuation Pause) 759M->149M(1024M) 4.450ms
[2020-12-20T16:31:49.348+0000][gc,cpu        ] GC(64) User=0.03s Sys=0.00s Real=0.01s
[2020-12-20T19:49:08.349+0000][gc,start      ] GC(65) Pause Young (Normal) (G1 Evacuation Pause)
[2020-12-20T19:49:08.349+0000][gc,task       ] GC(65) Using 8 workers of 8 for evacuation
[2020-12-20T19:49:08.354+0000][gc,phases     ] GC(65)   Pre Evacuate Collection Set: 0.0ms
[2020-12-20T19:49:08.354+0000][gc,phases     ] GC(65)   Evacuate Collection Set: 3.5ms
[2020-12-20T19:49:08.354+0000][gc,phases     ] GC(65)   Post Evacuate Collection Set: 1.1ms
[2020-12-20T19:49:08.354+0000][gc,phases     ] GC(65)   Other: 0.3ms
[2020-12-20T19:49:08.354+0000][gc,heap       ] GC(65) Eden regions: 610->0(609)
[2020-12-20T19:49:08.354+0000][gc,heap       ] GC(65) Survivor regions: 4->5(77)
[2020-12-20T19:49:08.354+0000][gc,heap       ] GC(65) Old regions: 19->19
[2020-12-20T19:49:08.354+0000][gc,heap       ] GC(65) Humongous regions: 129->129
[2020-12-20T19:49:08.354+0000][gc,metaspace  ] GC(65) Metaspace: 40986K->40986K(1087488K)
[2020-12-20T19:49:08.354+0000][gc            ] GC(65) Pause Young (Normal) (G1 Evacuation Pause) 759M->150M(1024M) 4.992ms
[2020-12-20T19:49:08.354+0000][gc,cpu        ] GC(65) User=0.03s Sys=0.00s Real=0.00s
[2020-12-20T22:35:33.754+0000][gc,start      ] GC(66) Pause Young (Normal) (G1 Evacuation Pause)
[2020-12-20T22:35:33.754+0000][gc,task       ] GC(66) Using 8 workers of 8 for evacuation
[2020-12-20T22:35:33.761+0000][gc,phases     ] GC(66)   Pre Evacuate Collection Set: 0.0ms
[2020-12-20T22:35:33.761+0000][gc,phases     ] GC(66)   Evacuate Collection Set: 4.9ms
[2020-12-20T22:35:33.761+0000][gc,phases     ] GC(66)   Post Evacuate Collection Set: 1.5ms
[2020-12-20T22:35:33.761+0000][gc,phases     ] GC(66)   Other: 0.4ms
[2020-12-20T22:35:33.761+0000][gc,heap       ] GC(66) Eden regions: 609->0(606)
[2020-12-20T22:35:33.761+0000][gc,heap       ] GC(66) Survivor regions: 5->8(77)
[2020-12-20T22:35:33.761+0000][gc,heap       ] GC(66) Old regions: 19->19
[2020-12-20T22:35:33.761+0000][gc,heap       ] GC(66) Humongous regions: 129->129
[2020-12-20T22:35:33.761+0000][gc,metaspace  ] GC(66) Metaspace: 41567K->41567K(1087488K)
[2020-12-20T22:35:33.761+0000][gc            ] GC(66) Pause Young (Normal) (G1 Evacuation Pause) 759M->153M(1024M) 6.951ms
[2020-12-20T22:35:33.761+0000][gc,cpu        ] GC(66) User=0.04s Sys=0.00s Real=0.01s
[2020-12-21T01:57:18.074+0000][gc,start      ] GC(67) Pause Young (Normal) (G1 Evacuation Pause)
[2020-12-21T01:57:18.074+0000][gc,task       ] GC(67) Using 8 workers of 8 for evacuation
[2020-12-21T01:57:18.078+0000][gc,phases     ] GC(67)   Pre Evacuate Collection Set: 0.0ms
[2020-12-21T01:57:18.079+0000][gc,phases     ] GC(67)   Evacuate Collection Set: 3.3ms
[2020-12-21T01:57:18.079+0000][gc,phases     ] GC(67)   Post Evacuate Collection Set: 1.1ms
[2020-12-21T01:57:18.079+0000][gc,phases     ] GC(67)   Other: 0.3ms
[2020-12-21T01:57:18.079+0000][gc,heap       ] GC(67) Eden regions: 606->0(608)
[2020-12-21T01:57:18.079+0000][gc,heap       ] GC(67) Survivor regions: 8->6(77)
[2020-12-21T01:57:18.079+0000][gc,heap       ] GC(67) Old regions: 19->19
[2020-12-21T01:57:18.079+0000][gc,heap       ] GC(67) Humongous regions: 129->129
[2020-12-21T01:57:18.079+0000][gc,metaspace  ] GC(67) Metaspace: 41569K->41569K(1087488K)
[2020-12-21T01:57:18.079+0000][gc            ] GC(67) Pause Young (Normal) (G1 Evacuation Pause) 759M->151M(1024M) 4.885ms
[2020-12-21T01:57:18.079+0000][gc,cpu        ] GC(67) User=0.01s Sys=0.02s Real=0.01s
[2020-12-21T08:44:05.469+0000][gc,start      ] GC(68) Pause Young (Normal) (G1 Evacuation Pause)
[2020-12-21T08:44:05.469+0000][gc,task       ] GC(68) Using 8 workers of 8 for evacuation
[2020-12-21T08:44:05.474+0000][gc,phases     ] GC(68)   Pre Evacuate Collection Set: 0.0ms
[2020-12-21T08:44:05.474+0000][gc,phases     ] GC(68)   Evacuate Collection Set: 3.9ms
[2020-12-21T08:44:05.474+0000][gc,phases     ] GC(68)   Post Evacuate Collection Set: 1.1ms
[2020-12-21T08:44:05.474+0000][gc,phases     ] GC(68)   Other: 0.3ms
[2020-12-21T08:44:05.474+0000][gc,heap       ] GC(68) Eden regions: 608->0(608)
[2020-12-21T08:44:05.474+0000][gc,heap       ] GC(68) Survivor regions: 6->6(77)
[2020-12-21T08:44:05.474+0000][gc,heap       ] GC(68) Old regions: 19->19
[2020-12-21T08:44:05.474+0000][gc,heap       ] GC(68) Humongous regions: 129->129
[2020-12-21T08:44:05.474+0000][gc,metaspace  ] GC(68) Metaspace: 41683K->41683K(1087488K)
[2020-12-21T08:44:05.474+0000][gc            ] GC(68) Pause Young (Normal) (G1 Evacuation Pause) 759M->151M(1024M) 5.451ms
[2020-12-21T08:44:05.474+0000][gc,cpu        ] GC(68) User=0.00s Sys=0.02s Real=0.00s
[2020-12-21T15:50:23.754+0000][gc,start      ] GC(69) Pause Young (Normal) (G1 Evacuation Pause)
[2020-12-21T15:50:23.754+0000][gc,task       ] GC(69) Using 8 workers of 8 for evacuation
[2020-12-21T15:50:23.763+0000][gc,phases     ] GC(69)   Pre Evacuate Collection Set: 0.0ms
[2020-12-21T15:50:23.763+0000][gc,phases     ] GC(69)   Evacuate Collection Set: 3.2ms
[2020-12-21T15:50:23.763+0000][gc,phases     ] GC(69)   Post Evacuate Collection Set: 5.3ms
[2020-12-21T15:50:23.763+0000][gc,phases     ] GC(69)   Other: 0.4ms
[2020-12-21T15:50:23.763+0000][gc,heap       ] GC(69) Eden regions: 608->0(609)
[2020-12-21T15:50:23.763+0000][gc,heap       ] GC(69) Survivor regions: 6->5(77)
[2020-12-21T15:50:23.763+0000][gc,heap       ] GC(69) Old regions: 19->19
[2020-12-21T15:50:23.763+0000][gc,heap       ] GC(69) Humongous regions: 129->129
[2020-12-21T15:50:23.763+0000][gc,metaspace  ] GC(69) Metaspace: 41822K->41822K(1087488K)
[2020-12-21T15:50:23.763+0000][gc            ] GC(69) Pause Young (Normal) (G1 Evacuation Pause) 759M->150M(1024M) 8.987ms
[2020-12-21T15:50:23.763+0000][gc,cpu        ] GC(69) User=0.07s Sys=0.00s Real=0.01s
[2020-12-21T21:07:48.851+0000][gc,start      ] GC(70) Pause Young (Normal) (G1 Evacuation Pause)
[2020-12-21T21:07:48.851+0000][gc,task       ] GC(70) Using 8 workers of 8 for evacuation
[2020-12-21T21:07:48.856+0000][gc,phases     ] GC(70)   Pre Evacuate Collection Set: 0.0ms
[2020-12-21T21:07:48.856+0000][gc,phases     ] GC(70)   Evacuate Collection Set: 3.5ms
[2020-12-21T21:07:48.856+0000][gc,phases     ] GC(70)   Post Evacuate Collection Set: 1.0ms
[2020-12-21T21:07:48.856+0000][gc,phases     ] GC(70)   Other: 0.3ms
[2020-12-21T21:07:48.856+0000][gc,heap       ] GC(70) Eden regions: 609->0(608)
[2020-12-21T21:07:48.856+0000][gc,heap       ] GC(70) Survivor regions: 5->6(77)
[2020-12-21T21:07:48.856+0000][gc,heap       ] GC(70) Old regions: 19->19
[2020-12-21T21:07:48.856+0000][gc,heap       ] GC(70) Humongous regions: 129->129
[2020-12-21T21:07:48.856+0000][gc,metaspace  ] GC(70) Metaspace: 41946K->41946K(1087488K)
[2020-12-21T21:07:48.856+0000][gc            ] GC(70) Pause Young (Normal) (G1 Evacuation Pause) 759M->152M(1024M) 5.008ms
[2020-12-21T21:07:48.856+0000][gc,cpu        ] GC(70) User=0.03s Sys=0.00s Real=0.00s
[2020-12-22T03:30:05.933+0000][gc,start      ] GC(71) Pause Young (Normal) (G1 Evacuation Pause)
[2020-12-22T03:30:05.933+0000][gc,task       ] GC(71) Using 8 workers of 8 for evacuation
[2020-12-22T03:30:05.938+0000][gc,phases     ] GC(71)   Pre Evacuate Collection Set: 0.0ms
[2020-12-22T03:30:05.938+0000][gc,phases     ] GC(71)   Evacuate Collection Set: 3.5ms
[2020-12-22T03:30:05.938+0000][gc,phases     ] GC(71)   Post Evacuate Collection Set: 1.0ms
[2020-12-22T03:30:05.938+0000][gc,phases     ] GC(71)   Other: 0.3ms
[2020-12-22T03:30:05.938+0000][gc,heap       ] GC(71) Eden regions: 608->0(608)
[2020-12-22T03:30:05.938+0000][gc,heap       ] GC(71) Survivor regions: 6->6(77)
[2020-12-22T03:30:05.938+0000][gc,heap       ] GC(71) Old regions: 19->19
[2020-12-22T03:30:05.938+0000][gc,heap       ] GC(71) Humongous regions: 129->129
[2020-12-22T03:30:05.938+0000][gc,metaspace  ] GC(71) Metaspace: 42029K->42029K(1087488K)
[2020-12-22T03:30:05.938+0000][gc            ] GC(71) Pause Young (Normal) (G1 Evacuation Pause) 760M->151M(1024M) 4.956ms
[2020-12-22T03:30:05.938+0000][gc,cpu        ] GC(71) User=0.03s Sys=0.00s Real=0.01s
