[2020-11-20T12:40:28.873+0000][gc,heap] Heap region size: 1M
[2020-11-20T12:40:28.888+0000][gc     ] Using G1
[2020-11-20T12:40:28.888+0000][gc,heap,coops] Heap address: 0x00000000c0000000, size: 1024 MB, Compressed Oops mode: 32-bit
[2020-11-20T12:40:28.888+0000][gc,cds       ] Mark closed archive regions in map: [0x00000000ffe00000, 0x00000000ffe6aff8]
[2020-11-20T12:40:28.888+0000][gc,cds       ] Mark open archive regions in map: [0x00000000ffc00000, 0x00000000ffc46ff8]
[2020-11-20T12:40:30.216+0000][gc,start     ] GC(0) Pause Young (Normal) (G1 Evacuation Pause)
[2020-11-20T12:40:30.219+0000][gc,task      ] GC(0) Using 8 workers of 8 for evacuation
[2020-11-20T12:40:30.242+0000][gc,mmu       ] GC(0) MMU target violated: 21.0ms (20.0ms/21.0ms)
[2020-11-20T12:40:30.242+0000][gc,phases    ] GC(0)   Pre Evacuate Collection Set: 0.0ms
[2020-11-20T12:40:30.242+0000][gc,phases    ] GC(0)   Evacuate Collection Set: 21.8ms
[2020-11-20T12:40:30.242+0000][gc,phases    ] GC(0)   Post Evacuate Collection Set: 1.0ms
[2020-11-20T12:40:30.242+0000][gc,phases    ] GC(0)   Other: 3.2ms
[2020-11-20T12:40:30.242+0000][gc,heap      ] GC(0) Eden regions: 51->0(44)
[2020-11-20T12:40:30.242+0000][gc,heap      ] GC(0) Survivor regions: 0->7(7)
[2020-11-20T12:40:30.242+0000][gc,heap      ] GC(0) Old regions: 2->2
[2020-11-20T12:40:30.242+0000][gc,heap      ] GC(0) Humongous regions: 0->0
[2020-11-20T12:40:30.242+0000][gc,metaspace ] GC(0) Metaspace: 15455K->15455K(1062912K)
[2020-11-20T12:40:30.242+0000][gc           ] GC(0) Pause Young (Normal) (G1 Evacuation Pause) 51M->6M(1024M) 26.130ms
[2020-11-20T12:40:30.242+0000][gc,cpu       ] GC(0) User=0.12s Sys=0.03s Real=0.03s
[2020-11-20T12:40:30.621+0000][gc,start     ] GC(1) Pause Young (Concurrent Start) (Metadata GC Threshold)
[2020-11-20T12:40:30.622+0000][gc,task      ] GC(1) Using 8 workers of 8 for evacuation
[2020-11-20T12:40:30.675+0000][gc,mmu       ] GC(1) MMU target violated: 21.0ms (20.0ms/21.0ms)
[2020-11-20T12:40:30.675+0000][gc,phases    ] GC(1)   Pre Evacuate Collection Set: 0.1ms
[2020-11-20T12:40:30.675+0000][gc,phases    ] GC(1)   Evacuate Collection Set: 50.5ms
[2020-11-20T12:40:30.675+0000][gc,phases    ] GC(1)   Post Evacuate Collection Set: 2.7ms
[2020-11-20T12:40:30.675+0000][gc,phases    ] GC(1)   Other: 0.7ms
[2020-11-20T12:40:30.675+0000][gc,heap      ] GC(1) Eden regions: 21->0(50)
[2020-11-20T12:40:30.675+0000][gc,heap      ] GC(1) Survivor regions: 7->1(7)
[2020-11-20T12:40:30.675+0000][gc,heap      ] GC(1) Old regions: 2->9
[2020-11-20T12:40:30.675+0000][gc,heap      ] GC(1) Humongous regions: 0->0
[2020-11-20T12:40:30.675+0000][gc,metaspace ] GC(1) Metaspace: 20568K->20568K(1067008K)
[2020-11-20T12:40:30.676+0000][gc           ] GC(1) Pause Young (Concurrent Start) (Metadata GC Threshold) 27M->7M(1024M) 54.041ms
[2020-11-20T12:40:30.676+0000][gc,cpu       ] GC(1) User=0.26s Sys=0.08s Real=0.05s
[2020-11-20T12:40:30.676+0000][gc           ] GC(2) Concurrent Cycle
[2020-11-20T12:40:30.676+0000][gc,marking   ] GC(2) Concurrent Clear Claimed Marks
[2020-11-20T12:40:30.676+0000][gc,marking   ] GC(2) Concurrent Clear Claimed Marks 0.064ms
[2020-11-20T12:40:30.676+0000][gc,marking   ] GC(2) Concurrent Scan Root Regions
[2020-11-20T12:40:30.677+0000][gc,marking   ] GC(2) Concurrent Scan Root Regions 1.547ms
[2020-11-20T12:40:30.677+0000][gc,marking   ] GC(2) Concurrent Mark (1.808s)
[2020-11-20T12:40:30.677+0000][gc,marking   ] GC(2) Concurrent Mark From Roots
[2020-11-20T12:40:30.680+0000][gc,task      ] GC(2) Using 2 workers of 2 for marking
[2020-11-20T12:40:30.687+0000][gc,marking   ] GC(2) Concurrent Mark From Roots 9.547ms
[2020-11-20T12:40:30.687+0000][gc,marking   ] GC(2) Concurrent Preclean
[2020-11-20T12:40:30.687+0000][gc,marking   ] GC(2) Concurrent Preclean 0.182ms
[2020-11-20T12:40:30.687+0000][gc,marking   ] GC(2) Concurrent Mark (1.808s, 1.818s) 9.801ms
[2020-11-20T12:40:30.688+0000][gc,start     ] GC(2) Pause Remark
[2020-11-20T12:40:30.700+0000][gc,stringtable] GC(2) Cleaned string and symbol table, strings: 4962 processed, 0 removed, symbols: 51507 processed, 46 removed
[2020-11-20T12:40:30.701+0000][gc            ] GC(2) Pause Remark 8M->8M(1024M) 13.490ms
[2020-11-20T12:40:30.701+0000][gc,cpu        ] GC(2) User=0.07s Sys=0.00s Real=0.01s
[2020-11-20T12:40:30.701+0000][gc,marking    ] GC(2) Concurrent Rebuild Remembered Sets
[2020-11-20T12:40:30.704+0000][gc,marking    ] GC(2) Concurrent Rebuild Remembered Sets 2.962ms
[2020-11-20T12:40:30.704+0000][gc,start      ] GC(2) Pause Cleanup
[2020-11-20T12:40:30.705+0000][gc            ] GC(2) Pause Cleanup 8M->8M(1024M) 0.377ms
[2020-11-20T12:40:30.705+0000][gc,cpu        ] GC(2) User=0.00s Sys=0.00s Real=0.00s
[2020-11-20T12:40:30.705+0000][gc,marking    ] GC(2) Concurrent Cleanup for Next Mark
[2020-11-20T12:40:30.714+0000][gc,marking    ] GC(2) Concurrent Cleanup for Next Mark 8.876ms
[2020-11-20T12:40:30.714+0000][gc            ] GC(2) Concurrent Cycle 38.140ms
[2020-11-20T12:40:31.932+0000][gc,start      ] GC(3) Pause Young (Normal) (G1 Evacuation Pause)
[2020-11-20T12:40:31.932+0000][gc,task       ] GC(3) Using 8 workers of 8 for evacuation
[2020-11-20T12:40:31.943+0000][gc,phases     ] GC(3)   Pre Evacuate Collection Set: 0.0ms
[2020-11-20T12:40:31.943+0000][gc,phases     ] GC(3)   Evacuate Collection Set: 9.3ms
[2020-11-20T12:40:31.943+0000][gc,phases     ] GC(3)   Post Evacuate Collection Set: 0.9ms
[2020-11-20T12:40:31.943+0000][gc,phases     ] GC(3)   Other: 0.3ms
[2020-11-20T12:40:31.943+0000][gc,heap       ] GC(3) Eden regions: 50->0(46)
[2020-11-20T12:40:31.943+0000][gc,heap       ] GC(3) Survivor regions: 1->5(7)
[2020-11-20T12:40:31.943+0000][gc,heap       ] GC(3) Old regions: 9->9
[2020-11-20T12:40:31.943+0000][gc,heap       ] GC(3) Humongous regions: 129->129
[2020-11-20T12:40:31.943+0000][gc,metaspace  ] GC(3) Metaspace: 28918K->28918K(1075200K)
[2020-11-20T12:40:31.943+0000][gc            ] GC(3) Pause Young (Normal) (G1 Evacuation Pause) 186M->140M(1024M) 10.574ms
[2020-11-20T12:40:31.943+0000][gc,cpu        ] GC(3) User=0.05s Sys=0.00s Real=0.01s
[2020-11-20T12:40:32.332+0000][gc,start      ] GC(4) Pause Young (Concurrent Start) (Metadata GC Threshold)
[2020-11-20T12:40:32.333+0000][gc,task       ] GC(4) Using 8 workers of 8 for evacuation
[2020-11-20T12:40:32.347+0000][gc,phases     ] GC(4)   Pre Evacuate Collection Set: 0.1ms
[2020-11-20T12:40:32.347+0000][gc,phases     ] GC(4)   Evacuate Collection Set: 12.6ms
[2020-11-20T12:40:32.347+0000][gc,phases     ] GC(4)   Post Evacuate Collection Set: 0.8ms
[2020-11-20T12:40:32.347+0000][gc,phases     ] GC(4)   Other: 0.8ms
[2020-11-20T12:40:32.347+0000][gc,heap       ] GC(4) Eden regions: 25->0(49)
[2020-11-20T12:40:32.347+0000][gc,heap       ] GC(4) Survivor regions: 5->2(7)
[2020-11-20T12:40:32.347+0000][gc,heap       ] GC(4) Old regions: 9->13
[2020-11-20T12:40:32.347+0000][gc,heap       ] GC(4) Humongous regions: 129->129
[2020-11-20T12:40:32.347+0000][gc,metaspace  ] GC(4) Metaspace: 34511K->34511K(1081344K)
[2020-11-20T12:40:32.347+0000][gc            ] GC(4) Pause Young (Concurrent Start) (Metadata GC Threshold) 165M->141M(1024M) 14.479ms
[2020-11-20T12:40:32.347+0000][gc,cpu        ] GC(4) User=0.07s Sys=0.00s Real=0.02s
[2020-11-20T12:40:32.347+0000][gc            ] GC(5) Concurrent Cycle
[2020-11-20T12:40:32.347+0000][gc,marking    ] GC(5) Concurrent Clear Claimed Marks
[2020-11-20T12:40:32.347+0000][gc,marking    ] GC(5) Concurrent Clear Claimed Marks 0.039ms
[2020-11-20T12:40:32.347+0000][gc,marking    ] GC(5) Concurrent Scan Root Regions
[2020-11-20T12:40:32.351+0000][gc,marking    ] GC(5) Concurrent Scan Root Regions 4.367ms
[2020-11-20T12:40:32.351+0000][gc,marking    ] GC(5) Concurrent Mark (3.482s)
[2020-11-20T12:40:32.351+0000][gc,marking    ] GC(5) Concurrent Mark From Roots
[2020-11-20T12:40:32.351+0000][gc,task       ] GC(5) Using 2 workers of 2 for marking
[2020-11-20T12:40:32.371+0000][gc,marking    ] GC(5) Concurrent Mark From Roots 19.077ms
[2020-11-20T12:40:32.371+0000][gc,marking    ] GC(5) Concurrent Preclean
[2020-11-20T12:40:32.371+0000][gc,marking    ] GC(5) Concurrent Preclean 0.251ms
[2020-11-20T12:40:32.371+0000][gc,marking    ] GC(5) Concurrent Mark (3.482s, 3.502s) 19.407ms
[2020-11-20T12:40:32.371+0000][gc,start      ] GC(5) Pause Remark
[2020-11-20T12:40:32.380+0000][gc,stringtable] GC(5) Cleaned string and symbol table, strings: 10096 processed, 10 removed, symbols: 80571 processed, 13 removed
[2020-11-20T12:40:32.381+0000][gc            ] GC(5) Pause Remark 142M->142M(1024M) 9.693ms
[2020-11-20T12:40:32.381+0000][gc,cpu        ] GC(5) User=0.06s Sys=0.00s Real=0.01s
[2020-11-20T12:40:32.381+0000][gc,marking    ] GC(5) Concurrent Rebuild Remembered Sets
[2020-11-20T12:40:32.388+0000][gc,marking    ] GC(5) Concurrent Rebuild Remembered Sets 7.001ms
[2020-11-20T12:40:32.388+0000][gc,start      ] GC(5) Pause Cleanup
[2020-11-20T12:40:32.389+0000][gc            ] GC(5) Pause Cleanup 142M->142M(1024M) 0.365ms
[2020-11-20T12:40:32.389+0000][gc,cpu        ] GC(5) User=0.00s Sys=0.00s Real=0.00s
[2020-11-20T12:40:32.390+0000][gc,marking    ] GC(5) Concurrent Cleanup for Next Mark
[2020-11-20T12:40:32.399+0000][gc,marking    ] GC(5) Concurrent Cleanup for Next Mark 8.525ms
[2020-11-20T12:40:32.399+0000][gc            ] GC(5) Concurrent Cycle 51.686ms
[2020-11-20T12:45:42.610+0000][gc,heap,exit  ] Heap
[2020-11-20T12:45:42.611+0000][gc,heap,exit  ]  garbage-first heap   total 1048576K, used 184072K [0x00000000c0000000, 0x0000000100000000)
[2020-11-20T12:45:42.611+0000][gc,heap,exit  ]   region size 1024K, 30 young (30720K), 2 survivors (2048K)
[2020-11-20T12:45:42.611+0000][gc,heap,exit  ]  Metaspace       used 36725K, capacity 38426K, committed 38528K, reserved 1083392K
[2020-11-20T12:45:42.611+0000][gc,heap,exit  ]   class space    used 4404K, capacity 5192K, committed 5248K, reserved 1048576K
