[2020-12-06T10:25:52.519+0000][gc,heap] Heap region size: 1M
[2020-12-06T10:25:52.525+0000][gc     ] Using G1
[2020-12-06T10:25:52.525+0000][gc,heap,coops] Heap address: 0x00000000e0000000, size: 512 MB, Compressed Oops mode: 32-bit
[2020-12-06T10:25:52.525+0000][gc,cds       ] Mark closed archive regions in map: [0x00000000ffe00000, 0x00000000ffe6aff8]
[2020-12-06T10:25:52.525+0000][gc,cds       ] Mark open archive regions in map: [0x00000000ffc00000, 0x00000000ffc46ff8]
[2020-12-06T10:25:53.015+0000][gc,heap,exit ] Heap
[2020-12-06T10:25:53.015+0000][gc,heap,exit ]  garbage-first heap   total 524288K, used 19144K [0x00000000e0000000, 0x0000000100000000)
[2020-12-06T10:25:53.015+0000][gc,heap,exit ]   region size 1024K, 19 young (19456K), 0 survivors (0K)
[2020-12-06T10:25:53.015+0000][gc,heap,exit ]  Metaspace       used 6835K, capacity 7146K, committed 7424K, reserved 1056768K
[2020-12-06T10:25:53.015+0000][gc,heap,exit ]   class space    used 790K, capacity 917K, committed 1024K, reserved 1048576K
