[2020-12-06T10:32:14.027+0000][gc,heap] Heap region size: 1M
[2020-12-06T10:32:14.033+0000][gc     ] Using G1
[2020-12-06T10:32:14.033+0000][gc,heap,coops] Heap address: 0x00000000e0000000, size: 512 MB, Compressed Oops mode: 32-bit
[2020-12-06T10:32:14.034+0000][gc,cds       ] Mark closed archive regions in map: [0x00000000ffe00000, 0x00000000ffe6aff8]
[2020-12-06T10:32:14.034+0000][gc,cds       ] Mark open archive regions in map: [0x00000000ffc00000, 0x00000000ffc46ff8]
[2020-12-06T10:33:12.024+0000][gc,start     ] GC(0) Pause Young (Normal) (G1 Evacuation Pause)
[2020-12-06T10:33:12.025+0000][gc,task      ] GC(0) Using 8 workers of 8 for evacuation
[2020-12-06T10:33:12.032+0000][gc,phases    ] GC(0)   Pre Evacuate Collection Set: 0.0ms
[2020-12-06T10:33:12.032+0000][gc,phases    ] GC(0)   Evacuate Collection Set: 6.6ms
[2020-12-06T10:33:12.032+0000][gc,phases    ] GC(0)   Post Evacuate Collection Set: 0.5ms
[2020-12-06T10:33:12.032+0000][gc,phases    ] GC(0)   Other: 1.1ms
[2020-12-06T10:33:12.032+0000][gc,heap      ] GC(0) Eden regions: 25->0(21)
[2020-12-06T10:33:12.032+0000][gc,heap      ] GC(0) Survivor regions: 0->4(4)
[2020-12-06T10:33:12.032+0000][gc,heap      ] GC(0) Old regions: 2->4
[2020-12-06T10:33:12.032+0000][gc,heap      ] GC(0) Humongous regions: 0->0
[2020-12-06T10:33:12.032+0000][gc,metaspace ] GC(0) Metaspace: 7731K->7731K(1056768K)
[2020-12-06T10:33:12.032+0000][gc           ] GC(0) Pause Young (Normal) (G1 Evacuation Pause) 25M->5M(512M) 8.238ms
[2020-12-06T10:33:12.032+0000][gc,cpu       ] GC(0) User=0.06s Sys=0.00s Real=0.01s
[2020-12-06T18:02:50.505+0000][gc,start     ] GC(1) Pause Young (Normal) (G1 Evacuation Pause)
[2020-12-06T18:02:50.505+0000][gc,task      ] GC(1) Using 8 workers of 8 for evacuation
[2020-12-06T18:02:50.509+0000][gc,phases    ] GC(1)   Pre Evacuate Collection Set: 0.0ms
[2020-12-06T18:02:50.509+0000][gc,phases    ] GC(1)   Evacuate Collection Set: 3.9ms
[2020-12-06T18:02:50.509+0000][gc,phases    ] GC(1)   Post Evacuate Collection Set: 0.4ms
[2020-12-06T18:02:50.509+0000][gc,phases    ] GC(1)   Other: 0.2ms
[2020-12-06T18:02:50.509+0000][gc,heap      ] GC(1) Eden regions: 21->0(24)
[2020-12-06T18:02:50.509+0000][gc,heap      ] GC(1) Survivor regions: 4->1(4)
[2020-12-06T18:02:50.509+0000][gc,heap      ] GC(1) Old regions: 4->8
[2020-12-06T18:02:50.509+0000][gc,heap      ] GC(1) Humongous regions: 0->0
[2020-12-06T18:02:50.509+0000][gc,metaspace ] GC(1) Metaspace: 8355K->8355K(1056768K)
[2020-12-06T18:02:50.509+0000][gc           ] GC(1) Pause Young (Normal) (G1 Evacuation Pause) 26M->6M(512M) 4.775ms
[2020-12-06T18:02:50.509+0000][gc,cpu       ] GC(1) User=0.03s Sys=0.00s Real=0.01s
[2020-12-07T04:11:16.131+0000][gc,start     ] GC(2) Pause Young (Normal) (G1 Evacuation Pause)
[2020-12-07T04:11:16.131+0000][gc,task      ] GC(2) Using 8 workers of 8 for evacuation
[2020-12-07T04:11:16.132+0000][gc,phases    ] GC(2)   Pre Evacuate Collection Set: 0.0ms
[2020-12-07T04:11:16.132+0000][gc,phases    ] GC(2)   Evacuate Collection Set: 0.5ms
[2020-12-07T04:11:16.132+0000][gc,phases    ] GC(2)   Post Evacuate Collection Set: 0.4ms
[2020-12-07T04:11:16.132+0000][gc,phases    ] GC(2)   Other: 0.2ms
[2020-12-07T04:11:16.132+0000][gc,heap      ] GC(2) Eden regions: 24->0(24)
[2020-12-07T04:11:16.132+0000][gc,heap      ] GC(2) Survivor regions: 1->1(4)
[2020-12-07T04:11:16.132+0000][gc,heap      ] GC(2) Old regions: 8->8
[2020-12-07T04:11:16.132+0000][gc,heap      ] GC(2) Humongous regions: 0->0
[2020-12-07T04:11:16.132+0000][gc,metaspace ] GC(2) Metaspace: 8355K->8355K(1056768K)
[2020-12-07T04:11:16.132+0000][gc           ] GC(2) Pause Young (Normal) (G1 Evacuation Pause) 30M->6M(512M) 1.145ms
[2020-12-07T04:11:16.132+0000][gc,cpu       ] GC(2) User=0.00s Sys=0.00s Real=0.00s
[2020-12-07T14:26:40.492+0000][gc,start     ] GC(3) Pause Young (Normal) (G1 Evacuation Pause)
[2020-12-07T14:26:40.492+0000][gc,task      ] GC(3) Using 8 workers of 8 for evacuation
[2020-12-07T14:26:40.493+0000][gc,phases    ] GC(3)   Pre Evacuate Collection Set: 0.0ms
[2020-12-07T14:26:40.493+0000][gc,phases    ] GC(3)   Evacuate Collection Set: 0.5ms
[2020-12-07T14:26:40.493+0000][gc,phases    ] GC(3)   Post Evacuate Collection Set: 0.4ms
[2020-12-07T14:26:40.493+0000][gc,phases    ] GC(3)   Other: 0.2ms
[2020-12-07T14:26:40.493+0000][gc,heap      ] GC(3) Eden regions: 24->0(24)
[2020-12-07T14:26:40.493+0000][gc,heap      ] GC(3) Survivor regions: 1->1(4)
[2020-12-07T14:26:40.493+0000][gc,heap      ] GC(3) Old regions: 8->8
[2020-12-07T14:26:40.493+0000][gc,heap      ] GC(3) Humongous regions: 0->0
[2020-12-07T14:26:40.493+0000][gc,metaspace ] GC(3) Metaspace: 8394K->8394K(1056768K)
[2020-12-07T14:26:40.493+0000][gc           ] GC(3) Pause Young (Normal) (G1 Evacuation Pause) 30M->6M(512M) 1.187ms
[2020-12-07T14:26:40.494+0000][gc,cpu       ] GC(3) User=0.00s Sys=0.01s Real=0.00s
[2020-12-08T00:52:35.028+0000][gc,start     ] GC(4) Pause Young (Normal) (G1 Evacuation Pause)
[2020-12-08T00:52:35.028+0000][gc,task      ] GC(4) Using 8 workers of 8 for evacuation
[2020-12-08T00:52:35.028+0000][gc,phases    ] GC(4)   Pre Evacuate Collection Set: 0.0ms
[2020-12-08T00:52:35.028+0000][gc,phases    ] GC(4)   Evacuate Collection Set: 0.4ms
[2020-12-08T00:52:35.029+0000][gc,phases    ] GC(4)   Post Evacuate Collection Set: 0.4ms
[2020-12-08T00:52:35.029+0000][gc,phases    ] GC(4)   Other: 0.2ms
[2020-12-08T00:52:35.029+0000][gc,heap      ] GC(4) Eden regions: 24->0(28)
[2020-12-08T00:52:35.029+0000][gc,heap      ] GC(4) Survivor regions: 1->1(4)
[2020-12-08T00:52:35.029+0000][gc,heap      ] GC(4) Old regions: 8->8
[2020-12-08T00:52:35.029+0000][gc,heap      ] GC(4) Humongous regions: 0->0
[2020-12-08T00:52:35.029+0000][gc,metaspace ] GC(4) Metaspace: 8394K->8394K(1056768K)
[2020-12-08T00:52:35.029+0000][gc           ] GC(4) Pause Young (Normal) (G1 Evacuation Pause) 30M->6M(512M) 1.032ms
[2020-12-08T00:52:35.029+0000][gc,cpu       ] GC(4) User=0.01s Sys=0.00s Real=0.00s
[2020-12-08T13:22:36.127+0000][gc,start     ] GC(5) Pause Young (Normal) (G1 Evacuation Pause)
[2020-12-08T13:22:36.127+0000][gc,task      ] GC(5) Using 8 workers of 8 for evacuation
[2020-12-08T13:22:36.128+0000][gc,phases    ] GC(5)   Pre Evacuate Collection Set: 0.0ms
[2020-12-08T13:22:36.128+0000][gc,phases    ] GC(5)   Evacuate Collection Set: 0.3ms
[2020-12-08T13:22:36.128+0000][gc,phases    ] GC(5)   Post Evacuate Collection Set: 0.3ms
[2020-12-08T13:22:36.128+0000][gc,phases    ] GC(5)   Other: 0.2ms
[2020-12-08T13:22:36.128+0000][gc,heap      ] GC(5) Eden regions: 28->0(37)
[2020-12-08T13:22:36.128+0000][gc,heap      ] GC(5) Survivor regions: 1->1(4)
[2020-12-08T13:22:36.128+0000][gc,heap      ] GC(5) Old regions: 8->8
[2020-12-08T13:22:36.128+0000][gc,heap      ] GC(5) Humongous regions: 0->0
[2020-12-08T13:22:36.128+0000][gc,metaspace ] GC(5) Metaspace: 8397K->8397K(1056768K)
[2020-12-08T13:22:36.128+0000][gc           ] GC(5) Pause Young (Normal) (G1 Evacuation Pause) 34M->6M(512M) 1.013ms
[2020-12-08T13:22:36.128+0000][gc,cpu       ] GC(5) User=0.00s Sys=0.00s Real=0.00s
[2020-12-09T05:50:25.020+0000][gc,start     ] GC(6) Pause Young (Normal) (G1 Evacuation Pause)
[2020-12-09T05:50:25.020+0000][gc,task      ] GC(6) Using 8 workers of 8 for evacuation
[2020-12-09T05:50:25.021+0000][gc,phases    ] GC(6)   Pre Evacuate Collection Set: 0.0ms
[2020-12-09T05:50:25.021+0000][gc,phases    ] GC(6)   Evacuate Collection Set: 0.5ms
[2020-12-09T05:50:25.021+0000][gc,phases    ] GC(6)   Post Evacuate Collection Set: 0.4ms
[2020-12-09T05:50:25.021+0000][gc,phases    ] GC(6)   Other: 0.2ms
[2020-12-09T05:50:25.021+0000][gc,heap      ] GC(6) Eden regions: 37->0(54)
[2020-12-09T05:50:25.021+0000][gc,heap      ] GC(6) Survivor regions: 1->1(5)
[2020-12-09T05:50:25.021+0000][gc,heap      ] GC(6) Old regions: 8->8
[2020-12-09T05:50:25.021+0000][gc,heap      ] GC(6) Humongous regions: 0->0
[2020-12-09T05:50:25.021+0000][gc,metaspace ] GC(6) Metaspace: 8401K->8401K(1056768K)
[2020-12-09T05:50:25.021+0000][gc           ] GC(6) Pause Young (Normal) (G1 Evacuation Pause) 43M->6M(512M) 1.235ms
[2020-12-09T05:50:25.021+0000][gc,cpu       ] GC(6) User=0.00s Sys=0.00s Real=0.00s
[2020-12-10T05:57:59.995+0000][gc,start     ] GC(7) Pause Young (Normal) (G1 Evacuation Pause)
[2020-12-10T05:57:59.995+0000][gc,task      ] GC(7) Using 8 workers of 8 for evacuation
[2020-12-10T05:57:59.996+0000][gc,phases    ] GC(7)   Pre Evacuate Collection Set: 0.0ms
[2020-12-10T05:57:59.996+0000][gc,phases    ] GC(7)   Evacuate Collection Set: 0.5ms
[2020-12-10T05:57:59.996+0000][gc,phases    ] GC(7)   Post Evacuate Collection Set: 0.4ms
[2020-12-10T05:57:59.996+0000][gc,phases    ] GC(7)   Other: 0.2ms
[2020-12-10T05:57:59.996+0000][gc,heap      ] GC(7) Eden regions: 54->0(77)
[2020-12-10T05:57:59.996+0000][gc,heap      ] GC(7) Survivor regions: 1->1(7)
[2020-12-10T05:57:59.996+0000][gc,heap      ] GC(7) Old regions: 8->8
[2020-12-10T05:57:59.996+0000][gc,heap      ] GC(7) Humongous regions: 0->0
[2020-12-10T05:57:59.996+0000][gc,metaspace ] GC(7) Metaspace: 8402K->8402K(1056768K)
[2020-12-10T05:57:59.996+0000][gc           ] GC(7) Pause Young (Normal) (G1 Evacuation Pause) 60M->6M(512M) 1.204ms
[2020-12-10T05:57:59.996+0000][gc,cpu       ] GC(7) User=0.00s Sys=0.00s Real=0.00s
[2020-12-11T16:34:48.042+0000][gc,start     ] GC(8) Pause Young (Normal) (G1 Evacuation Pause)
[2020-12-11T16:34:48.042+0000][gc,task      ] GC(8) Using 8 workers of 8 for evacuation
[2020-12-11T16:34:48.043+0000][gc,phases    ] GC(8)   Pre Evacuate Collection Set: 0.0ms
[2020-12-11T16:34:48.043+0000][gc,phases    ] GC(8)   Evacuate Collection Set: 0.5ms
[2020-12-11T16:34:48.043+0000][gc,phases    ] GC(8)   Post Evacuate Collection Set: 0.4ms
[2020-12-11T16:34:48.043+0000][gc,phases    ] GC(8)   Other: 0.2ms
[2020-12-11T16:34:48.043+0000][gc,heap      ] GC(8) Eden regions: 77->0(108)
[2020-12-11T16:34:48.043+0000][gc,heap      ] GC(8) Survivor regions: 1->1(10)
[2020-12-11T16:34:48.043+0000][gc,heap      ] GC(8) Old regions: 8->8
[2020-12-11T16:34:48.043+0000][gc,heap      ] GC(8) Humongous regions: 0->0
[2020-12-11T16:34:48.043+0000][gc,metaspace ] GC(8) Metaspace: 8409K->8409K(1056768K)
[2020-12-11T16:34:48.043+0000][gc           ] GC(8) Pause Young (Normal) (G1 Evacuation Pause) 83M->6M(512M) 1.163ms
[2020-12-11T16:34:48.043+0000][gc,cpu       ] GC(8) User=0.00s Sys=0.00s Real=0.00s
[2020-12-13T16:59:14.577+0000][gc,start     ] GC(9) Pause Young (Normal) (G1 Evacuation Pause)
[2020-12-13T16:59:14.577+0000][gc,task      ] GC(9) Using 8 workers of 8 for evacuation
[2020-12-13T16:59:14.578+0000][gc,phases    ] GC(9)   Pre Evacuate Collection Set: 0.0ms
[2020-12-13T16:59:14.578+0000][gc,phases    ] GC(9)   Evacuate Collection Set: 0.9ms
[2020-12-13T16:59:14.578+0000][gc,phases    ] GC(9)   Post Evacuate Collection Set: 0.4ms
[2020-12-13T16:59:14.578+0000][gc,phases    ] GC(9)   Other: 0.2ms
[2020-12-13T16:59:14.578+0000][gc,heap      ] GC(9) Eden regions: 108->0(153)
[2020-12-13T16:59:14.578+0000][gc,heap      ] GC(9) Survivor regions: 1->1(14)
[2020-12-13T16:59:14.578+0000][gc,heap      ] GC(9) Old regions: 8->8
[2020-12-13T16:59:14.578+0000][gc,heap      ] GC(9) Humongous regions: 1->0
[2020-12-13T16:59:14.578+0000][gc,metaspace ] GC(9) Metaspace: 8514K->8514K(1056768K)
[2020-12-13T16:59:14.578+0000][gc           ] GC(9) Pause Young (Normal) (G1 Evacuation Pause) 115M->6M(512M) 1.697ms
[2020-12-13T16:59:14.578+0000][gc,cpu       ] GC(9) User=0.01s Sys=0.00s Real=0.01s
[2020-12-16T14:48:20.970+0000][gc,start     ] GC(10) Pause Young (Normal) (G1 Evacuation Pause)
[2020-12-16T14:48:20.970+0000][gc,task      ] GC(10) Using 8 workers of 8 for evacuation
[2020-12-16T14:48:20.972+0000][gc,phases    ] GC(10)   Pre Evacuate Collection Set: 0.0ms
[2020-12-16T14:48:20.972+0000][gc,phases    ] GC(10)   Evacuate Collection Set: 0.6ms
[2020-12-16T14:48:20.972+0000][gc,phases    ] GC(10)   Post Evacuate Collection Set: 0.6ms
[2020-12-16T14:48:20.972+0000][gc,phases    ] GC(10)   Other: 0.2ms
[2020-12-16T14:48:20.972+0000][gc,heap      ] GC(10) Eden regions: 153->0(170)
[2020-12-16T14:48:20.972+0000][gc,heap      ] GC(10) Survivor regions: 1->1(20)
[2020-12-16T14:48:20.972+0000][gc,heap      ] GC(10) Old regions: 8->8
[2020-12-16T14:48:20.972+0000][gc,heap      ] GC(10) Humongous regions: 0->0
[2020-12-16T14:48:20.972+0000][gc,metaspace ] GC(10) Metaspace: 8514K->8514K(1056768K)
[2020-12-16T14:48:20.972+0000][gc           ] GC(10) Pause Young (Normal) (G1 Evacuation Pause) 159M->6M(512M) 1.512ms
[2020-12-16T14:48:20.972+0000][gc,cpu       ] GC(10) User=0.00s Sys=0.00s Real=0.00s
[2020-12-19T19:54:54.396+0000][gc,start     ] GC(11) Pause Young (Normal) (G1 Evacuation Pause)
[2020-12-19T19:54:54.397+0000][gc,task      ] GC(11) Using 8 workers of 8 for evacuation
[2020-12-19T19:54:54.398+0000][gc,phases    ] GC(11)   Pre Evacuate Collection Set: 0.0ms
[2020-12-19T19:54:54.398+0000][gc,phases    ] GC(11)   Evacuate Collection Set: 0.6ms
[2020-12-19T19:54:54.398+0000][gc,phases    ] GC(11)   Post Evacuate Collection Set: 0.6ms
[2020-12-19T19:54:54.398+0000][gc,phases    ] GC(11)   Other: 0.2ms
[2020-12-19T19:54:54.398+0000][gc,heap      ] GC(11) Eden regions: 170->0(194)
[2020-12-19T19:54:54.398+0000][gc,heap      ] GC(11) Survivor regions: 1->1(22)
[2020-12-19T19:54:54.398+0000][gc,heap      ] GC(11) Old regions: 8->8
[2020-12-19T19:54:54.398+0000][gc,heap      ] GC(11) Humongous regions: 1->0
[2020-12-19T19:54:54.398+0000][gc,metaspace ] GC(11) Metaspace: 8554K->8554K(1056768K)
[2020-12-19T19:54:54.398+0000][gc           ] GC(11) Pause Young (Normal) (G1 Evacuation Pause) 177M->6M(512M) 1.530ms
[2020-12-19T19:54:54.398+0000][gc,cpu       ] GC(11) User=0.01s Sys=0.00s Real=0.01s
